MPLINK 5.00, LINKER
Linker Map File - Created Fri Mar 03 16:47:14 2023

                                 Section Info
                  Section       Type    Address   Location Size(Bytes)
                ---------  ---------  ---------  ---------  ---------
               _entry_scn       code   0x000000    program   0x000006
           .code___init.o       code   0x000006    program   0x000002
      InterruptVectorHigh       code   0x000008    program   0x000006
      .romdata_fxd2424u.o    romdata   0x00000e    program   0x000000
         .romdata_timer.o    romdata   0x00000e    program   0x000000
           .romdata_i2c.o    romdata   0x00000e    program   0x000000
      .romdata_fxd3232u.o    romdata   0x00000e    program   0x000000
     .romdata_interrupt.o    romdata   0x00000e    program   0x000000
     .idata_interrupt.o_i    romdata   0x00000e    program   0x000004
      .romdata_fxd1616u.o    romdata   0x00000e    program   0x000000
           .romdata_lcd.o    romdata   0x00000e    program   0x000000
       .romdata_fxm3232.o    romdata   0x00000e    program   0x000000
        .romdata_button.o    romdata   0x00000e    program   0x000000
        .romdata___init.o    romdata   0x00000e    program   0x000000
          .romdata_main.o    romdata   0x00000e    program   0x000000
      .romdata_fxd0808u.o    romdata   0x00000e    program   0x000000
         .romdata_c018i.o    romdata   0x00000e    program   0x000000
      .idata_fxd1616u.o_i    romdata   0x000012    program   0x000000
      .idata_fxd2424u.o_i    romdata   0x000012    program   0x000000
      .idata_fxd0808u.o_i    romdata   0x000012    program   0x000000
      .idata_fxd3232u.o_i    romdata   0x000012    program   0x000000
       .idata_fxm3232.o_i    romdata   0x000012    program   0x000000
        .idata___init.o_i    romdata   0x000012    program   0x000000
            .code_c018i.o       code   0x000012    program   0x000000
         .idata_c018i.o_i    romdata   0x000012    program   0x000000
       InterruptVectorLow       code   0x000018    program   0x000006
                   .cinit    romdata   0x00001e    program   0x00004a
             .code_main.o       code   0x000068    program   0x001716
              .code_lcd.o       code   0x00177e    program   0x000e20
           .code_button.o       code   0x00259e    program   0x000534
            .code_timer.o       code   0x002ad2    program   0x00051c
              .code_i2c.o       code   0x002fee    program   0x00023a
        .code_interrupt.o       code   0x003228    program   0x0001c4
             .stringtable    romdata   0x0033ec    program   0x0000ea
                     PROG       code   0x0034d6    program   0x0000a6
               _cinit_scn       code   0x00357c    program   0x00009e
          .code_fxm3232.o       code   0x00361a    program   0x000070
         .code_fxd3232u.o       code   0x00368a    program   0x000048
         .code_fxd2424u.o       code   0x0036d2    program   0x00003a
         .code_fxd1616u.o       code   0x00370c    program   0x00002c
                    .code       code   0x003738    program   0x000020
             _startup_scn       code   0x003758    program   0x00001c
         .code_fxd0808u.o       code   0x003774    program   0x00001c
         .idata_timer.o_i    romdata   0x003790    program   0x000020
          .idata_main.o_i    romdata   0x0037b0    program   0x000015
           .idata_lcd.o_i    romdata   0x0037c5    program   0x000061
           .idata_i2c.o_i    romdata   0x003826    program   0x00001b
        .idata_button.o_i    romdata   0x003841    program   0x000028
    .config_300001_main.o    romdata   0x300001    program   0x000001
    .config_300002_main.o    romdata   0x300002    program   0x000001
    .config_300003_main.o    romdata   0x300003    program   0x000001
    .config_300005_main.o    romdata   0x300005    program   0x000001
    .config_300006_main.o    romdata   0x300006    program   0x000001
    .config_300008_main.o    romdata   0x300008    program   0x000001
    .config_300009_main.o    romdata   0x300009    program   0x000001
    .config_30000a_main.o    romdata   0x30000a    program   0x000001
    .config_30000b_main.o    romdata   0x30000b    program   0x000001
    .config_30000c_main.o    romdata   0x30000c    program   0x000001
    .config_30000d_main.o    romdata   0x30000d    program   0x000001
                MATH_DATA      udata   0x000000       data   0x000010
                 .tmpdata      udata   0x000010       data   0x00000a
             .idata_lcd.o      idata   0x000080       data   0x000061
             .idata_i2c.o      idata   0x0000e1       data   0x00001b
             .udata_lcd.o      udata   0x0000fc       data   0x000004
                   .stack      udata   0x000e00       data   0x000100
          .idata_button.o      idata   0x000f00       data   0x000028
           .idata_timer.o      idata   0x000f28       data   0x000020
            .idata_main.o      idata   0x000f48       data   0x000015
           .udata_c018i.o      udata   0x000f5d       data   0x00000a
       .idata_interrupt.o      idata   0x000f67       data   0x000004
             .udata_i2c.o      udata   0x000f6b       data   0x000001
          .udata_button.o      udata   0x000f6c       data   0x000000
          .idata___init.o      idata   0x000f6c       data   0x000000
          .udata___init.o      udata   0x000f6c       data   0x000000
         .idata_fxm3232.o      idata   0x000f6c       data   0x000000
         .udata_fxm3232.o      udata   0x000f6c       data   0x000000
        .idata_fxd3232u.o      idata   0x000f6c       data   0x000000
        .udata_fxd3232u.o      udata   0x000f6c       data   0x000000
        .idata_fxd2424u.o      idata   0x000f6c       data   0x000000
        .udata_fxd2424u.o      udata   0x000f6c       data   0x000000
        .idata_fxd1616u.o      idata   0x000f6c       data   0x000000
        .udata_fxd1616u.o      udata   0x000f6c       data   0x000000
        .idata_fxd0808u.o      idata   0x000f6c       data   0x000000
        .udata_fxd0808u.o      udata   0x000f6c       data   0x000000
       .udata_interrupt.o      udata   0x000f6c       data   0x000000
            .udata_main.o      udata   0x000f6c       data   0x000000
           .idata_c018i.o      idata   0x000f6c       data   0x000000
           .udata_timer.o      udata   0x000f6c       data   0x000000
            SFR_UNBANKED0      udata   0x000f80       data   0x000080



                              Program Memory Usage 
                               Start         End      
                           ---------   ---------      
                            0x000000    0x000011      
                            0x000018    0x003868      
                            0x300001    0x300003      
                            0x300005    0x300006      
                            0x300008    0x30000d      
            14446 out of 66584 program addresses used, program memory utilization is 21%



                              Symbols - Sorted by Name
                     Name    Address   Location    Storage File                     
                ---------  ---------  ---------  --------- ---------                
                    Alarm   0x0013ce    program     extern D:\PICKIT\SMART_CLOCK\SMART_CLOCK\main.c
                  BCD2Dec   0x002fee    program     extern D:\PICKIT\SMART_CLOCK\SMART_CLOCK\i2c\i2c.c
                   D1616S   0x0034f8    program     static E:\3.46\pic18-lt\cxx-framework\src\traditional\math\fxd1616s.asm
                D1616SNEG   0x003506    program     static E:\3.46\pic18-lt\cxx-framework\src\traditional\math\fxd1616s.asm
                 D1616SOK   0x003502    program     static E:\3.46\pic18-lt\cxx-framework\src\traditional\math\fxd1616s.asm
                  D1616SX   0x003518    program     static E:\3.46\pic18-lt\cxx-framework\src\traditional\math\fxd1616s.asm
                   D2424S   0x00354c    program     static E:\3.46\pic18-lt\cxx-framework\src\traditional\math\fxd2424s.asm
                D2424SNEG   0x00355a    program     static E:\3.46\pic18-lt\cxx-framework\src\traditional\math\fxd2424s.asm
                 D2424SOK   0x003556    program     static E:\3.46\pic18-lt\cxx-framework\src\traditional\math\fxd2424s.asm
                  D2424SX   0x003572    program     static E:\3.46\pic18-lt\cxx-framework\src\traditional\math\fxd2424s.asm
                  DA1616S   0x0034e8    program     static E:\3.46\pic18-lt\cxx-framework\src\traditional\math\fxd1616s.asm
                  DA2424S   0x003538    program     static E:\3.46\pic18-lt\cxx-framework\src\traditional\math\fxd2424s.asm
                  Dec2BCD   0x00302c    program     extern D:\PICKIT\SMART_CLOCK\SMART_CLOCK\i2c\i2c.c
         DisplayAlarmTime   0x000a2e    program     extern D:\PICKIT\SMART_CLOCK\SMART_CLOCK\main.c
         DisplayLcdScreen   0x0020bc    program     extern D:\PICKIT\SMART_CLOCK\SMART_CLOCK\lcd\lcd.c
        DisplayLcdScreen2   0x0021b4    program     extern D:\PICKIT\SMART_CLOCK\SMART_CLOCK\lcd\lcd.c
      DisplayLcdScreenOld   0x00223a    program     extern D:\PICKIT\SMART_CLOCK\SMART_CLOCK\lcd\lcd.c
              DisplayTime   0x000326    program     extern D:\PICKIT\SMART_CLOCK\SMART_CLOCK\main.c
         DisplayWorldTime   0x000712    program     extern D:\PICKIT\SMART_CLOCK\SMART_CLOCK\main.c
                 FXD0808U   0x003774    program     extern E:\3.46\pic18-lt\cxx-framework\src\traditional\math\fxd0808u.c
                 FXD1616S   0x0034d6    program     extern E:\3.46\pic18-lt\cxx-framework\src\traditional\math\fxd1616s.asm
                 FXD1616U   0x00370c    program     extern E:\3.46\pic18-lt\cxx-framework\src\traditional\math\fxd1616u.c
                 FXD2424S   0x003522    program     extern E:\3.46\pic18-lt\cxx-framework\src\traditional\math\fxd2424s.asm
                 FXD2424U   0x0036d2    program     extern E:\3.46\pic18-lt\cxx-framework\src\traditional\math\fxd2424u.c
                 FXD3232U   0x00368a    program     extern E:\3.46\pic18-lt\cxx-framework\src\traditional\math\fxd3232u.c
                  FXM3232   0x00361a    program     extern E:\3.46\pic18-lt\cxx-framework\src\traditional\math\fxm3232.c
      InterruptVectorHigh   0x000008    program     extern D:\PICKIT\SMART_CLOCK\SMART_CLOCK\interrupt\interrupt.c
       InterruptVectorLow   0x000018    program     extern D:\PICKIT\SMART_CLOCK\SMART_CLOCK\interrupt\interrupt.c
                LcdClearS   0x00205e    program     extern D:\PICKIT\SMART_CLOCK\SMART_CLOCK\lcd\lcd.c
            LcdPrintCharS   0x0022a4    program     extern D:\PICKIT\SMART_CLOCK\SMART_CLOCK\lcd\lcd.c
              LcdPrintNum   0x001f9c    program     extern D:\PICKIT\SMART_CLOCK\SMART_CLOCK\lcd\lcd.c
             LcdPrintNumS   0x0022fa    program     extern D:\PICKIT\SMART_CLOCK\SMART_CLOCK\lcd\lcd.c
           LcdPrintString   0x001fe4    program     extern D:\PICKIT\SMART_CLOCK\SMART_CLOCK\lcd\lcd.c
          LcdPrintStringS   0x002548    program     extern D:\PICKIT\SMART_CLOCK\SMART_CLOCK\lcd\lcd.c
       ReadDataFromDS1307   0x0002fa    program     extern D:\PICKIT\SMART_CLOCK\SMART_CLOCK\main.c
              Read_DS1307   0x00320e    program     extern D:\PICKIT\SMART_CLOCK\SMART_CLOCK\i2c\i2c.c
             SetTimer0_ms   0x002f4e    program     extern D:\PICKIT\SMART_CLOCK\SMART_CLOCK\timer\timer.c
             SetTimer1_ms   0x002f72    program     extern D:\PICKIT\SMART_CLOCK\SMART_CLOCK\timer\timer.c
             SetTimer3_ms   0x002fb0    program     extern D:\PICKIT\SMART_CLOCK\SMART_CLOCK\timer\timer.c
               SetUpAlarm   0x00118a    program     extern D:\PICKIT\SMART_CLOCK\SMART_CLOCK\main.c
                SetUpTime   0x000b8e    program     extern D:\PICKIT\SMART_CLOCK\SMART_CLOCK\main.c
     SetupForFirstProgram   0x0002a0    program     extern D:\PICKIT\SMART_CLOCK\SMART_CLOCK\main.c
     SetupTimeForRealTime   0x00021c    program     extern D:\PICKIT\SMART_CLOCK\SMART_CLOCK\main.c
                WorldTime   0x001438    program     extern D:\PICKIT\SMART_CLOCK\SMART_CLOCK\main.c
             Write_DS1307   0x0031ec    program     extern D:\PICKIT\SMART_CLOCK\SMART_CLOCK\i2c\i2c.c
       ___return_lbl00000   0x003688    program     static                          
       ___return_lbl00000   0x000004    program     static                          
       ___return_lbl00000   0x0036d0    program     static                          
       ___return_lbl00000   0x00370a    program     static                          
       ___return_lbl00000   0x003736    program     static                          
       ___return_lbl00000   0x00378e    program     static                          
       ___return_lbl00001   0x003772    program     static                          
       ___return_lbl00002   0x003618    program     static                          
       ___return_lbl00002   0x00001c    program     static                          
       ___return_lbl00003   0x00000c    program     static                          
               __config_0   0x300001    program     static D:\PICKIT\SMART_CLOCK\SMART_CLOCK\main.c
               __config_1   0x300002    program     static D:\PICKIT\SMART_CLOCK\SMART_CLOCK\main.c
              __config_10   0x30000d    program     static D:\PICKIT\SMART_CLOCK\SMART_CLOCK\main.c
               __config_2   0x300003    program     static D:\PICKIT\SMART_CLOCK\SMART_CLOCK\main.c
               __config_3   0x300005    program     static D:\PICKIT\SMART_CLOCK\SMART_CLOCK\main.c
               __config_4   0x300006    program     static D:\PICKIT\SMART_CLOCK\SMART_CLOCK\main.c
               __config_5   0x300008    program     static D:\PICKIT\SMART_CLOCK\SMART_CLOCK\main.c
               __config_6   0x300009    program     static D:\PICKIT\SMART_CLOCK\SMART_CLOCK\main.c
               __config_7   0x30000a    program     static D:\PICKIT\SMART_CLOCK\SMART_CLOCK\main.c
               __config_8   0x30000b    program     static D:\PICKIT\SMART_CLOCK\SMART_CLOCK\main.c
               __config_9   0x30000c    program     static D:\PICKIT\SMART_CLOCK\SMART_CLOCK\main.c
                   __init   0x000006    program     extern E:\3.46\pic18-lt\cxx-framework\src\traditional\stdclib\__init.c
               __string_0   0x0034ca    program     static D:\PICKIT\SMART_CLOCK\SMART_CLOCK\main.c
               __string_1   0x0034c6    program     static D:\PICKIT\SMART_CLOCK\SMART_CLOCK\main.c
              __string_10   0x0034a2    program     static D:\PICKIT\SMART_CLOCK\SMART_CLOCK\main.c
              __string_11   0x00349e    program     static D:\PICKIT\SMART_CLOCK\SMART_CLOCK\main.c
              __string_12   0x00349a    program     static D:\PICKIT\SMART_CLOCK\SMART_CLOCK\main.c
              __string_13   0x003496    program     static D:\PICKIT\SMART_CLOCK\SMART_CLOCK\main.c
              __string_14   0x003492    program     static D:\PICKIT\SMART_CLOCK\SMART_CLOCK\main.c
              __string_15   0x00348e    program     static D:\PICKIT\SMART_CLOCK\SMART_CLOCK\main.c
              __string_16   0x00348a    program     static D:\PICKIT\SMART_CLOCK\SMART_CLOCK\main.c
              __string_17   0x003486    program     static D:\PICKIT\SMART_CLOCK\SMART_CLOCK\main.c
              __string_18   0x003482    program     static D:\PICKIT\SMART_CLOCK\SMART_CLOCK\main.c
              __string_19   0x00347e    program     static D:\PICKIT\SMART_CLOCK\SMART_CLOCK\main.c
               __string_2   0x0034c2    program     static D:\PICKIT\SMART_CLOCK\SMART_CLOCK\main.c
              __string_20   0x00347c    program     static D:\PICKIT\SMART_CLOCK\SMART_CLOCK\main.c
              __string_21   0x00347a    program     static D:\PICKIT\SMART_CLOCK\SMART_CLOCK\main.c
              __string_22   0x003476    program     static D:\PICKIT\SMART_CLOCK\SMART_CLOCK\main.c
              __string_23   0x003473    program     static D:\PICKIT\SMART_CLOCK\SMART_CLOCK\main.c
              __string_24   0x00346b    program     static D:\PICKIT\SMART_CLOCK\SMART_CLOCK\main.c
              __string_25   0x003465    program     static D:\PICKIT\SMART_CLOCK\SMART_CLOCK\main.c
              __string_26   0x00345e    program     static D:\PICKIT\SMART_CLOCK\SMART_CLOCK\main.c
              __string_27   0x003452    program     static D:\PICKIT\SMART_CLOCK\SMART_CLOCK\main.c
              __string_28   0x003445    program     static D:\PICKIT\SMART_CLOCK\SMART_CLOCK\main.c
              __string_29   0x003443    program     static D:\PICKIT\SMART_CLOCK\SMART_CLOCK\main.c
               __string_3   0x0034be    program     static D:\PICKIT\SMART_CLOCK\SMART_CLOCK\main.c
              __string_30   0x003436    program     static D:\PICKIT\SMART_CLOCK\SMART_CLOCK\main.c
              __string_31   0x003427    program     static D:\PICKIT\SMART_CLOCK\SMART_CLOCK\main.c
              __string_32   0x003424    program     static D:\PICKIT\SMART_CLOCK\SMART_CLOCK\main.c
              __string_33   0x003420    program     static D:\PICKIT\SMART_CLOCK\SMART_CLOCK\main.c
              __string_34   0x00341b    program     static D:\PICKIT\SMART_CLOCK\SMART_CLOCK\main.c
              __string_35   0x003411    program     static D:\PICKIT\SMART_CLOCK\SMART_CLOCK\main.c
              __string_36   0x003403    program     static D:\PICKIT\SMART_CLOCK\SMART_CLOCK\main.c
              __string_37   0x0033f8    program     static D:\PICKIT\SMART_CLOCK\SMART_CLOCK\main.c
              __string_38   0x0033ec    program     static D:\PICKIT\SMART_CLOCK\SMART_CLOCK\main.c
               __string_4   0x0034ba    program     static D:\PICKIT\SMART_CLOCK\SMART_CLOCK\main.c
               __string_5   0x0034b6    program     static D:\PICKIT\SMART_CLOCK\SMART_CLOCK\main.c
               __string_6   0x0034b2    program     static D:\PICKIT\SMART_CLOCK\SMART_CLOCK\main.c
               __string_7   0x0034ae    program     static D:\PICKIT\SMART_CLOCK\SMART_CLOCK\main.c
               __string_8   0x0034aa    program     static D:\PICKIT\SMART_CLOCK\SMART_CLOCK\main.c
               __string_9   0x0034a6    program     static D:\PICKIT\SMART_CLOCK\SMART_CLOCK\main.c
            __zero_memory   0x003738    program     extern E:\3.46\pic18-lt\cxx-framework\src\traditional\proc\p18f4620.asm
                _do_cinit   0x00357c    program     extern E:\3.46\pic18-lt\cxx-framework\src\traditional\startup\c018i.c
                   _entry   0x000000    program     extern E:\3.46\pic18-lt\cxx-framework\src\traditional\startup\c018i.c
                   _false   0x0036cc    program     static                          
                   _false   0x003706    program     static                          
                 _startup   0x003758    program     extern E:\3.46\pic18-lt\cxx-framework\src\traditional\startup\c018i.c
          button_delay_ms   0x00285c    program     extern D:\PICKIT\SMART_CLOCK\SMART_CLOCK\button_matrix\button.c
                compare_l   0x00374e    program     static E:\3.46\pic18-lt\cxx-framework\src\traditional\proc\p18f4620.asm
                copy_loop   0x0035ee    program     static                          
            copy_one_byte   0x0035f4    program     static                          
                 delay_ms   0x000118    program     extern D:\PICKIT\SMART_CLOCK\SMART_CLOCK\main.c
                     done   0x003618    program     static                          
             done_copying   0x003602    program     static                          
                  endloop   0x00378a    program     static                          
                  endloop   0x003732    program     static                          
                 high_isr   0x00331c    program     extern D:\PICKIT\SMART_CLOCK\SMART_CLOCK\interrupt\interrupt.c
                  i2c_ack   0x0030f4    program     extern D:\PICKIT\SMART_CLOCK\SMART_CLOCK\i2c\i2c.c
              i2c_control   0x00309a    program     extern D:\PICKIT\SMART_CLOCK\SMART_CLOCK\i2c\i2c.c
                  i2c_nak   0x003100    program     extern D:\PICKIT\SMART_CLOCK\SMART_CLOCK\i2c\i2c.c
                 i2c_read   0x0030e8    program     extern D:\PICKIT\SMART_CLOCK\SMART_CLOCK\i2c\i2c.c
                i2c_start   0x0030b8    program     extern D:\PICKIT\SMART_CLOCK\SMART_CLOCK\i2c\i2c.c
                 i2c_stop   0x0030c2    program     extern D:\PICKIT\SMART_CLOCK\SMART_CLOCK\i2c\i2c.c
                i2c_write   0x0030cc    program     extern D:\PICKIT\SMART_CLOCK\SMART_CLOCK\i2c\i2c.c
            init_ext_int0   0x003230    program     extern D:\PICKIT\SMART_CLOCK\SMART_CLOCK\interrupt\interrupt.c
                 init_i2c   0x003082    program     extern D:\PICKIT\SMART_CLOCK\SMART_CLOCK\i2c\i2c.c
           init_interrupt   0x003228    program     extern D:\PICKIT\SMART_CLOCK\SMART_CLOCK\interrupt\interrupt.c
          init_key_matrix   0x00259e    program     extern D:\PICKIT\SMART_CLOCK\SMART_CLOCK\button_matrix\button.c
init_key_matrix_with_uart_i2c   0x0025a6    program     extern D:\PICKIT\SMART_CLOCK\SMART_CLOCK\button_matrix\button.c
                 init_lcd   0x00191e    program     extern D:\PICKIT\SMART_CLOCK\SMART_CLOCK\lcd\lcd.c
              init_system   0x0001a0    program     extern D:\PICKIT\SMART_CLOCK\SMART_CLOCK\main.c
              init_timer0   0x002ad2    program     extern D:\PICKIT\SMART_CLOCK\SMART_CLOCK\timer\timer.c
              init_timer1   0x002c16    program     extern D:\PICKIT\SMART_CLOCK\SMART_CLOCK\timer\timer.c
              init_timer2   0x002d60    program     extern D:\PICKIT\SMART_CLOCK\SMART_CLOCK\timer\timer.c
              init_timer3   0x002d98    program     extern D:\PICKIT\SMART_CLOCK\SMART_CLOCK\timer\timer.c
         isButtonDecrease   0x002a8e    program     extern D:\PICKIT\SMART_CLOCK\SMART_CLOCK\button_matrix\button.c
            isButtonEnter   0x002a2a    program     extern D:\PICKIT\SMART_CLOCK\SMART_CLOCK\button_matrix\button.c
        isButtonEnterHold   0x002a3a    program     extern D:\PICKIT\SMART_CLOCK\SMART_CLOCK\button_matrix\button.c
         isButtonIncrease   0x002a4a    program     extern D:\PICKIT\SMART_CLOCK\SMART_CLOCK\button_matrix\button.c
             isButtonMode   0x002a0a    program     extern D:\PICKIT\SMART_CLOCK\SMART_CLOCK\button_matrix\button.c
         isButtonModeHold   0x002a1a    program     extern D:\PICKIT\SMART_CLOCK\SMART_CLOCK\button_matrix\button.c
                lcd_clear   0x001c70    program     extern D:\PICKIT\SMART_CLOCK\SMART_CLOCK\lcd\lcd.c
                lcd_delay   0x00177e    program     extern D:\PICKIT\SMART_CLOCK\SMART_CLOCK\lcd\lcd.c
             lcd_power_of   0x001c84    program     extern D:\PICKIT\SMART_CLOCK\SMART_CLOCK\lcd\lcd.c
           lcd_print_char   0x001bdc    program     extern D:\PICKIT\SMART_CLOCK\SMART_CLOCK\lcd\lcd.c
          lcd_print_charS   0x002018    program     extern D:\PICKIT\SMART_CLOCK\SMART_CLOCK\lcd\lcd.c
            lcd_print_num   0x001d66    program     extern D:\PICKIT\SMART_CLOCK\SMART_CLOCK\lcd\lcd.c
            lcd_print_str   0x001bf6    program     extern D:\PICKIT\SMART_CLOCK\SMART_CLOCK\lcd\lcd.c
              lcd_putchar   0x001bc2    program     extern D:\PICKIT\SMART_CLOCK\SMART_CLOCK\lcd\lcd.c
          lcd_read_status   0x001a2c    program     extern D:\PICKIT\SMART_CLOCK\SMART_CLOCK\lcd\lcd.c
          lcd_sendCommand   0x00189e    program     extern D:\PICKIT\SMART_CLOCK\SMART_CLOCK\lcd\lcd.c
           lcd_set_cursor   0x001c36    program     extern D:\PICKIT\SMART_CLOCK\SMART_CLOCK\lcd\lcd.c
            lcd_wait_busy   0x001ae2    program     extern D:\PICKIT\SMART_CLOCK\SMART_CLOCK\lcd\lcd.c
          lcd_write_4bits   0x001b02    program     extern D:\PICKIT\SMART_CLOCK\SMART_CLOCK\lcd\lcd.c
            lcd_write_cmd   0x001b48    program     extern D:\PICKIT\SMART_CLOCK\SMART_CLOCK\lcd\lcd.c
           lcd_write_data   0x001b84    program     extern D:\PICKIT\SMART_CLOCK\SMART_CLOCK\lcd\lcd.c
                     loop   0x003768    program     static                          
                     loop   0x00377c    program     static                          
                     loop   0x003698    program     static                          
                     loop   0x0036de    program     static                          
                     loop   0x003716    program     static                          
                   loop_h   0x003746    program     static E:\3.46\pic18-lt\cxx-framework\src\traditional\proc\p18f4620.asm
                   loop_l   0x003750    program     static E:\3.46\pic18-lt\cxx-framework\src\traditional\proc\p18f4620.asm
                  low_isr   0x003238    program     extern D:\PICKIT\SMART_CLOCK\SMART_CLOCK\interrupt\interrupt.c
                     main   0x000068    program     extern D:\PICKIT\SMART_CLOCK\SMART_CLOCK\main.c
              read_ds1307   0x003176    program     extern D:\PICKIT\SMART_CLOCK\SMART_CLOCK\i2c\i2c.c
          scan_key_matrix   0x0025b6    program     extern D:\PICKIT\SMART_CLOCK\SMART_CLOCK\button_matrix\button.c
     scan_key_matrix_demo   0x0028e4    program     extern D:\PICKIT\SMART_CLOCK\SMART_CLOCK\button_matrix\button.c
scan_key_matrix_with_uart_i2c   0x002714    program     extern D:\PICKIT\SMART_CLOCK\SMART_CLOCK\button_matrix\button.c
             start_timer0   0x002b8a    program     extern D:\PICKIT\SMART_CLOCK\SMART_CLOCK\timer\timer.c
             start_timer1   0x002cd0    program     extern D:\PICKIT\SMART_CLOCK\SMART_CLOCK\timer\timer.c
             start_timer2   0x002d8c    program     extern D:\PICKIT\SMART_CLOCK\SMART_CLOCK\timer\timer.c
             start_timer3   0x002e4e    program     extern D:\PICKIT\SMART_CLOCK\SMART_CLOCK\timer\timer.c
              stop_timer0   0x002b86    program     extern D:\PICKIT\SMART_CLOCK\SMART_CLOCK\timer\timer.c
              stop_timer1   0x002d5c    program     extern D:\PICKIT\SMART_CLOCK\SMART_CLOCK\timer\timer.c
              stop_timer2   0x002d94    program     extern D:\PICKIT\SMART_CLOCK\SMART_CLOCK\timer\timer.c
              stop_timer3   0x002eda    program     extern D:\PICKIT\SMART_CLOCK\SMART_CLOCK\timer\timer.c
                     test   0x003596    program     static                          
               timer0_isr   0x002ede    program     extern D:\PICKIT\SMART_CLOCK\SMART_CLOCK\timer\timer.c
               timer1_isr   0x002efa    program     extern D:\PICKIT\SMART_CLOCK\SMART_CLOCK\timer\timer.c
               timer2_isr   0x002f16    program     extern D:\PICKIT\SMART_CLOCK\SMART_CLOCK\timer\timer.c
               timer3_isr   0x002f32    program     extern D:\PICKIT\SMART_CLOCK\SMART_CLOCK\timer\timer.c
                 v_timer0   0x00180e    program     extern D:\PICKIT\SMART_CLOCK\SMART_CLOCK\lcd\lcd.c
             write_ds1307   0x00310c    program     extern D:\PICKIT\SMART_CLOCK\SMART_CLOCK\i2c\i2c.c
               zero_block   0x003746    program     static E:\3.46\pic18-lt\cxx-framework\src\traditional\proc\p18f4620.asm
                   ADCON0   0x000fc2       data     extern E:\3.46\pic18-lt\cxx-framework\src\traditional\proc\p18f4620.asm
               ADCON0bits   0x000fc2       data     extern E:\3.46\pic18-lt\cxx-framework\src\traditional\proc\p18f4620.asm
                   ADCON1   0x000fc1       data     extern E:\3.46\pic18-lt\cxx-framework\src\traditional\proc\p18f4620.asm
               ADCON1bits   0x000fc1       data     extern E:\3.46\pic18-lt\cxx-framework\src\traditional\proc\p18f4620.asm
                   ADCON2   0x000fc0       data     extern E:\3.46\pic18-lt\cxx-framework\src\traditional\proc\p18f4620.asm
               ADCON2bits   0x000fc0       data     extern E:\3.46\pic18-lt\cxx-framework\src\traditional\proc\p18f4620.asm
                    ADRES   0x000fc3       data     extern E:\3.46\pic18-lt\cxx-framework\src\traditional\proc\p18f4620.asm
                   ADRESH   0x000fc4       data     extern E:\3.46\pic18-lt\cxx-framework\src\traditional\proc\p18f4620.asm
                   ADRESL   0x000fc3       data     extern E:\3.46\pic18-lt\cxx-framework\src\traditional\proc\p18f4620.asm
                  BAUDCON   0x000fb8       data     extern E:\3.46\pic18-lt\cxx-framework\src\traditional\proc\p18f4620.asm
              BAUDCONbits   0x000fb8       data     extern E:\3.46\pic18-lt\cxx-framework\src\traditional\proc\p18f4620.asm
                  BAUDCTL   0x000fb8       data     extern E:\3.46\pic18-lt\cxx-framework\src\traditional\proc\p18f4620.asm
              BAUDCTLbits   0x000fb8       data     extern E:\3.46\pic18-lt\cxx-framework\src\traditional\proc\p18f4620.asm
                      BSR   0x000fe0       data     extern E:\3.46\pic18-lt\cxx-framework\src\traditional\proc\p18f4620.asm
                  CCP1CON   0x000fbd       data     extern E:\3.46\pic18-lt\cxx-framework\src\traditional\proc\p18f4620.asm
              CCP1CONbits   0x000fbd       data     extern E:\3.46\pic18-lt\cxx-framework\src\traditional\proc\p18f4620.asm
                  CCP2CON   0x000fba       data     extern E:\3.46\pic18-lt\cxx-framework\src\traditional\proc\p18f4620.asm
              CCP2CONbits   0x000fba       data     extern E:\3.46\pic18-lt\cxx-framework\src\traditional\proc\p18f4620.asm
                    CCPR1   0x000fbe       data     extern E:\3.46\pic18-lt\cxx-framework\src\traditional\proc\p18f4620.asm
                   CCPR1H   0x000fbf       data     extern E:\3.46\pic18-lt\cxx-framework\src\traditional\proc\p18f4620.asm
                   CCPR1L   0x000fbe       data     extern E:\3.46\pic18-lt\cxx-framework\src\traditional\proc\p18f4620.asm
                    CCPR2   0x000fbb       data     extern E:\3.46\pic18-lt\cxx-framework\src\traditional\proc\p18f4620.asm
                   CCPR2H   0x000fbc       data     extern E:\3.46\pic18-lt\cxx-framework\src\traditional\proc\p18f4620.asm
                   CCPR2L   0x000fbb       data     extern E:\3.46\pic18-lt\cxx-framework\src\traditional\proc\p18f4620.asm
                    CMCON   0x000fb4       data     extern E:\3.46\pic18-lt\cxx-framework\src\traditional\proc\p18f4620.asm
                CMCONbits   0x000fb4       data     extern E:\3.46\pic18-lt\cxx-framework\src\traditional\proc\p18f4620.asm
                   CVRCON   0x000fb5       data     extern E:\3.46\pic18-lt\cxx-framework\src\traditional\proc\p18f4620.asm
               CVRCONbits   0x000fb5       data     extern E:\3.46\pic18-lt\cxx-framework\src\traditional\proc\p18f4620.asm
                     DDRA   0x000f92       data     extern E:\3.46\pic18-lt\cxx-framework\src\traditional\proc\p18f4620.asm
                 DDRAbits   0x000f92       data     extern E:\3.46\pic18-lt\cxx-framework\src\traditional\proc\p18f4620.asm
                     DDRB   0x000f93       data     extern E:\3.46\pic18-lt\cxx-framework\src\traditional\proc\p18f4620.asm
                 DDRBbits   0x000f93       data     extern E:\3.46\pic18-lt\cxx-framework\src\traditional\proc\p18f4620.asm
                     DDRC   0x000f94       data     extern E:\3.46\pic18-lt\cxx-framework\src\traditional\proc\p18f4620.asm
                 DDRCbits   0x000f94       data     extern E:\3.46\pic18-lt\cxx-framework\src\traditional\proc\p18f4620.asm
                     DDRD   0x000f95       data     extern E:\3.46\pic18-lt\cxx-framework\src\traditional\proc\p18f4620.asm
                 DDRDbits   0x000f95       data     extern E:\3.46\pic18-lt\cxx-framework\src\traditional\proc\p18f4620.asm
                     DDRE   0x000f96       data     extern E:\3.46\pic18-lt\cxx-framework\src\traditional\proc\p18f4620.asm
                 DDREbits   0x000f96       data     extern E:\3.46\pic18-lt\cxx-framework\src\traditional\proc\p18f4620.asm
                  ECCP1AS   0x000fb6       data     extern E:\3.46\pic18-lt\cxx-framework\src\traditional\proc\p18f4620.asm
              ECCP1ASbits   0x000fb6       data     extern E:\3.46\pic18-lt\cxx-framework\src\traditional\proc\p18f4620.asm
                    EEADR   0x000fa9       data     extern E:\3.46\pic18-lt\cxx-framework\src\traditional\proc\p18f4620.asm
                   EEADRH   0x000faa       data     extern E:\3.46\pic18-lt\cxx-framework\src\traditional\proc\p18f4620.asm
                   EECON1   0x000fa6       data     extern E:\3.46\pic18-lt\cxx-framework\src\traditional\proc\p18f4620.asm
               EECON1bits   0x000fa6       data     extern E:\3.46\pic18-lt\cxx-framework\src\traditional\proc\p18f4620.asm
                   EECON2   0x000fa7       data     extern E:\3.46\pic18-lt\cxx-framework\src\traditional\proc\p18f4620.asm
                   EEDATA   0x000fa8       data     extern E:\3.46\pic18-lt\cxx-framework\src\traditional\proc\p18f4620.asm
                     FSR0   0x000fe9       data     extern E:\3.46\pic18-lt\cxx-framework\src\traditional\proc\p18f4620.asm
                    FSR0H   0x000fea       data     extern E:\3.46\pic18-lt\cxx-framework\src\traditional\proc\p18f4620.asm
                    FSR0L   0x000fe9       data     extern E:\3.46\pic18-lt\cxx-framework\src\traditional\proc\p18f4620.asm
                     FSR1   0x000fe1       data     extern E:\3.46\pic18-lt\cxx-framework\src\traditional\proc\p18f4620.asm
                    FSR1H   0x000fe2       data     extern E:\3.46\pic18-lt\cxx-framework\src\traditional\proc\p18f4620.asm
                    FSR1L   0x000fe1       data     extern E:\3.46\pic18-lt\cxx-framework\src\traditional\proc\p18f4620.asm
                     FSR2   0x000fd9       data     extern E:\3.46\pic18-lt\cxx-framework\src\traditional\proc\p18f4620.asm
                    FSR2H   0x000fda       data     extern E:\3.46\pic18-lt\cxx-framework\src\traditional\proc\p18f4620.asm
                    FSR2L   0x000fd9       data     extern E:\3.46\pic18-lt\cxx-framework\src\traditional\proc\p18f4620.asm
                  HLVDCON   0x000fd2       data     extern E:\3.46\pic18-lt\cxx-framework\src\traditional\proc\p18f4620.asm
              HLVDCONbits   0x000fd2       data     extern E:\3.46\pic18-lt\cxx-framework\src\traditional\proc\p18f4620.asm
                    INDF0   0x000fef       data     extern E:\3.46\pic18-lt\cxx-framework\src\traditional\proc\p18f4620.asm
                    INDF1   0x000fe7       data     extern E:\3.46\pic18-lt\cxx-framework\src\traditional\proc\p18f4620.asm
                    INDF2   0x000fdf       data     extern E:\3.46\pic18-lt\cxx-framework\src\traditional\proc\p18f4620.asm
                   INTCON   0x000ff2       data     extern E:\3.46\pic18-lt\cxx-framework\src\traditional\proc\p18f4620.asm
                  INTCON2   0x000ff1       data     extern E:\3.46\pic18-lt\cxx-framework\src\traditional\proc\p18f4620.asm
              INTCON2bits   0x000ff1       data     extern E:\3.46\pic18-lt\cxx-framework\src\traditional\proc\p18f4620.asm
                  INTCON3   0x000ff0       data     extern E:\3.46\pic18-lt\cxx-framework\src\traditional\proc\p18f4620.asm
              INTCON3bits   0x000ff0       data     extern E:\3.46\pic18-lt\cxx-framework\src\traditional\proc\p18f4620.asm
               INTCONbits   0x000ff2       data     extern E:\3.46\pic18-lt\cxx-framework\src\traditional\proc\p18f4620.asm
                     IPR1   0x000f9f       data     extern E:\3.46\pic18-lt\cxx-framework\src\traditional\proc\p18f4620.asm
                 IPR1bits   0x000f9f       data     extern E:\3.46\pic18-lt\cxx-framework\src\traditional\proc\p18f4620.asm
                     IPR2   0x000fa2       data     extern E:\3.46\pic18-lt\cxx-framework\src\traditional\proc\p18f4620.asm
                 IPR2bits   0x000fa2       data     extern E:\3.46\pic18-lt\cxx-framework\src\traditional\proc\p18f4620.asm
                     LATA   0x000f89       data     extern E:\3.46\pic18-lt\cxx-framework\src\traditional\proc\p18f4620.asm
                 LATAbits   0x000f89       data     extern E:\3.46\pic18-lt\cxx-framework\src\traditional\proc\p18f4620.asm
                     LATB   0x000f8a       data     extern E:\3.46\pic18-lt\cxx-framework\src\traditional\proc\p18f4620.asm
                 LATBbits   0x000f8a       data     extern E:\3.46\pic18-lt\cxx-framework\src\traditional\proc\p18f4620.asm
                     LATC   0x000f8b       data     extern E:\3.46\pic18-lt\cxx-framework\src\traditional\proc\p18f4620.asm
                 LATCbits   0x000f8b       data     extern E:\3.46\pic18-lt\cxx-framework\src\traditional\proc\p18f4620.asm
                     LATD   0x000f8c       data     extern E:\3.46\pic18-lt\cxx-framework\src\traditional\proc\p18f4620.asm
                 LATDbits   0x000f8c       data     extern E:\3.46\pic18-lt\cxx-framework\src\traditional\proc\p18f4620.asm
                     LATE   0x000f8d       data     extern E:\3.46\pic18-lt\cxx-framework\src\traditional\proc\p18f4620.asm
                 LATEbits   0x000f8d       data     extern E:\3.46\pic18-lt\cxx-framework\src\traditional\proc\p18f4620.asm
                   LVDCON   0x000fd2       data     extern E:\3.46\pic18-lt\cxx-framework\src\traditional\proc\p18f4620.asm
               LVDCONbits   0x000fd2       data     extern E:\3.46\pic18-lt\cxx-framework\src\traditional\proc\p18f4620.asm
                LcdScreen   0x0000c1       data     extern D:\PICKIT\SMART_CLOCK\SMART_CLOCK\lcd\lcd.c
                   OSCCON   0x000fd3       data     extern E:\3.46\pic18-lt\cxx-framework\src\traditional\proc\p18f4620.asm
               OSCCONbits   0x000fd3       data     extern E:\3.46\pic18-lt\cxx-framework\src\traditional\proc\p18f4620.asm
                  OSCTUNE   0x000f9b       data     extern E:\3.46\pic18-lt\cxx-framework\src\traditional\proc\p18f4620.asm
              OSCTUNEbits   0x000f9b       data     extern E:\3.46\pic18-lt\cxx-framework\src\traditional\proc\p18f4620.asm
                       PC   0x000ff9       data     extern E:\3.46\pic18-lt\cxx-framework\src\traditional\proc\p18f4620.asm
                      PCL   0x000ff9       data     extern E:\3.46\pic18-lt\cxx-framework\src\traditional\proc\p18f4620.asm
                   PCLATH   0x000ffa       data     extern E:\3.46\pic18-lt\cxx-framework\src\traditional\proc\p18f4620.asm
                   PCLATU   0x000ffb       data     extern E:\3.46\pic18-lt\cxx-framework\src\traditional\proc\p18f4620.asm
                     PIE1   0x000f9d       data     extern E:\3.46\pic18-lt\cxx-framework\src\traditional\proc\p18f4620.asm
                 PIE1bits   0x000f9d       data     extern E:\3.46\pic18-lt\cxx-framework\src\traditional\proc\p18f4620.asm
                     PIE2   0x000fa0       data     extern E:\3.46\pic18-lt\cxx-framework\src\traditional\proc\p18f4620.asm
                 PIE2bits   0x000fa0       data     extern E:\3.46\pic18-lt\cxx-framework\src\traditional\proc\p18f4620.asm
                     PIR1   0x000f9e       data     extern E:\3.46\pic18-lt\cxx-framework\src\traditional\proc\p18f4620.asm
                 PIR1bits   0x000f9e       data     extern E:\3.46\pic18-lt\cxx-framework\src\traditional\proc\p18f4620.asm
                     PIR2   0x000fa1       data     extern E:\3.46\pic18-lt\cxx-framework\src\traditional\proc\p18f4620.asm
                 PIR2bits   0x000fa1       data     extern E:\3.46\pic18-lt\cxx-framework\src\traditional\proc\p18f4620.asm
                   PLUSW0   0x000feb       data     extern E:\3.46\pic18-lt\cxx-framework\src\traditional\proc\p18f4620.asm
                   PLUSW1   0x000fe3       data     extern E:\3.46\pic18-lt\cxx-framework\src\traditional\proc\p18f4620.asm
                   PLUSW2   0x000fdb       data     extern E:\3.46\pic18-lt\cxx-framework\src\traditional\proc\p18f4620.asm
                    PORTA   0x000f80       data     extern E:\3.46\pic18-lt\cxx-framework\src\traditional\proc\p18f4620.asm
                PORTAbits   0x000f80       data     extern E:\3.46\pic18-lt\cxx-framework\src\traditional\proc\p18f4620.asm
                    PORTB   0x000f81       data     extern E:\3.46\pic18-lt\cxx-framework\src\traditional\proc\p18f4620.asm
                PORTBbits   0x000f81       data     extern E:\3.46\pic18-lt\cxx-framework\src\traditional\proc\p18f4620.asm
                    PORTC   0x000f82       data     extern E:\3.46\pic18-lt\cxx-framework\src\traditional\proc\p18f4620.asm
                PORTCbits   0x000f82       data     extern E:\3.46\pic18-lt\cxx-framework\src\traditional\proc\p18f4620.asm
                    PORTD   0x000f83       data     extern E:\3.46\pic18-lt\cxx-framework\src\traditional\proc\p18f4620.asm
                PORTDbits   0x000f83       data     extern E:\3.46\pic18-lt\cxx-framework\src\traditional\proc\p18f4620.asm
                    PORTE   0x000f84       data     extern E:\3.46\pic18-lt\cxx-framework\src\traditional\proc\p18f4620.asm
                PORTEbits   0x000f84       data     extern E:\3.46\pic18-lt\cxx-framework\src\traditional\proc\p18f4620.asm
                 POSTDEC0   0x000fed       data     extern E:\3.46\pic18-lt\cxx-framework\src\traditional\proc\p18f4620.asm
                 POSTDEC1   0x000fe5       data     extern E:\3.46\pic18-lt\cxx-framework\src\traditional\proc\p18f4620.asm
                 POSTDEC2   0x000fdd       data     extern E:\3.46\pic18-lt\cxx-framework\src\traditional\proc\p18f4620.asm
                 POSTINC0   0x000fee       data     extern E:\3.46\pic18-lt\cxx-framework\src\traditional\proc\p18f4620.asm
                 POSTINC1   0x000fe6       data     extern E:\3.46\pic18-lt\cxx-framework\src\traditional\proc\p18f4620.asm
                 POSTINC2   0x000fde       data     extern E:\3.46\pic18-lt\cxx-framework\src\traditional\proc\p18f4620.asm
                      PR2   0x000fcb       data     extern E:\3.46\pic18-lt\cxx-framework\src\traditional\proc\p18f4620.asm
                  PREINC0   0x000fec       data     extern E:\3.46\pic18-lt\cxx-framework\src\traditional\proc\p18f4620.asm
                  PREINC1   0x000fe4       data     extern E:\3.46\pic18-lt\cxx-framework\src\traditional\proc\p18f4620.asm
                  PREINC2   0x000fdc       data     extern E:\3.46\pic18-lt\cxx-framework\src\traditional\proc\p18f4620.asm
                     PROD   0x000ff3       data     extern E:\3.46\pic18-lt\cxx-framework\src\traditional\proc\p18f4620.asm
                    PRODH   0x000ff4       data     extern E:\3.46\pic18-lt\cxx-framework\src\traditional\proc\p18f4620.asm
                    PRODL   0x000ff3       data     extern E:\3.46\pic18-lt\cxx-framework\src\traditional\proc\p18f4620.asm
                  PWM1CON   0x000fb7       data     extern E:\3.46\pic18-lt\cxx-framework\src\traditional\proc\p18f4620.asm
              PWM1CONbits   0x000fb7       data     extern E:\3.46\pic18-lt\cxx-framework\src\traditional\proc\p18f4620.asm
                     RCON   0x000fd0       data     extern E:\3.46\pic18-lt\cxx-framework\src\traditional\proc\p18f4620.asm
                 RCONbits   0x000fd0       data     extern E:\3.46\pic18-lt\cxx-framework\src\traditional\proc\p18f4620.asm
                    RCREG   0x000fae       data     extern E:\3.46\pic18-lt\cxx-framework\src\traditional\proc\p18f4620.asm
                    RCSTA   0x000fab       data     extern E:\3.46\pic18-lt\cxx-framework\src\traditional\proc\p18f4620.asm
                RCSTAbits   0x000fab       data     extern E:\3.46\pic18-lt\cxx-framework\src\traditional\proc\p18f4620.asm
                     SIGN   0x000000       data     extern E:\3.46\pic18-lt\cxx-framework\src\traditional\math\cmath18.asm
                    SPBRG   0x000faf       data     extern E:\3.46\pic18-lt\cxx-framework\src\traditional\proc\p18f4620.asm
                   SPBRGH   0x000fb0       data     extern E:\3.46\pic18-lt\cxx-framework\src\traditional\proc\p18f4620.asm
                   SSPADD   0x000fc8       data     extern E:\3.46\pic18-lt\cxx-framework\src\traditional\proc\p18f4620.asm
                   SSPBUF   0x000fc9       data     extern E:\3.46\pic18-lt\cxx-framework\src\traditional\proc\p18f4620.asm
                  SSPCON1   0x000fc6       data     extern E:\3.46\pic18-lt\cxx-framework\src\traditional\proc\p18f4620.asm
              SSPCON1bits   0x000fc6       data     extern E:\3.46\pic18-lt\cxx-framework\src\traditional\proc\p18f4620.asm
                  SSPCON2   0x000fc5       data     extern E:\3.46\pic18-lt\cxx-framework\src\traditional\proc\p18f4620.asm
              SSPCON2bits   0x000fc5       data     extern E:\3.46\pic18-lt\cxx-framework\src\traditional\proc\p18f4620.asm
                  SSPSTAT   0x000fc7       data     extern E:\3.46\pic18-lt\cxx-framework\src\traditional\proc\p18f4620.asm
              SSPSTATbits   0x000fc7       data     extern E:\3.46\pic18-lt\cxx-framework\src\traditional\proc\p18f4620.asm
                   STATUS   0x000fd8       data     extern E:\3.46\pic18-lt\cxx-framework\src\traditional\proc\p18f4620.asm
               STATUSbits   0x000fd8       data     extern E:\3.46\pic18-lt\cxx-framework\src\traditional\proc\p18f4620.asm
                   STKPTR   0x000ffc       data     extern E:\3.46\pic18-lt\cxx-framework\src\traditional\proc\p18f4620.asm
               STKPTRbits   0x000ffc       data     extern E:\3.46\pic18-lt\cxx-framework\src\traditional\proc\p18f4620.asm
                    T0CON   0x000fd5       data     extern E:\3.46\pic18-lt\cxx-framework\src\traditional\proc\p18f4620.asm
                T0CONbits   0x000fd5       data     extern E:\3.46\pic18-lt\cxx-framework\src\traditional\proc\p18f4620.asm
                    T1CON   0x000fcd       data     extern E:\3.46\pic18-lt\cxx-framework\src\traditional\proc\p18f4620.asm
                T1CONbits   0x000fcd       data     extern E:\3.46\pic18-lt\cxx-framework\src\traditional\proc\p18f4620.asm
                    T2CON   0x000fca       data     extern E:\3.46\pic18-lt\cxx-framework\src\traditional\proc\p18f4620.asm
                T2CONbits   0x000fca       data     extern E:\3.46\pic18-lt\cxx-framework\src\traditional\proc\p18f4620.asm
                    T3CON   0x000fb1       data     extern E:\3.46\pic18-lt\cxx-framework\src\traditional\proc\p18f4620.asm
                T3CONbits   0x000fb1       data     extern E:\3.46\pic18-lt\cxx-framework\src\traditional\proc\p18f4620.asm
                   TABLAT   0x000ff5       data     extern E:\3.46\pic18-lt\cxx-framework\src\traditional\proc\p18f4620.asm
                   TBLPTR   0x000ff6       data     extern E:\3.46\pic18-lt\cxx-framework\src\traditional\proc\p18f4620.asm
                  TBLPTRH   0x000ff7       data     extern E:\3.46\pic18-lt\cxx-framework\src\traditional\proc\p18f4620.asm
                  TBLPTRL   0x000ff6       data     extern E:\3.46\pic18-lt\cxx-framework\src\traditional\proc\p18f4620.asm
                  TBLPTRU   0x000ff8       data     extern E:\3.46\pic18-lt\cxx-framework\src\traditional\proc\p18f4620.asm
                    TMR0H   0x000fd7       data     extern E:\3.46\pic18-lt\cxx-framework\src\traditional\proc\p18f4620.asm
                    TMR0L   0x000fd6       data     extern E:\3.46\pic18-lt\cxx-framework\src\traditional\proc\p18f4620.asm
                    TMR1H   0x000fcf       data     extern E:\3.46\pic18-lt\cxx-framework\src\traditional\proc\p18f4620.asm
                    TMR1L   0x000fce       data     extern E:\3.46\pic18-lt\cxx-framework\src\traditional\proc\p18f4620.asm
                     TMR2   0x000fcc       data     extern E:\3.46\pic18-lt\cxx-framework\src\traditional\proc\p18f4620.asm
                    TMR3H   0x000fb3       data     extern E:\3.46\pic18-lt\cxx-framework\src\traditional\proc\p18f4620.asm
                    TMR3L   0x000fb2       data     extern E:\3.46\pic18-lt\cxx-framework\src\traditional\proc\p18f4620.asm
                      TOS   0x000ffd       data     extern E:\3.46\pic18-lt\cxx-framework\src\traditional\proc\p18f4620.asm
                     TOSH   0x000ffe       data     extern E:\3.46\pic18-lt\cxx-framework\src\traditional\proc\p18f4620.asm
                     TOSL   0x000ffd       data     extern E:\3.46\pic18-lt\cxx-framework\src\traditional\proc\p18f4620.asm
                     TOSU   0x000fff       data     extern E:\3.46\pic18-lt\cxx-framework\src\traditional\proc\p18f4620.asm
                    TRISA   0x000f92       data     extern E:\3.46\pic18-lt\cxx-framework\src\traditional\proc\p18f4620.asm
                TRISAbits   0x000f92       data     extern E:\3.46\pic18-lt\cxx-framework\src\traditional\proc\p18f4620.asm
                    TRISB   0x000f93       data     extern E:\3.46\pic18-lt\cxx-framework\src\traditional\proc\p18f4620.asm
                TRISBbits   0x000f93       data     extern E:\3.46\pic18-lt\cxx-framework\src\traditional\proc\p18f4620.asm
                    TRISC   0x000f94       data     extern E:\3.46\pic18-lt\cxx-framework\src\traditional\proc\p18f4620.asm
                TRISCbits   0x000f94       data     extern E:\3.46\pic18-lt\cxx-framework\src\traditional\proc\p18f4620.asm
                    TRISD   0x000f95       data     extern E:\3.46\pic18-lt\cxx-framework\src\traditional\proc\p18f4620.asm
                TRISDbits   0x000f95       data     extern E:\3.46\pic18-lt\cxx-framework\src\traditional\proc\p18f4620.asm
                    TRISE   0x000f96       data     extern E:\3.46\pic18-lt\cxx-framework\src\traditional\proc\p18f4620.asm
                TRISEbits   0x000f96       data     extern E:\3.46\pic18-lt\cxx-framework\src\traditional\proc\p18f4620.asm
                    TXREG   0x000fad       data     extern E:\3.46\pic18-lt\cxx-framework\src\traditional\proc\p18f4620.asm
                    TXSTA   0x000fac       data     extern E:\3.46\pic18-lt\cxx-framework\src\traditional\proc\p18f4620.asm
                TXSTAbits   0x000fac       data     extern E:\3.46\pic18-lt\cxx-framework\src\traditional\proc\p18f4620.asm
                 UserFont   0x000080       data     extern D:\PICKIT\SMART_CLOCK\SMART_CLOCK\lcd\lcd.c
                        W   0x000fe8       data     extern E:\3.46\pic18-lt\cxx-framework\src\traditional\proc\p18f4620.asm
                   WDTCON   0x000fd1       data     extern E:\3.46\pic18-lt\cxx-framework\src\traditional\proc\p18f4620.asm
               WDTCONbits   0x000fd1       data     extern E:\3.46\pic18-lt\cxx-framework\src\traditional\proc\p18f4620.asm
                     WREG   0x000fe8       data     extern E:\3.46\pic18-lt\cxx-framework\src\traditional\proc\p18f4620.asm
                 __AARGB0   0x000009       data     extern E:\3.46\pic18-lt\cxx-framework\src\traditional\math\aarg.asm
                 __AARGB1   0x000008       data     extern E:\3.46\pic18-lt\cxx-framework\src\traditional\math\aarg.asm
                 __AARGB2   0x000007       data     extern E:\3.46\pic18-lt\cxx-framework\src\traditional\math\aarg.asm
                 __AARGB3   0x000006       data     extern E:\3.46\pic18-lt\cxx-framework\src\traditional\math\aarg.asm
                 __AARGB4   0x000005       data     extern E:\3.46\pic18-lt\cxx-framework\src\traditional\math\aarg.asm
                 __AARGB5   0x000004       data     extern E:\3.46\pic18-lt\cxx-framework\src\traditional\math\aarg.asm
                 __AARGB6   0x000003       data     extern E:\3.46\pic18-lt\cxx-framework\src\traditional\math\aarg.asm
                 __AARGB7   0x000002       data     extern E:\3.46\pic18-lt\cxx-framework\src\traditional\math\aarg.asm
                   __AEXP   0x00000a       data     extern E:\3.46\pic18-lt\cxx-framework\src\traditional\math\aarg.asm
                 __BARGB0   0x00000e       data     extern E:\3.46\pic18-lt\cxx-framework\src\traditional\math\barg.asm
                 __BARGB1   0x00000d       data     extern E:\3.46\pic18-lt\cxx-framework\src\traditional\math\barg.asm
                 __BARGB2   0x00000c       data     extern E:\3.46\pic18-lt\cxx-framework\src\traditional\math\barg.asm
                 __BARGB3   0x00000b       data     extern E:\3.46\pic18-lt\cxx-framework\src\traditional\math\barg.asm
                   __BEXP   0x00000f       data     extern E:\3.46\pic18-lt\cxx-framework\src\traditional\math\barg.asm
                __FPFLAGS   0x000001       data     extern E:\3.46\pic18-lt\cxx-framework\src\traditional\math\cmath18.asm
            __FPFLAGSbits   0x000001       data     extern E:\3.46\pic18-lt\cxx-framework\src\traditional\math\cmath18.asm
                  __REMB0   0x000005       data     extern E:\3.46\pic18-lt\cxx-framework\src\traditional\math\aarg.asm
                  __REMB1   0x000004       data     extern E:\3.46\pic18-lt\cxx-framework\src\traditional\math\aarg.asm
                  __REMB2   0x000003       data     extern E:\3.46\pic18-lt\cxx-framework\src\traditional\math\aarg.asm
                  __REMB3   0x000002       data     extern E:\3.46\pic18-lt\cxx-framework\src\traditional\math\aarg.asm
                  __tmp_0   0x000010       data     static D:\PICKIT\SMART_CLOCK\SMART_CLOCK\i2c\i2c.c
                  __tmp_0   0x000010       data     static D:\PICKIT\SMART_CLOCK\SMART_CLOCK\timer\timer.c
                  __tmp_0   0x000010       data     static D:\PICKIT\SMART_CLOCK\SMART_CLOCK\lcd\lcd.c
                  __tmp_0   0x000010       data     static D:\PICKIT\SMART_CLOCK\SMART_CLOCK\button_matrix\button.c
                  __tmp_0   0x000010       data     static D:\PICKIT\SMART_CLOCK\SMART_CLOCK\main.c
                  ack_bit   0x000f6b       data     extern D:\PICKIT\SMART_CLOCK\SMART_CLOCK\i2c\i2c.c
                 ack_flag   0x0000f9       data     extern D:\PICKIT\SMART_CLOCK\SMART_CLOCK\i2c\i2c.c
      arrayMaskInputOfKey   0x000f24       data     extern D:\PICKIT\SMART_CLOCK\SMART_CLOCK\button_matrix\button.c
     arrayMaskOutputOfKey   0x000f20       data     extern D:\PICKIT\SMART_CLOCK\SMART_CLOCK\button_matrix\button.c
                 bitAlarm   0x000f58       data     extern D:\PICKIT\SMART_CLOCK\SMART_CLOCK\main.c
                 byte_num   0x0000e2       data     extern D:\PICKIT\SMART_CLOCK\SMART_CLOCK\i2c\i2c.c
                     cnt0   0x000f67       data     extern D:\PICKIT\SMART_CLOCK\SMART_CLOCK\interrupt\interrupt.c
                     cnt1   0x000f69       data     extern D:\PICKIT\SMART_CLOCK\SMART_CLOCK\interrupt\interrupt.c
                curr_byte   0x000f60       data     static E:\3.46\pic18-lt\cxx-framework\src\traditional\startup\c018i.c
               curr_entry   0x000f62       data     static E:\3.46\pic18-lt\cxx-framework\src\traditional\startup\c018i.c
              current_col   0x0000fe       data     extern D:\PICKIT\SMART_CLOCK\SMART_CLOCK\lcd\lcd.c
              current_row   0x0000fc       data     extern D:\PICKIT\SMART_CLOCK\SMART_CLOCK\lcd\lcd.c
                 data_ptr   0x000f64       data     static E:\3.46\pic18-lt\cxx-framework\src\traditional\startup\c018i.c
                     date   0x000f4c       data     extern D:\PICKIT\SMART_CLOCK\SMART_CLOCK\main.c
                      day   0x000f4b       data     extern D:\PICKIT\SMART_CLOCK\SMART_CLOCK\main.c
                flag_read   0x0000e1       data     extern D:\PICKIT\SMART_CLOCK\SMART_CLOCK\i2c\i2c.c
              flag_timer0   0x000f30       data     extern D:\PICKIT\SMART_CLOCK\SMART_CLOCK\timer\timer.c
              flag_timer1   0x000f31       data     extern D:\PICKIT\SMART_CLOCK\SMART_CLOCK\timer\timer.c
              flag_timer2   0x000f32       data     extern D:\PICKIT\SMART_CLOCK\SMART_CLOCK\timer\timer.c
              flag_timer3   0x000f33       data     extern D:\PICKIT\SMART_CLOCK\SMART_CLOCK\timer\timer.c
                     hour   0x000f48       data     extern D:\PICKIT\SMART_CLOCK\SMART_CLOCK\main.c
                hourAlarm   0x000f56       data     extern D:\PICKIT\SMART_CLOCK\SMART_CLOCK\main.c
                 i2c_data   0x0000fb       data     extern D:\PICKIT\SMART_CLOCK\SMART_CLOCK\i2c\i2c.c
                index_add   0x0000e3       data     extern D:\PICKIT\SMART_CLOCK\SMART_CLOCK\i2c\i2c.c
                 key_code   0x000f00       data     extern D:\PICKIT\SMART_CLOCK\SMART_CLOCK\button_matrix\button.c
                   minute   0x000f49       data     extern D:\PICKIT\SMART_CLOCK\SMART_CLOCK\main.c
              minuteAlarm   0x000f57       data     extern D:\PICKIT\SMART_CLOCK\SMART_CLOCK\main.c
                     mode   0x000f5a       data     extern D:\PICKIT\SMART_CLOCK\SMART_CLOCK\main.c
                    month   0x000f4d       data     extern D:\PICKIT\SMART_CLOCK\SMART_CLOCK\main.c
                     prom   0x000f5d       data     static E:\3.46\pic18-lt\cxx-framework\src\traditional\startup\c018i.c
                read_data   0x0000ef       data     extern D:\PICKIT\SMART_CLOCK\SMART_CLOCK\i2c\i2c.c
             receive_data   0x0000fa       data     extern D:\PICKIT\SMART_CLOCK\SMART_CLOCK\i2c\i2c.c
             receive_flag   0x0000f8       data     extern D:\PICKIT\SMART_CLOCK\SMART_CLOCK\i2c\i2c.c
                   second   0x000f4a       data     extern D:\PICKIT\SMART_CLOCK\SMART_CLOCK\main.c
                statusLCD   0x0000c0       data     extern D:\PICKIT\SMART_CLOCK\SMART_CLOCK\lcd\lcd.c
          statusSetUpTime   0x000f55       data     extern D:\PICKIT\SMART_CLOCK\SMART_CLOCK\main.c
                time0_MUL   0x000f40       data     extern D:\PICKIT\SMART_CLOCK\SMART_CLOCK\timer\timer.c
                time1_MUL   0x000f42       data     extern D:\PICKIT\SMART_CLOCK\SMART_CLOCK\timer\timer.c
                time2_MUL   0x000f44       data     extern D:\PICKIT\SMART_CLOCK\SMART_CLOCK\timer\timer.c
                time3_MUL   0x000f46       data     extern D:\PICKIT\SMART_CLOCK\SMART_CLOCK\timer\timer.c
                timeBlink   0x000f59       data     extern D:\PICKIT\SMART_CLOCK\SMART_CLOCK\main.c
               timer0_cnt   0x000f38       data     extern D:\PICKIT\SMART_CLOCK\SMART_CLOCK\timer\timer.c
             timer0_value   0x000f28       data     extern D:\PICKIT\SMART_CLOCK\SMART_CLOCK\timer\timer.c
               timer1_cnt   0x000f3a       data     extern D:\PICKIT\SMART_CLOCK\SMART_CLOCK\timer\timer.c
             timer1_value   0x000f2a       data     extern D:\PICKIT\SMART_CLOCK\SMART_CLOCK\timer\timer.c
               timer2_cnt   0x000f3c       data     extern D:\PICKIT\SMART_CLOCK\SMART_CLOCK\timer\timer.c
             timer2_value   0x000f2c       data     extern D:\PICKIT\SMART_CLOCK\SMART_CLOCK\timer\timer.c
               timer3_cnt   0x000f3e       data     extern D:\PICKIT\SMART_CLOCK\SMART_CLOCK\timer\timer.c
             timer3_value   0x000f2e       data     extern D:\PICKIT\SMART_CLOCK\SMART_CLOCK\timer\timer.c
                   v_cnt0   0x000f34       data     extern D:\PICKIT\SMART_CLOCK\SMART_CLOCK\timer\timer.c
                   v_cnt1   0x000f36       data     extern D:\PICKIT\SMART_CLOCK\SMART_CLOCK\timer\timer.c
                worldDate   0x000f52       data     extern D:\PICKIT\SMART_CLOCK\SMART_CLOCK\main.c
                worldHour   0x000f4f       data     extern D:\PICKIT\SMART_CLOCK\SMART_CLOCK\main.c
              worldMinute   0x000f50       data     extern D:\PICKIT\SMART_CLOCK\SMART_CLOCK\main.c
               worldMonth   0x000f53       data     extern D:\PICKIT\SMART_CLOCK\SMART_CLOCK\main.c
              worldSecond   0x000f51       data     extern D:\PICKIT\SMART_CLOCK\SMART_CLOCK\main.c
            worldTimeFlag   0x000f5c       data     extern D:\PICKIT\SMART_CLOCK\SMART_CLOCK\main.c
            worldTimeMode   0x000f5b       data     extern D:\PICKIT\SMART_CLOCK\SMART_CLOCK\main.c
                worldYear   0x000f54       data     extern D:\PICKIT\SMART_CLOCK\SMART_CLOCK\main.c
               write_data   0x0000e4       data     extern D:\PICKIT\SMART_CLOCK\SMART_CLOCK\i2c\i2c.c
                     year   0x000f4e       data     extern D:\PICKIT\SMART_CLOCK\SMART_CLOCK\main.c



                              Symbols - Sorted by Address
                     Name    Address   Location    Storage File                     
                ---------  ---------  ---------  --------- ---------                
                   _entry   0x000000    program     extern E:\3.46\pic18-lt\cxx-framework\src\traditional\startup\c018i.c
       ___return_lbl00000   0x000004    program     static                          
                   __init   0x000006    program     extern E:\3.46\pic18-lt\cxx-framework\src\traditional\stdclib\__init.c
      InterruptVectorHigh   0x000008    program     extern D:\PICKIT\SMART_CLOCK\SMART_CLOCK\interrupt\interrupt.c
       ___return_lbl00003   0x00000c    program     static                          
       InterruptVectorLow   0x000018    program     extern D:\PICKIT\SMART_CLOCK\SMART_CLOCK\interrupt\interrupt.c
       ___return_lbl00002   0x00001c    program     static                          
                     main   0x000068    program     extern D:\PICKIT\SMART_CLOCK\SMART_CLOCK\main.c
                 delay_ms   0x000118    program     extern D:\PICKIT\SMART_CLOCK\SMART_CLOCK\main.c
              init_system   0x0001a0    program     extern D:\PICKIT\SMART_CLOCK\SMART_CLOCK\main.c
     SetupTimeForRealTime   0x00021c    program     extern D:\PICKIT\SMART_CLOCK\SMART_CLOCK\main.c
     SetupForFirstProgram   0x0002a0    program     extern D:\PICKIT\SMART_CLOCK\SMART_CLOCK\main.c
       ReadDataFromDS1307   0x0002fa    program     extern D:\PICKIT\SMART_CLOCK\SMART_CLOCK\main.c
              DisplayTime   0x000326    program     extern D:\PICKIT\SMART_CLOCK\SMART_CLOCK\main.c
         DisplayWorldTime   0x000712    program     extern D:\PICKIT\SMART_CLOCK\SMART_CLOCK\main.c
         DisplayAlarmTime   0x000a2e    program     extern D:\PICKIT\SMART_CLOCK\SMART_CLOCK\main.c
                SetUpTime   0x000b8e    program     extern D:\PICKIT\SMART_CLOCK\SMART_CLOCK\main.c
               SetUpAlarm   0x00118a    program     extern D:\PICKIT\SMART_CLOCK\SMART_CLOCK\main.c
                    Alarm   0x0013ce    program     extern D:\PICKIT\SMART_CLOCK\SMART_CLOCK\main.c
                WorldTime   0x001438    program     extern D:\PICKIT\SMART_CLOCK\SMART_CLOCK\main.c
                lcd_delay   0x00177e    program     extern D:\PICKIT\SMART_CLOCK\SMART_CLOCK\lcd\lcd.c
                 v_timer0   0x00180e    program     extern D:\PICKIT\SMART_CLOCK\SMART_CLOCK\lcd\lcd.c
          lcd_sendCommand   0x00189e    program     extern D:\PICKIT\SMART_CLOCK\SMART_CLOCK\lcd\lcd.c
                 init_lcd   0x00191e    program     extern D:\PICKIT\SMART_CLOCK\SMART_CLOCK\lcd\lcd.c
          lcd_read_status   0x001a2c    program     extern D:\PICKIT\SMART_CLOCK\SMART_CLOCK\lcd\lcd.c
            lcd_wait_busy   0x001ae2    program     extern D:\PICKIT\SMART_CLOCK\SMART_CLOCK\lcd\lcd.c
          lcd_write_4bits   0x001b02    program     extern D:\PICKIT\SMART_CLOCK\SMART_CLOCK\lcd\lcd.c
            lcd_write_cmd   0x001b48    program     extern D:\PICKIT\SMART_CLOCK\SMART_CLOCK\lcd\lcd.c
           lcd_write_data   0x001b84    program     extern D:\PICKIT\SMART_CLOCK\SMART_CLOCK\lcd\lcd.c
              lcd_putchar   0x001bc2    program     extern D:\PICKIT\SMART_CLOCK\SMART_CLOCK\lcd\lcd.c
           lcd_print_char   0x001bdc    program     extern D:\PICKIT\SMART_CLOCK\SMART_CLOCK\lcd\lcd.c
            lcd_print_str   0x001bf6    program     extern D:\PICKIT\SMART_CLOCK\SMART_CLOCK\lcd\lcd.c
           lcd_set_cursor   0x001c36    program     extern D:\PICKIT\SMART_CLOCK\SMART_CLOCK\lcd\lcd.c
                lcd_clear   0x001c70    program     extern D:\PICKIT\SMART_CLOCK\SMART_CLOCK\lcd\lcd.c
             lcd_power_of   0x001c84    program     extern D:\PICKIT\SMART_CLOCK\SMART_CLOCK\lcd\lcd.c
            lcd_print_num   0x001d66    program     extern D:\PICKIT\SMART_CLOCK\SMART_CLOCK\lcd\lcd.c
              LcdPrintNum   0x001f9c    program     extern D:\PICKIT\SMART_CLOCK\SMART_CLOCK\lcd\lcd.c
           LcdPrintString   0x001fe4    program     extern D:\PICKIT\SMART_CLOCK\SMART_CLOCK\lcd\lcd.c
          lcd_print_charS   0x002018    program     extern D:\PICKIT\SMART_CLOCK\SMART_CLOCK\lcd\lcd.c
                LcdClearS   0x00205e    program     extern D:\PICKIT\SMART_CLOCK\SMART_CLOCK\lcd\lcd.c
         DisplayLcdScreen   0x0020bc    program     extern D:\PICKIT\SMART_CLOCK\SMART_CLOCK\lcd\lcd.c
        DisplayLcdScreen2   0x0021b4    program     extern D:\PICKIT\SMART_CLOCK\SMART_CLOCK\lcd\lcd.c
      DisplayLcdScreenOld   0x00223a    program     extern D:\PICKIT\SMART_CLOCK\SMART_CLOCK\lcd\lcd.c
            LcdPrintCharS   0x0022a4    program     extern D:\PICKIT\SMART_CLOCK\SMART_CLOCK\lcd\lcd.c
             LcdPrintNumS   0x0022fa    program     extern D:\PICKIT\SMART_CLOCK\SMART_CLOCK\lcd\lcd.c
          LcdPrintStringS   0x002548    program     extern D:\PICKIT\SMART_CLOCK\SMART_CLOCK\lcd\lcd.c
          init_key_matrix   0x00259e    program     extern D:\PICKIT\SMART_CLOCK\SMART_CLOCK\button_matrix\button.c
init_key_matrix_with_uart_i2c   0x0025a6    program     extern D:\PICKIT\SMART_CLOCK\SMART_CLOCK\button_matrix\button.c
          scan_key_matrix   0x0025b6    program     extern D:\PICKIT\SMART_CLOCK\SMART_CLOCK\button_matrix\button.c
scan_key_matrix_with_uart_i2c   0x002714    program     extern D:\PICKIT\SMART_CLOCK\SMART_CLOCK\button_matrix\button.c
          button_delay_ms   0x00285c    program     extern D:\PICKIT\SMART_CLOCK\SMART_CLOCK\button_matrix\button.c
     scan_key_matrix_demo   0x0028e4    program     extern D:\PICKIT\SMART_CLOCK\SMART_CLOCK\button_matrix\button.c
             isButtonMode   0x002a0a    program     extern D:\PICKIT\SMART_CLOCK\SMART_CLOCK\button_matrix\button.c
         isButtonModeHold   0x002a1a    program     extern D:\PICKIT\SMART_CLOCK\SMART_CLOCK\button_matrix\button.c
            isButtonEnter   0x002a2a    program     extern D:\PICKIT\SMART_CLOCK\SMART_CLOCK\button_matrix\button.c
        isButtonEnterHold   0x002a3a    program     extern D:\PICKIT\SMART_CLOCK\SMART_CLOCK\button_matrix\button.c
         isButtonIncrease   0x002a4a    program     extern D:\PICKIT\SMART_CLOCK\SMART_CLOCK\button_matrix\button.c
         isButtonDecrease   0x002a8e    program     extern D:\PICKIT\SMART_CLOCK\SMART_CLOCK\button_matrix\button.c
              init_timer0   0x002ad2    program     extern D:\PICKIT\SMART_CLOCK\SMART_CLOCK\timer\timer.c
              stop_timer0   0x002b86    program     extern D:\PICKIT\SMART_CLOCK\SMART_CLOCK\timer\timer.c
             start_timer0   0x002b8a    program     extern D:\PICKIT\SMART_CLOCK\SMART_CLOCK\timer\timer.c
              init_timer1   0x002c16    program     extern D:\PICKIT\SMART_CLOCK\SMART_CLOCK\timer\timer.c
             start_timer1   0x002cd0    program     extern D:\PICKIT\SMART_CLOCK\SMART_CLOCK\timer\timer.c
              stop_timer1   0x002d5c    program     extern D:\PICKIT\SMART_CLOCK\SMART_CLOCK\timer\timer.c
              init_timer2   0x002d60    program     extern D:\PICKIT\SMART_CLOCK\SMART_CLOCK\timer\timer.c
             start_timer2   0x002d8c    program     extern D:\PICKIT\SMART_CLOCK\SMART_CLOCK\timer\timer.c
              stop_timer2   0x002d94    program     extern D:\PICKIT\SMART_CLOCK\SMART_CLOCK\timer\timer.c
              init_timer3   0x002d98    program     extern D:\PICKIT\SMART_CLOCK\SMART_CLOCK\timer\timer.c
             start_timer3   0x002e4e    program     extern D:\PICKIT\SMART_CLOCK\SMART_CLOCK\timer\timer.c
              stop_timer3   0x002eda    program     extern D:\PICKIT\SMART_CLOCK\SMART_CLOCK\timer\timer.c
               timer0_isr   0x002ede    program     extern D:\PICKIT\SMART_CLOCK\SMART_CLOCK\timer\timer.c
               timer1_isr   0x002efa    program     extern D:\PICKIT\SMART_CLOCK\SMART_CLOCK\timer\timer.c
               timer2_isr   0x002f16    program     extern D:\PICKIT\SMART_CLOCK\SMART_CLOCK\timer\timer.c
               timer3_isr   0x002f32    program     extern D:\PICKIT\SMART_CLOCK\SMART_CLOCK\timer\timer.c
             SetTimer0_ms   0x002f4e    program     extern D:\PICKIT\SMART_CLOCK\SMART_CLOCK\timer\timer.c
             SetTimer1_ms   0x002f72    program     extern D:\PICKIT\SMART_CLOCK\SMART_CLOCK\timer\timer.c
             SetTimer3_ms   0x002fb0    program     extern D:\PICKIT\SMART_CLOCK\SMART_CLOCK\timer\timer.c
                  BCD2Dec   0x002fee    program     extern D:\PICKIT\SMART_CLOCK\SMART_CLOCK\i2c\i2c.c
                  Dec2BCD   0x00302c    program     extern D:\PICKIT\SMART_CLOCK\SMART_CLOCK\i2c\i2c.c
                 init_i2c   0x003082    program     extern D:\PICKIT\SMART_CLOCK\SMART_CLOCK\i2c\i2c.c
              i2c_control   0x00309a    program     extern D:\PICKIT\SMART_CLOCK\SMART_CLOCK\i2c\i2c.c
                i2c_start   0x0030b8    program     extern D:\PICKIT\SMART_CLOCK\SMART_CLOCK\i2c\i2c.c
                 i2c_stop   0x0030c2    program     extern D:\PICKIT\SMART_CLOCK\SMART_CLOCK\i2c\i2c.c
                i2c_write   0x0030cc    program     extern D:\PICKIT\SMART_CLOCK\SMART_CLOCK\i2c\i2c.c
                 i2c_read   0x0030e8    program     extern D:\PICKIT\SMART_CLOCK\SMART_CLOCK\i2c\i2c.c
                  i2c_ack   0x0030f4    program     extern D:\PICKIT\SMART_CLOCK\SMART_CLOCK\i2c\i2c.c
                  i2c_nak   0x003100    program     extern D:\PICKIT\SMART_CLOCK\SMART_CLOCK\i2c\i2c.c
             write_ds1307   0x00310c    program     extern D:\PICKIT\SMART_CLOCK\SMART_CLOCK\i2c\i2c.c
              read_ds1307   0x003176    program     extern D:\PICKIT\SMART_CLOCK\SMART_CLOCK\i2c\i2c.c
             Write_DS1307   0x0031ec    program     extern D:\PICKIT\SMART_CLOCK\SMART_CLOCK\i2c\i2c.c
              Read_DS1307   0x00320e    program     extern D:\PICKIT\SMART_CLOCK\SMART_CLOCK\i2c\i2c.c
           init_interrupt   0x003228    program     extern D:\PICKIT\SMART_CLOCK\SMART_CLOCK\interrupt\interrupt.c
            init_ext_int0   0x003230    program     extern D:\PICKIT\SMART_CLOCK\SMART_CLOCK\interrupt\interrupt.c
                  low_isr   0x003238    program     extern D:\PICKIT\SMART_CLOCK\SMART_CLOCK\interrupt\interrupt.c
                 high_isr   0x00331c    program     extern D:\PICKIT\SMART_CLOCK\SMART_CLOCK\interrupt\interrupt.c
              __string_38   0x0033ec    program     static D:\PICKIT\SMART_CLOCK\SMART_CLOCK\main.c
              __string_37   0x0033f8    program     static D:\PICKIT\SMART_CLOCK\SMART_CLOCK\main.c
              __string_36   0x003403    program     static D:\PICKIT\SMART_CLOCK\SMART_CLOCK\main.c
              __string_35   0x003411    program     static D:\PICKIT\SMART_CLOCK\SMART_CLOCK\main.c
              __string_34   0x00341b    program     static D:\PICKIT\SMART_CLOCK\SMART_CLOCK\main.c
              __string_33   0x003420    program     static D:\PICKIT\SMART_CLOCK\SMART_CLOCK\main.c
              __string_32   0x003424    program     static D:\PICKIT\SMART_CLOCK\SMART_CLOCK\main.c
              __string_31   0x003427    program     static D:\PICKIT\SMART_CLOCK\SMART_CLOCK\main.c
              __string_30   0x003436    program     static D:\PICKIT\SMART_CLOCK\SMART_CLOCK\main.c
              __string_29   0x003443    program     static D:\PICKIT\SMART_CLOCK\SMART_CLOCK\main.c
              __string_28   0x003445    program     static D:\PICKIT\SMART_CLOCK\SMART_CLOCK\main.c
              __string_27   0x003452    program     static D:\PICKIT\SMART_CLOCK\SMART_CLOCK\main.c
              __string_26   0x00345e    program     static D:\PICKIT\SMART_CLOCK\SMART_CLOCK\main.c
              __string_25   0x003465    program     static D:\PICKIT\SMART_CLOCK\SMART_CLOCK\main.c
              __string_24   0x00346b    program     static D:\PICKIT\SMART_CLOCK\SMART_CLOCK\main.c
              __string_23   0x003473    program     static D:\PICKIT\SMART_CLOCK\SMART_CLOCK\main.c
              __string_22   0x003476    program     static D:\PICKIT\SMART_CLOCK\SMART_CLOCK\main.c
              __string_21   0x00347a    program     static D:\PICKIT\SMART_CLOCK\SMART_CLOCK\main.c
              __string_20   0x00347c    program     static D:\PICKIT\SMART_CLOCK\SMART_CLOCK\main.c
              __string_19   0x00347e    program     static D:\PICKIT\SMART_CLOCK\SMART_CLOCK\main.c
              __string_18   0x003482    program     static D:\PICKIT\SMART_CLOCK\SMART_CLOCK\main.c
              __string_17   0x003486    program     static D:\PICKIT\SMART_CLOCK\SMART_CLOCK\main.c
              __string_16   0x00348a    program     static D:\PICKIT\SMART_CLOCK\SMART_CLOCK\main.c
              __string_15   0x00348e    program     static D:\PICKIT\SMART_CLOCK\SMART_CLOCK\main.c
              __string_14   0x003492    program     static D:\PICKIT\SMART_CLOCK\SMART_CLOCK\main.c
              __string_13   0x003496    program     static D:\PICKIT\SMART_CLOCK\SMART_CLOCK\main.c
              __string_12   0x00349a    program     static D:\PICKIT\SMART_CLOCK\SMART_CLOCK\main.c
              __string_11   0x00349e    program     static D:\PICKIT\SMART_CLOCK\SMART_CLOCK\main.c
              __string_10   0x0034a2    program     static D:\PICKIT\SMART_CLOCK\SMART_CLOCK\main.c
               __string_9   0x0034a6    program     static D:\PICKIT\SMART_CLOCK\SMART_CLOCK\main.c
               __string_8   0x0034aa    program     static D:\PICKIT\SMART_CLOCK\SMART_CLOCK\main.c
               __string_7   0x0034ae    program     static D:\PICKIT\SMART_CLOCK\SMART_CLOCK\main.c
               __string_6   0x0034b2    program     static D:\PICKIT\SMART_CLOCK\SMART_CLOCK\main.c
               __string_5   0x0034b6    program     static D:\PICKIT\SMART_CLOCK\SMART_CLOCK\main.c
               __string_4   0x0034ba    program     static D:\PICKIT\SMART_CLOCK\SMART_CLOCK\main.c
               __string_3   0x0034be    program     static D:\PICKIT\SMART_CLOCK\SMART_CLOCK\main.c
               __string_2   0x0034c2    program     static D:\PICKIT\SMART_CLOCK\SMART_CLOCK\main.c
               __string_1   0x0034c6    program     static D:\PICKIT\SMART_CLOCK\SMART_CLOCK\main.c
               __string_0   0x0034ca    program     static D:\PICKIT\SMART_CLOCK\SMART_CLOCK\main.c
                 FXD1616S   0x0034d6    program     extern E:\3.46\pic18-lt\cxx-framework\src\traditional\math\fxd1616s.asm
                  DA1616S   0x0034e8    program     static E:\3.46\pic18-lt\cxx-framework\src\traditional\math\fxd1616s.asm
                   D1616S   0x0034f8    program     static E:\3.46\pic18-lt\cxx-framework\src\traditional\math\fxd1616s.asm
                 D1616SOK   0x003502    program     static E:\3.46\pic18-lt\cxx-framework\src\traditional\math\fxd1616s.asm
                D1616SNEG   0x003506    program     static E:\3.46\pic18-lt\cxx-framework\src\traditional\math\fxd1616s.asm
                  D1616SX   0x003518    program     static E:\3.46\pic18-lt\cxx-framework\src\traditional\math\fxd1616s.asm
                 FXD2424S   0x003522    program     extern E:\3.46\pic18-lt\cxx-framework\src\traditional\math\fxd2424s.asm
                  DA2424S   0x003538    program     static E:\3.46\pic18-lt\cxx-framework\src\traditional\math\fxd2424s.asm
                   D2424S   0x00354c    program     static E:\3.46\pic18-lt\cxx-framework\src\traditional\math\fxd2424s.asm
                 D2424SOK   0x003556    program     static E:\3.46\pic18-lt\cxx-framework\src\traditional\math\fxd2424s.asm
                D2424SNEG   0x00355a    program     static E:\3.46\pic18-lt\cxx-framework\src\traditional\math\fxd2424s.asm
                  D2424SX   0x003572    program     static E:\3.46\pic18-lt\cxx-framework\src\traditional\math\fxd2424s.asm
                _do_cinit   0x00357c    program     extern E:\3.46\pic18-lt\cxx-framework\src\traditional\startup\c018i.c
                     test   0x003596    program     static                          
                copy_loop   0x0035ee    program     static                          
            copy_one_byte   0x0035f4    program     static                          
             done_copying   0x003602    program     static                          
       ___return_lbl00002   0x003618    program     static                          
                     done   0x003618    program     static                          
                  FXM3232   0x00361a    program     extern E:\3.46\pic18-lt\cxx-framework\src\traditional\math\fxm3232.c
       ___return_lbl00000   0x003688    program     static                          
                 FXD3232U   0x00368a    program     extern E:\3.46\pic18-lt\cxx-framework\src\traditional\math\fxd3232u.c
                     loop   0x003698    program     static                          
                   _false   0x0036cc    program     static                          
       ___return_lbl00000   0x0036d0    program     static                          
                 FXD2424U   0x0036d2    program     extern E:\3.46\pic18-lt\cxx-framework\src\traditional\math\fxd2424u.c
                     loop   0x0036de    program     static                          
                   _false   0x003706    program     static                          
       ___return_lbl00000   0x00370a    program     static                          
                 FXD1616U   0x00370c    program     extern E:\3.46\pic18-lt\cxx-framework\src\traditional\math\fxd1616u.c
                     loop   0x003716    program     static                          
                  endloop   0x003732    program     static                          
       ___return_lbl00000   0x003736    program     static                          
            __zero_memory   0x003738    program     extern E:\3.46\pic18-lt\cxx-framework\src\traditional\proc\p18f4620.asm
               zero_block   0x003746    program     static E:\3.46\pic18-lt\cxx-framework\src\traditional\proc\p18f4620.asm
                   loop_h   0x003746    program     static E:\3.46\pic18-lt\cxx-framework\src\traditional\proc\p18f4620.asm
                compare_l   0x00374e    program     static E:\3.46\pic18-lt\cxx-framework\src\traditional\proc\p18f4620.asm
                   loop_l   0x003750    program     static E:\3.46\pic18-lt\cxx-framework\src\traditional\proc\p18f4620.asm
                 _startup   0x003758    program     extern E:\3.46\pic18-lt\cxx-framework\src\traditional\startup\c018i.c
                     loop   0x003768    program     static                          
       ___return_lbl00001   0x003772    program     static                          
                 FXD0808U   0x003774    program     extern E:\3.46\pic18-lt\cxx-framework\src\traditional\math\fxd0808u.c
                     loop   0x00377c    program     static                          
                  endloop   0x00378a    program     static                          
       ___return_lbl00000   0x00378e    program     static                          
               __config_0   0x300001    program     static D:\PICKIT\SMART_CLOCK\SMART_CLOCK\main.c
               __config_1   0x300002    program     static D:\PICKIT\SMART_CLOCK\SMART_CLOCK\main.c
               __config_2   0x300003    program     static D:\PICKIT\SMART_CLOCK\SMART_CLOCK\main.c
               __config_3   0x300005    program     static D:\PICKIT\SMART_CLOCK\SMART_CLOCK\main.c
               __config_4   0x300006    program     static D:\PICKIT\SMART_CLOCK\SMART_CLOCK\main.c
               __config_5   0x300008    program     static D:\PICKIT\SMART_CLOCK\SMART_CLOCK\main.c
               __config_6   0x300009    program     static D:\PICKIT\SMART_CLOCK\SMART_CLOCK\main.c
               __config_7   0x30000a    program     static D:\PICKIT\SMART_CLOCK\SMART_CLOCK\main.c
               __config_8   0x30000b    program     static D:\PICKIT\SMART_CLOCK\SMART_CLOCK\main.c
               __config_9   0x30000c    program     static D:\PICKIT\SMART_CLOCK\SMART_CLOCK\main.c
              __config_10   0x30000d    program     static D:\PICKIT\SMART_CLOCK\SMART_CLOCK\main.c
                     SIGN   0x000000       data     extern E:\3.46\pic18-lt\cxx-framework\src\traditional\math\cmath18.asm
[...]
                     DDRB   0x000f93       data     extern E:\3.46\pic18-lt\cxx-framework\src\traditional\proc\p18f4620.asm
                    TRISB   0x000f93       data     extern E:\3.46\pic18-lt\cxx-framework\src\traditional\proc\p18f4620.asm
                TRISBbits   0x000f93       data     extern E:\3.46\pic18-lt\cxx-framework\src\traditional\proc\p18f4620.asm
                TRISCbits   0x000f94       data     extern E:\3.46\pic18-lt\cxx-framework\src\traditional\proc\p18f4620.asm
                    TRISC   0x000f94       data     extern E:\3.46\pic18-lt\cxx-framework\src\traditional\proc\p18f4620.asm
                     DDRC   0x000f94       data     extern E:\3.46\pic18-lt\cxx-framework\src\traditional\proc\p18f4620.asm
                 DDRCbits   0x000f94       data     extern E:\3.46\pic18-lt\cxx-framework\src\traditional\proc\p18f4620.asm
                 DDRDbits   0x000f95       data     extern E:\3.46\pic18-lt\cxx-framework\src\traditional\proc\p18f4620.asm
                     DDRD   0x000f95       data     extern E:\3.46\pic18-lt\cxx-framework\src\traditional\proc\p18f4620.asm
                TRISDbits   0x000f95       data     extern E:\3.46\pic18-lt\cxx-framework\src\traditional\proc\p18f4620.asm
                    TRISD   0x000f95       data     extern E:\3.46\pic18-lt\cxx-framework\src\traditional\proc\p18f4620.asm
                     DDRE   0x000f96       data     extern E:\3.46\pic18-lt\cxx-framework\src\traditional\proc\p18f4620.asm
                 DDREbits   0x000f96       data     extern E:\3.46\pic18-lt\cxx-framework\src\traditional\proc\p18f4620.asm
                TRISEbits   0x000f96       data     extern E:\3.46\pic18-lt\cxx-framework\src\traditional\proc\p18f4620.asm
                    TRISE   0x000f96       data     extern E:\3.46\pic18-lt\cxx-framework\src\traditional\proc\p18f4620.asm
                  OSCTUNE   0x000f9b       data     extern E:\3.46\pic18-lt\cxx-framework\src\traditional\proc\p18f4620.asm
              OSCTUNEbits   0x000f9b       data     extern E:\3.46\pic18-lt\cxx-framework\src\traditional\proc\p18f4620.asm
                     PIE1   0x000f9d       data     extern E:\3.46\pic18-lt\cxx-framework\src\traditional\proc\p18f4620.asm
                 PIE1bits   0x000f9d       data     extern E:\3.46\pic18-lt\cxx-framework\src\traditional\proc\p18f4620.asm
                     PIR1   0x000f9e       data     extern E:\3.46\pic18-lt\cxx-framework\src\traditional\proc\p18f4620.asm
                 PIR1bits   0x000f9e       data     extern E:\3.46\pic18-lt\cxx-framework\src\traditional\proc\p18f4620.asm
                 IPR1bits   0x000f9f       data     extern E:\3.46\pic18-lt\cxx-framework\src\traditional\proc\p18f4620.asm
                     IPR1   0x000f9f       data     extern E:\3.46\pic18-lt\cxx-framework\src\traditional\proc\p18f4620.asm
                     PIE2   0x000fa0       data     extern E:\3.46\pic18-lt\cxx-framework\src\traditional\proc\p18f4620.asm
                 PIE2bits   0x000fa0       data     extern E:\3.46\pic18-lt\cxx-framework\src\traditional\proc\p18f4620.asm
                 PIR2bits   0x000fa1       data     extern E:\3.46\pic18-lt\cxx-framework\src\traditional\proc\p18f4620.asm
                     PIR2   0x000fa1       data     extern E:\3.46\pic18-lt\cxx-framework\src\traditional\proc\p18f4620.asm
                     IPR2   0x000fa2       data     extern E:\3.46\pic18-lt\cxx-framework\src\traditional\proc\p18f4620.asm
                 IPR2bits   0x000fa2       data     extern E:\3.46\pic18-lt\cxx-framework\src\traditional\proc\p18f4620.asm
               EECON1bits   0x000fa6       data     extern E:\3.46\pic18-lt\cxx-framework\src\traditional\proc\p18f4620.asm
                   EECON1   0x000fa6       data     extern E:\3.46\pic18-lt\cxx-framework\src\traditional\proc\p18f4620.asm
                   EECON2   0x000fa7       data     extern E:\3.46\pic18-lt\cxx-framework\src\traditional\proc\p18f4620.asm
                   EEDATA   0x000fa8       data     extern E:\3.46\pic18-lt\cxx-framework\src\traditional\proc\p18f4620.asm
                    EEADR   0x000fa9       data     extern E:\3.46\pic18-lt\cxx-framework\src\traditional\proc\p18f4620.asm
                   EEADRH   0x000faa       data     extern E:\3.46\pic18-lt\cxx-framework\src\traditional\proc\p18f4620.asm
                RCSTAbits   0x000fab       data     extern E:\3.46\pic18-lt\cxx-framework\src\traditional\proc\p18f4620.asm
                    RCSTA   0x000fab       data     extern E:\3.46\pic18-lt\cxx-framework\src\traditional\proc\p18f4620.asm
                TXSTAbits   0x000fac       data     extern E:\3.46\pic18-lt\cxx-framework\src\traditional\proc\p18f4620.asm
                    TXSTA   0x000fac       data     extern E:\3.46\pic18-lt\cxx-framework\src\traditional\proc\p18f4620.asm
                    TXREG   0x000fad       data     extern E:\3.46\pic18-lt\cxx-framework\src\traditional\proc\p18f4620.asm
                    RCREG   0x000fae       data     extern E:\3.46\pic18-lt\cxx-framework\src\traditional\proc\p18f4620.asm
                    SPBRG   0x000faf       data     extern E:\3.46\pic18-lt\cxx-framework\src\traditional\proc\p18f4620.asm
                   SPBRGH   0x000fb0       data     extern E:\3.46\pic18-lt\cxx-framework\src\traditional\proc\p18f4620.asm
                T3CONbits   0x000fb1       data     extern E:\3.46\pic18-lt\cxx-framework\src\traditional\proc\p18f4620.asm
                    T3CON   0x000fb1       data     extern E:\3.46\pic18-lt\cxx-framework\src\traditional\proc\p18f4620.asm
                    TMR3L   0x000fb2       data     extern E:\3.46\pic18-lt\cxx-framework\src\traditional\proc\p18f4620.asm
                    TMR3H   0x000fb3       data     extern E:\3.46\pic18-lt\cxx-framework\src\traditional\proc\p18f4620.asm
                    CMCON   0x000fb4       data     extern E:\3.46\pic18-lt\cxx-framework\src\traditional\proc\p18f4620.asm
                CMCONbits   0x000fb4       data     extern E:\3.46\pic18-lt\cxx-framework\src\traditional\proc\p18f4620.asm
                   CVRCON   0x000fb5       data     extern E:\3.46\pic18-lt\cxx-framework\src\traditional\proc\p18f4620.asm
               CVRCONbits   0x000fb5       data     extern E:\3.46\pic18-lt\cxx-framework\src\traditional\proc\p18f4620.asm
              ECCP1ASbits   0x000fb6       data     extern E:\3.46\pic18-lt\cxx-framework\src\traditional\proc\p18f4620.asm
                  ECCP1AS   0x000fb6       data     extern E:\3.46\pic18-lt\cxx-framework\src\traditional\proc\p18f4620.asm
              PWM1CONbits   0x000fb7       data     extern E:\3.46\pic18-lt\cxx-framework\src\traditional\proc\p18f4620.asm
                  PWM1CON   0x000fb7       data     extern E:\3.46\pic18-lt\cxx-framework\src\traditional\proc\p18f4620.asm
                  BAUDCON   0x000fb8       data     extern E:\3.46\pic18-lt\cxx-framework\src\traditional\proc\p18f4620.asm
              BAUDCONbits   0x000fb8       data     extern E:\3.46\pic18-lt\cxx-framework\src\traditional\proc\p18f4620.asm
                  BAUDCTL   0x000fb8       data     extern E:\3.46\pic18-lt\cxx-framework\src\traditional\proc\p18f4620.asm
              BAUDCTLbits   0x000fb8       data     extern E:\3.46\pic18-lt\cxx-framework\src\traditional\proc\p18f4620.asm
              CCP2CONbits   0x000fba       data     extern E:\3.46\pic18-lt\cxx-framework\src\traditional\proc\p18f4620.asm
                  CCP2CON   0x000fba       data     extern E:\3.46\pic18-lt\cxx-framework\src\traditional\proc\p18f4620.asm
                   CCPR2L   0x000fbb       data     extern E:\3.46\pic18-lt\cxx-framework\src\traditional\proc\p18f4620.asm
                    CCPR2   0x000fbb       data     extern E:\3.46\pic18-lt\cxx-framework\src\traditional\proc\p18f4620.asm
                   CCPR2H   0x000fbc       data     extern E:\3.46\pic18-lt\cxx-framework\src\traditional\proc\p18f4620.asm
              CCP1CONbits   0x000fbd       data     extern E:\3.46\pic18-lt\cxx-framework\src\traditional\proc\p18f4620.asm
                  CCP1CON   0x000fbd       data     extern E:\3.46\pic18-lt\cxx-framework\src\traditional\proc\p18f4620.asm
                    CCPR1   0x000fbe       data     extern E:\3.46\pic18-lt\cxx-framework\src\traditional\proc\p18f4620.asm
                   CCPR1L   0x000fbe       data     extern E:\3.46\pic18-lt\cxx-framework\src\traditional\proc\p18f4620.asm
                   CCPR1H   0x000fbf       data     extern E:\3.46\pic18-lt\cxx-framework\src\traditional\proc\p18f4620.asm
                   ADCON2   0x000fc0       data     extern E:\3.46\pic18-lt\cxx-framework\src\traditional\proc\p18f4620.asm
               ADCON2bits   0x000fc0       data     extern E:\3.46\pic18-lt\cxx-framework\src\traditional\proc\p18f4620.asm
               ADCON1bits   0x000fc1       data     extern E:\3.46\pic18-lt\cxx-framework\src\traditional\proc\p18f4620.asm
                   ADCON1   0x000fc1       data     extern E:\3.46\pic18-lt\cxx-framework\src\traditional\proc\p18f4620.asm
                   ADCON0   0x000fc2       data     extern E:\3.46\pic18-lt\cxx-framework\src\traditional\proc\p18f4620.asm
               ADCON0bits   0x000fc2       data     extern E:\3.46\pic18-lt\cxx-framework\src\traditional\proc\p18f4620.asm
                    ADRES   0x000fc3       data     extern E:\3.46\pic18-lt\cxx-framework\src\traditional\proc\p18f4620.asm
                   ADRESL   0x000fc3       data     extern E:\3.46\pic18-lt\cxx-framework\src\traditional\proc\p18f4620.asm
                   ADRESH   0x000fc4       data     extern E:\3.46\pic18-lt\cxx-framework\src\traditional\proc\p18f4620.asm
                  SSPCON2   0x000fc5       data     extern E:\3.46\pic18-lt\cxx-framework\src\traditional\proc\p18f4620.asm
              SSPCON2bits   0x000fc5       data     extern E:\3.46\pic18-lt\cxx-framework\src\traditional\proc\p18f4620.asm
                  SSPCON1   0x000fc6       data     extern E:\3.46\pic18-lt\cxx-framework\src\traditional\proc\p18f4620.asm
              SSPCON1bits   0x000fc6       data     extern E:\3.46\pic18-lt\cxx-framework\src\traditional\proc\p18f4620.asm
                  SSPSTAT   0x000fc7       data     extern E:\3.46\pic18-lt\cxx-framework\src\traditional\proc\p18f4620.asm
              SSPSTATbits   0x000fc7       data     extern E:\3.46\pic18-lt\cxx-framework\src\traditional\proc\p18f4620.asm
                   SSPADD   0x000fc8       data     extern E:\3.46\pic18-lt\cxx-framework\src\traditional\proc\p18f4620.asm
                   SSPBUF   0x000fc9       data     extern E:\3.46\pic18-lt\cxx-framework\src\traditional\proc\p18f4620.asm
                    T2CON   0x000fca       data     extern E:\3.46\pic18-lt\cxx-framework\src\traditional\proc\p18f4620.asm
                T2CONbits   0x000fca       data     extern E:\3.46\pic18-lt\cxx-framework\src\traditional\proc\p18f4620.asm
                      PR2   0x000fcb       data     extern E:\3.46\pic18-lt\cxx-framework\src\traditional\proc\p18f4620.asm
                     TMR2   0x000fcc       data     extern E:\3.46\pic18-lt\cxx-framework\src\traditional\proc\p18f4620.asm
                T1CONbits   0x000fcd       data     extern E:\3.46\pic18-lt\cxx-framework\src\traditional\proc\p18f4620.asm
                    T1CON   0x000fcd       data     extern E:\3.46\pic18-lt\cxx-framework\src\traditional\proc\p18f4620.asm
                    TMR1L   0x000fce       data     extern E:\3.46\pic18-lt\cxx-framework\src\traditional\proc\p18f4620.asm
                    TMR1H   0x000fcf       data     extern E:\3.46\pic18-lt\cxx-framework\src\traditional\proc\p18f4620.asm
                     RCON   0x000fd0       data     extern E:\3.46\pic18-lt\cxx-framework\src\traditional\proc\p18f4620.asm
                 RCONbits   0x000fd0       data     extern E:\3.46\pic18-lt\cxx-framework\src\traditional\proc\p18f4620.asm
               WDTCONbits   0x000fd1       data     extern E:\3.46\pic18-lt\cxx-framework\src\traditional\proc\p18f4620.asm
                   WDTCON   0x000fd1       data     extern E:\3.46\pic18-lt\cxx-framework\src\traditional\proc\p18f4620.asm
               LVDCONbits   0x000fd2       data     extern E:\3.46\pic18-lt\cxx-framework\src\traditional\proc\p18f4620.asm
                   LVDCON   0x000fd2       data     extern E:\3.46\pic18-lt\cxx-framework\src\traditional\proc\p18f4620.asm
              HLVDCONbits   0x000fd2       data     extern E:\3.46\pic18-lt\cxx-framework\src\traditional\proc\p18f4620.asm
                  HLVDCON   0x000fd2       data     extern E:\3.46\pic18-lt\cxx-framework\src\traditional\proc\p18f4620.asm
               OSCCONbits   0x000fd3       data     extern E:\3.46\pic18-lt\cxx-framework\src\traditional\proc\p18f4620.asm
                   OSCCON   0x000fd3       data     extern E:\3.46\pic18-lt\cxx-framework\src\traditional\proc\p18f4620.asm
                T0CONbits   0x000fd5       data     extern E:\3.46\pic18-lt\cxx-framework\src\traditional\proc\p18f4620.asm
                    T0CON   0x000fd5       data     extern E:\3.46\pic18-lt\cxx-framework\src\traditional\proc\p18f4620.asm
                    TMR0L   0x000fd6       data     extern E:\3.46\pic18-lt\cxx-framework\src\traditional\proc\p18f4620.asm
                    TMR0H   0x000fd7       data     extern E:\3.46\pic18-lt\cxx-framework\src\traditional\proc\p18f4620.asm
                   STATUS   0x000fd8       data     extern E:\3.46\pic18-lt\cxx-framework\src\traditional\proc\p18f4620.asm
               STATUSbits   0x000fd8       data     extern E:\3.46\pic18-lt\cxx-framework\src\traditional\proc\p18f4620.asm
                    FSR2L   0x000fd9       data     extern E:\3.46\pic18-lt\cxx-framework\src\traditional\proc\p18f4620.asm
                     FSR2   0x000fd9       data     extern E:\3.46\pic18-lt\cxx-framework\src\traditional\proc\p18f4620.asm
                    FSR2H   0x000fda       data     extern E:\3.46\pic18-lt\cxx-framework\src\traditional\proc\p18f4620.asm
                   PLUSW2   0x000fdb       data     extern E:\3.46\pic18-lt\cxx-framework\src\traditional\proc\p18f4620.asm
                  PREINC2   0x000fdc       data     extern E:\3.46\pic18-lt\cxx-framework\src\traditional\proc\p18f4620.asm
                 POSTDEC2   0x000fdd       data     extern E:\3.46\pic18-lt\cxx-framework\src\traditional\proc\p18f4620.asm
                 POSTINC2   0x000fde       data     extern E:\3.46\pic18-lt\cxx-framework\src\traditional\proc\p18f4620.asm
                    INDF2   0x000fdf       data     extern E:\3.46\pic18-lt\cxx-framework\src\traditional\proc\p18f4620.asm
                      BSR   0x000fe0       data     extern E:\3.46\pic18-lt\cxx-framework\src\traditional\proc\p18f4620.asm
                    FSR1L   0x000fe1       data     extern E:\3.46\pic18-lt\cxx-framework\src\traditional\proc\p18f4620.asm
                     FSR1   0x000fe1       data     extern E:\3.46\pic18-lt\cxx-framework\src\traditional\proc\p18f4620.asm
                    FSR1H   0x000fe2       data     extern E:\3.46\pic18-lt\cxx-framework\src\traditional\proc\p18f4620.asm
                   PLUSW1   0x000fe3       data     extern E:\3.46\pic18-lt\cxx-framework\src\traditional\proc\p18f4620.asm
                  PREINC1   0x000fe4       data     extern E:\3.46\pic18-lt\cxx-framework\src\traditional\proc\p18f4620.asm
                 POSTDEC1   0x000fe5       data     extern E:\3.46\pic18-lt\cxx-framework\src\traditional\proc\p18f4620.asm
                 POSTINC1   0x000fe6       data     extern E:\3.46\pic18-lt\cxx-framework\src\traditional\proc\p18f4620.asm
                    INDF1   0x000fe7       data     extern E:\3.46\pic18-lt\cxx-framework\src\traditional\proc\p18f4620.asm
                     WREG   0x000fe8       data     extern E:\3.46\pic18-lt\cxx-framework\src\traditional\proc\p18f4620.asm
                        W   0x000fe8       data     extern E:\3.46\pic18-lt\cxx-framework\src\traditional\proc\p18f4620.asm
                     FSR0   0x000fe9       data     extern E:\3.46\pic18-lt\cxx-framework\src\traditional\proc\p18f4620.asm
                    FSR0L   0x000fe9       data     extern E:\3.46\pic18-lt\cxx-framework\src\traditional\proc\p18f4620.asm
                    FSR0H   0x000fea       data     extern E:\3.46\pic18-lt\cxx-framework\src\traditional\proc\p18f4620.asm
                   PLUSW0   0x000feb       data     extern E:\3.46\pic18-lt\cxx-framework\src\traditional\proc\p18f4620.asm
                  PREINC0   0x000fec       data     extern E:\3.46\pic18-lt\cxx-framework\src\traditional\proc\p18f4620.asm
                 POSTDEC0   0x000fed       data     extern E:\3.46\pic18-lt\cxx-framework\src\traditional\proc\p18f4620.asm
                 POSTINC0   0x000fee       data     extern E:\3.46\pic18-lt\cxx-framework\src\traditional\proc\p18f4620.asm
                    INDF0   0x000fef       data     extern E:\3.46\pic18-lt\cxx-framework\src\traditional\proc\p18f4620.asm
              INTCON3bits   0x000ff0       data     extern E:\3.46\pic18-lt\cxx-framework\src\traditional\proc\p18f4620.asm
                  INTCON3   0x000ff0       data     extern E:\3.46\pic18-lt\cxx-framework\src\traditional\proc\p18f4620.asm
              INTCON2bits   0x000ff1       data     extern E:\3.46\pic18-lt\cxx-framework\src\traditional\proc\p18f4620.asm
                  INTCON2   0x000ff1       data     extern E:\3.46\pic18-lt\cxx-framework\src\traditional\proc\p18f4620.asm
               INTCONbits   0x000ff2       data     extern E:\3.46\pic18-lt\cxx-framework\src\traditional\proc\p18f4620.asm
                   INTCON   0x000ff2       data     extern E:\3.46\pic18-lt\cxx-framework\src\traditional\proc\p18f4620.asm
                    PRODL   0x000ff3       data     extern E:\3.46\pic18-lt\cxx-framework\src\traditional\proc\p18f4620.asm
                     PROD   0x000ff3       data     extern E:\3.46\pic18-lt\cxx-framework\src\traditional\proc\p18f4620.asm
                    PRODH   0x000ff4       data     extern E:\3.46\pic18-lt\cxx-framework\src\traditional\proc\p18f4620.asm
                   TABLAT   0x000ff5       data     extern E:\3.46\pic18-lt\cxx-framework\src\traditional\proc\p18f4620.asm
                  TBLPTRL   0x000ff6       data     extern E:\3.46\pic18-lt\cxx-framework\src\traditional\proc\p18f4620.asm
                   TBLPTR   0x000ff6       data     extern E:\3.46\pic18-lt\cxx-framework\src\traditional\proc\p18f4620.asm
                  TBLPTRH   0x000ff7       data     extern E:\3.46\pic18-lt\cxx-framework\src\traditional\proc\p18f4620.asm
                  TBLPTRU   0x000ff8       data     extern E:\3.46\pic18-lt\cxx-framework\src\traditional\proc\p18f4620.asm
                       PC   0x000ff9       data     extern E:\3.46\pic18-lt\cxx-framework\src\traditional\proc\p18f4620.asm
                      PCL   0x000ff9       data     extern E:\3.46\pic18-lt\cxx-framework\src\traditional\proc\p18f4620.asm
                   PCLATH   0x000ffa       data     extern E:\3.46\pic18-lt\cxx-framework\src\traditional\proc\p18f4620.asm
                   PCLATU   0x000ffb       data     extern E:\3.46\pic18-lt\cxx-framework\src\traditional\proc\p18f4620.asm
                   STKPTR   0x000ffc       data     extern E:\3.46\pic18-lt\cxx-framework\src\traditional\proc\p18f4620.asm
               STKPTRbits   0x000ffc       data     extern E:\3.46\pic18-lt\cxx-framework\src\traditional\proc\p18f4620.asm
                      TOS   0x000ffd       data     extern E:\3.46\pic18-lt\cxx-framework\src\traditional\proc\p18f4620.asm
                     TOSL   0x000ffd       data     extern E:\3.46\pic18-lt\cxx-framework\src\traditional\proc\p18f4620.asm
                     TOSH   0x000ffe       data     extern E:\3.46\pic18-lt\cxx-framework\src\traditional\proc\p18f4620.asm
                     TOSU   0x000fff       data     extern E:\3.46\pic18-lt\cxx-framework\src\traditional\proc\p18f4620.asm


