MPLINK 5.00, LINKER
Linker Map File - Created Tue Feb 21 19:38:24 2023

                                 Section Info
                  Section       Type    Address   Location Size(Bytes)
                ---------  ---------  ---------  ---------  ---------
               _entry_scn       code   0x000000    program   0x000006
           .code___init.o       code   0x000006    program   0x000002
      InterruptVectorHigh       code   0x000008    program   0x000006
           .romdata_i2c.o    romdata   0x00000e    program   0x000000
           .romdata_lcd.o    romdata   0x00000e    program   0x000000
           .romdata_adc.o    romdata   0x00000e    program   0x000000
         .romdata_timer.o    romdata   0x00000e    program   0x000000
           .romdata_pwm.o    romdata   0x00000e    program   0x000000
     .romdata_interrupt.o    romdata   0x00000e    program   0x000000
.romdata_simulate_machine.o    romdata   0x00000e    program   0x000000
        .romdata_button.o    romdata   0x00000e    program   0x000000
       .romdata_led7seg.o    romdata   0x00000e    program   0x000000
   .idata_traffic_led.o_i    romdata   0x00000e    program   0x000001
   .romdata_traffic_led.o    romdata   0x00000e    program   0x000000
      .romdata_fxd0808u.o    romdata   0x00000e    program   0x000000
      .romdata_fxd1616u.o    romdata   0x00000e    program   0x000000
      .romdata_fxd2424u.o    romdata   0x00000e    program   0x000000
         .romdata_c018i.o    romdata   0x00000e    program   0x000000
      .romdata_fxd3232u.o    romdata   0x00000e    program   0x000000
       .romdata_fxm3232.o    romdata   0x00000e    program   0x000000
          .romdata_main.o    romdata   0x00000e    program   0x000000
          .idata_uart.o_i    romdata   0x00000e    program   0x000000
        .romdata___init.o    romdata   0x00000e    program   0x000000
          .romdata_uart.o    romdata   0x00000e    program   0x000000
           .idata_pwm.o_i    romdata   0x00000f    program   0x000001
       .idata_led7seg.o_i    romdata   0x000010    program   0x000000
     .idata_interrupt.o_i    romdata   0x000010    program   0x000004
         .idata_c018i.o_i    romdata   0x000014    program   0x000000
           .idata_adc.o_i    romdata   0x000014    program   0x000000
            .code_c018i.o       code   0x000014    program   0x000000
        .idata___init.o_i    romdata   0x000014    program   0x000000
       .idata_fxm3232.o_i    romdata   0x000014    program   0x000000
      .idata_fxd0808u.o_i    romdata   0x000014    program   0x000000
      .idata_fxd3232u.o_i    romdata   0x000014    program   0x000000
      .idata_fxd1616u.o_i    romdata   0x000014    program   0x000000
      .idata_fxd2424u.o_i    romdata   0x000014    program   0x000000
       InterruptVectorLow       code   0x000018    program   0x000006
                   .cinit    romdata   0x00001e    program   0x00006e
             .code_main.o       code   0x00008c    program   0x001d68
              .code_lcd.o       code   0x001df4    program   0x000e40
            .code_timer.o       code   0x002c34    program   0x00055a
          .code_led7seg.o       code   0x00318e    program   0x000488
             .code_uart.o       code   0x003616    program   0x00046a
              .code_i2c.o       code   0x003a80    program   0x000340
           .code_button.o       code   0x003dc0    program   0x0002da
      .code_traffic_led.o       code   0x00409a    program   0x000284
             .stringtable    romdata   0x00431e    program   0x000246
        .code_interrupt.o       code   0x004564    program   0x0001f4
 .code_simulate_machine.o       code   0x004758    program   0x0000e6
                     PROG       code   0x00483e    program   0x0000a6
               _cinit_scn       code   0x0048e4    program   0x00009e
              .code_adc.o       code   0x004982    program   0x000090
          .code_fxm3232.o       code   0x004a12    program   0x000070
         .code_fxd3232u.o       code   0x004a82    program   0x000048
         .code_fxd2424u.o       code   0x004aca    program   0x00003a
              .code_pwm.o       code   0x004b04    program   0x000038
         .code_fxd1616u.o       code   0x004b3c    program   0x00002c
                    .code       code   0x004b68    program   0x000020
             _startup_scn       code   0x004b88    program   0x00001c
         .code_fxd0808u.o       code   0x004ba4    program   0x00001c
         .idata_timer.o_i    romdata   0x004bc0    program   0x000020
.idata_simulate_machine.o_i    romdata   0x004be0    program   0x00000c
          .idata_main.o_i    romdata   0x004bec    program   0x000035
           .idata_lcd.o_i    romdata   0x004c21    program   0x000061
           .idata_i2c.o_i    romdata   0x004c82    program   0x00001b
        .idata_button.o_i    romdata   0x004c9d    program   0x000029
    .config_300001_main.o    romdata   0x300001    program   0x000001
    .config_300002_main.o    romdata   0x300002    program   0x000001
    .config_300003_main.o    romdata   0x300003    program   0x000001
    .config_300005_main.o    romdata   0x300005    program   0x000001
    .config_300006_main.o    romdata   0x300006    program   0x000001
    .config_300008_main.o    romdata   0x300008    program   0x000001
    .config_300009_main.o    romdata   0x300009    program   0x000001
    .config_30000a_main.o    romdata   0x30000a    program   0x000001
    .config_30000b_main.o    romdata   0x30000b    program   0x000001
    .config_30000c_main.o    romdata   0x30000c    program   0x000001
    .config_30000d_main.o    romdata   0x30000d    program   0x000001
                MATH_DATA      udata   0x000000       data   0x000010
                 .tmpdata      udata   0x000010       data   0x00000a
.udata_simulate_machine.o      udata   0x000080       data   0x000065
             .idata_i2c.o      idata   0x0000e5       data   0x00001b
            .idata_main.o      idata   0x000100       data   0x000035
          .idata_button.o      idata   0x000135       data   0x000029
           .idata_timer.o      idata   0x00015e       data   0x000020
.idata_simulate_machine.o      idata   0x00017e       data   0x00000c
           .udata_c018i.o      udata   0x00018a       data   0x00000a
       .idata_interrupt.o      idata   0x000194       data   0x000004
             .udata_i2c.o      udata   0x000198       data   0x000001
     .idata_traffic_led.o      idata   0x000199       data   0x000001
             .idata_pwm.o      idata   0x00019a       data   0x000001
          .idata___init.o      idata   0x00019b       data   0x000000
          .udata___init.o      udata   0x00019b       data   0x000000
         .idata_fxm3232.o      idata   0x00019b       data   0x000000
         .udata_fxm3232.o      udata   0x00019b       data   0x000000
        .idata_fxd3232u.o      idata   0x00019b       data   0x000000
        .udata_fxd3232u.o      udata   0x00019b       data   0x000000
        .idata_fxd2424u.o      idata   0x00019b       data   0x000000
        .udata_fxd2424u.o      udata   0x00019b       data   0x000000
        .idata_fxd1616u.o      idata   0x00019b       data   0x000000
        .udata_fxd1616u.o      udata   0x00019b       data   0x000000
        .idata_fxd0808u.o      idata   0x00019b       data   0x000000
        .udata_fxd0808u.o      udata   0x00019b       data   0x000000
           .idata_c018i.o      idata   0x00019b       data   0x000000
     .udata_traffic_led.o      udata   0x00019b       data   0x000000
         .idata_led7seg.o      idata   0x00019b       data   0x000000
         .udata_led7seg.o      udata   0x00019b       data   0x000000
            .udata_uart.o      udata   0x00019b       data   0x000000
            .idata_uart.o      idata   0x00019b       data   0x000000
            .udata_main.o      udata   0x00019b       data   0x000000
             .idata_adc.o      idata   0x00019b       data   0x000000
          .udata_button.o      udata   0x00019b       data   0x000000
       .udata_interrupt.o      udata   0x00019b       data   0x000000
           .udata_timer.o      udata   0x00019b       data   0x000000
                   .stack      udata   0x000e00       data   0x000100
             .idata_lcd.o      idata   0x000f00       data   0x000061
             .udata_adc.o      udata   0x000f61       data   0x00001a
             .udata_lcd.o      udata   0x000f7b       data   0x000004
             .udata_pwm.o      udata   0x000f7f       data   0x000001
            SFR_UNBANKED0      udata   0x000f80       data   0x000080



                              Program Memory Usage 
                               Start         End      
                           ---------   ---------      
                            0x000000    0x000013      
                            0x000018    0x004cc5      
                            0x300001    0x300003      
                            0x300005    0x300006      
                            0x300008    0x30000d      
            19661 out of 66584 program addresses used, program memory utilization is 29%



                              Symbols - Sorted by Name
                     Name    Address   Location    Storage File                     
                ---------  ---------  ---------  --------- ---------                
          AppTrafficLight   0x0001e2    program     extern D:\PICKIT\TRAFFIC_LIGHT\TRAFFIC_LIGHT\main.c
                  BCD2Dec   0x003a80    program     extern D:\PICKIT\TRAFFIC_LIGHT\TRAFFIC_LIGHT\i2c\i2c.c
                   D1616S   0x004860    program     static E:\3.46\pic18-lt\cxx-framework\src\traditional\math\fxd1616s.asm
                D1616SNEG   0x00486e    program     static E:\3.46\pic18-lt\cxx-framework\src\traditional\math\fxd1616s.asm
                 D1616SOK   0x00486a    program     static E:\3.46\pic18-lt\cxx-framework\src\traditional\math\fxd1616s.asm
                  D1616SX   0x004880    program     static E:\3.46\pic18-lt\cxx-framework\src\traditional\math\fxd1616s.asm
                   D2424S   0x0048b4    program     static E:\3.46\pic18-lt\cxx-framework\src\traditional\math\fxd2424s.asm
                D2424SNEG   0x0048c2    program     static E:\3.46\pic18-lt\cxx-framework\src\traditional\math\fxd2424s.asm
                 D2424SOK   0x0048be    program     static E:\3.46\pic18-lt\cxx-framework\src\traditional\math\fxd2424s.asm
                  D2424SX   0x0048da    program     static E:\3.46\pic18-lt\cxx-framework\src\traditional\math\fxd2424s.asm
                  DA1616S   0x004850    program     static E:\3.46\pic18-lt\cxx-framework\src\traditional\math\fxd1616s.asm
                  DA2424S   0x0048a0    program     static E:\3.46\pic18-lt\cxx-framework\src\traditional\math\fxd2424s.asm
                  Dec2BCD   0x003abe    program     extern D:\PICKIT\TRAFFIC_LIGHT\TRAFFIC_LIGHT\i2c\i2c.c
         DisplayLcdScreen   0x002734    program     extern D:\PICKIT\TRAFFIC_LIGHT\TRAFFIC_LIGHT\lcd\lcd.c
        DisplayLcdScreen2   0x00282c    program     extern D:\PICKIT\TRAFFIC_LIGHT\TRAFFIC_LIGHT\lcd\lcd.c
      DisplayLcdScreenOld   0x0028b2    program     extern D:\PICKIT\TRAFFIC_LIGHT\TRAFFIC_LIGHT\lcd\lcd.c
                 FXD0808U   0x004ba4    program     extern E:\3.46\pic18-lt\cxx-framework\src\traditional\math\fxd0808u.c
                 FXD1616S   0x00483e    program     extern E:\3.46\pic18-lt\cxx-framework\src\traditional\math\fxd1616s.asm
                 FXD1616U   0x004b3c    program     extern E:\3.46\pic18-lt\cxx-framework\src\traditional\math\fxd1616u.c
                 FXD2424S   0x00488a    program     extern E:\3.46\pic18-lt\cxx-framework\src\traditional\math\fxd2424s.asm
                 FXD2424U   0x004aca    program     extern E:\3.46\pic18-lt\cxx-framework\src\traditional\math\fxd2424u.c
                 FXD3232U   0x004a82    program     extern E:\3.46\pic18-lt\cxx-framework\src\traditional\math\fxd3232u.c
                  FXM3232   0x004a12    program     extern E:\3.46\pic18-lt\cxx-framework\src\traditional\math\fxm3232.c
      InterruptVectorHigh   0x000008    program     extern D:\PICKIT\TRAFFIC_LIGHT\TRAFFIC_LIGHT\interrupt\interrupt.c
       InterruptVectorLow   0x000018    program     extern D:\PICKIT\TRAFFIC_LIGHT\TRAFFIC_LIGHT\interrupt\interrupt.c
                LcdClearS   0x0026d6    program     extern D:\PICKIT\TRAFFIC_LIGHT\TRAFFIC_LIGHT\lcd\lcd.c
            LcdPrintCharS   0x00291c    program     extern D:\PICKIT\TRAFFIC_LIGHT\TRAFFIC_LIGHT\lcd\lcd.c
              LcdPrintNum   0x002614    program     extern D:\PICKIT\TRAFFIC_LIGHT\TRAFFIC_LIGHT\lcd\lcd.c
             LcdPrintNumS   0x002990    program     extern D:\PICKIT\TRAFFIC_LIGHT\TRAFFIC_LIGHT\lcd\lcd.c
           LcdPrintString   0x00265c    program     extern D:\PICKIT\TRAFFIC_LIGHT\TRAFFIC_LIGHT\lcd\lcd.c
          LcdPrintStringS   0x002bde    program     extern D:\PICKIT\TRAFFIC_LIGHT\TRAFFIC_LIGHT\lcd\lcd.c
             SetTimer0_ms   0x0030b0    program     extern D:\PICKIT\TRAFFIC_LIGHT\TRAFFIC_LIGHT\timer\timer.c
             SetTimer1_ms   0x0030d4    program     extern D:\PICKIT\TRAFFIC_LIGHT\TRAFFIC_LIGHT\timer\timer.c
             SetTimer2_ms   0x003112    program     extern D:\PICKIT\TRAFFIC_LIGHT\TRAFFIC_LIGHT\timer\timer.c
             SetTimer3_ms   0x003150    program     extern D:\PICKIT\TRAFFIC_LIGHT\TRAFFIC_LIGHT\timer\timer.c
         SimulatedataSend   0x00483c    program     extern D:\PICKIT\TRAFFIC_LIGHT\TRAFFIC_LIGHT\simulate_machine\simulate_machine.c
   UartDataReceiveProcess   0x001b0a    program     extern D:\PICKIT\TRAFFIC_LIGHT\TRAFFIC_LIGHT\main.c
              UartSendNum   0x003846    program     extern D:\PICKIT\TRAFFIC_LIGHT\TRAFFIC_LIGHT\uart\uart.c
           UartSendString   0x003718    program     extern D:\PICKIT\TRAFFIC_LIGHT\TRAFFIC_LIGHT\uart\uart.c
       ___return_lbl00000   0x004bbe    program     static                          
       ___return_lbl00000   0x004a80    program     static                          
       ___return_lbl00000   0x004b66    program     static                          
       ___return_lbl00000   0x004b02    program     static                          
       ___return_lbl00000   0x004ac8    program     static                          
       ___return_lbl00000   0x000004    program     static                          
       ___return_lbl00001   0x004ba2    program     static                          
       ___return_lbl00002   0x004980    program     static                          
       ___return_lbl00002   0x00001c    program     static                          
       ___return_lbl00003   0x00000c    program     static                          
               __config_0   0x300001    program     static D:\PICKIT\TRAFFIC_LIGHT\TRAFFIC_LIGHT\main.c
               __config_1   0x300002    program     static D:\PICKIT\TRAFFIC_LIGHT\TRAFFIC_LIGHT\main.c
              __config_10   0x30000d    program     static D:\PICKIT\TRAFFIC_LIGHT\TRAFFIC_LIGHT\main.c
               __config_2   0x300003    program     static D:\PICKIT\TRAFFIC_LIGHT\TRAFFIC_LIGHT\main.c
               __config_3   0x300005    program     static D:\PICKIT\TRAFFIC_LIGHT\TRAFFIC_LIGHT\main.c
               __config_4   0x300006    program     static D:\PICKIT\TRAFFIC_LIGHT\TRAFFIC_LIGHT\main.c
               __config_5   0x300008    program     static D:\PICKIT\TRAFFIC_LIGHT\TRAFFIC_LIGHT\main.c
               __config_6   0x300009    program     static D:\PICKIT\TRAFFIC_LIGHT\TRAFFIC_LIGHT\main.c
               __config_7   0x30000a    program     static D:\PICKIT\TRAFFIC_LIGHT\TRAFFIC_LIGHT\main.c
               __config_8   0x30000b    program     static D:\PICKIT\TRAFFIC_LIGHT\TRAFFIC_LIGHT\main.c
               __config_9   0x30000c    program     static D:\PICKIT\TRAFFIC_LIGHT\TRAFFIC_LIGHT\main.c
                   __init   0x000006    program     extern E:\3.46\pic18-lt\cxx-framework\src\traditional\stdclib\__init.c
               __string_0   0x004557    program     static D:\PICKIT\TRAFFIC_LIGHT\TRAFFIC_LIGHT\main.c
               __string_1   0x004548    program     static D:\PICKIT\TRAFFIC_LIGHT\TRAFFIC_LIGHT\main.c
              __string_10   0x0044c7    program     static D:\PICKIT\TRAFFIC_LIGHT\TRAFFIC_LIGHT\main.c
              __string_11   0x0044b6    program     static D:\PICKIT\TRAFFIC_LIGHT\TRAFFIC_LIGHT\main.c
              __string_12   0x0044a9    program     static D:\PICKIT\TRAFFIC_LIGHT\TRAFFIC_LIGHT\main.c
              __string_13   0x0044a0    program     static D:\PICKIT\TRAFFIC_LIGHT\TRAFFIC_LIGHT\main.c
              __string_14   0x00449e    program     static D:\PICKIT\TRAFFIC_LIGHT\TRAFFIC_LIGHT\main.c
              __string_15   0x00448f    program     static D:\PICKIT\TRAFFIC_LIGHT\TRAFFIC_LIGHT\main.c
              __string_16   0x004488    program     static D:\PICKIT\TRAFFIC_LIGHT\TRAFFIC_LIGHT\main.c
              __string_17   0x004479    program     static D:\PICKIT\TRAFFIC_LIGHT\TRAFFIC_LIGHT\main.c
              __string_18   0x004472    program     static D:\PICKIT\TRAFFIC_LIGHT\TRAFFIC_LIGHT\main.c
              __string_19   0x004462    program     static D:\PICKIT\TRAFFIC_LIGHT\TRAFFIC_LIGHT\main.c
               __string_2   0x004538    program     static D:\PICKIT\TRAFFIC_LIGHT\TRAFFIC_LIGHT\main.c
              __string_20   0x00445b    program     static D:\PICKIT\TRAFFIC_LIGHT\TRAFFIC_LIGHT\main.c
              __string_21   0x004450    program     static D:\PICKIT\TRAFFIC_LIGHT\TRAFFIC_LIGHT\main.c
              __string_22   0x004448    program     static D:\PICKIT\TRAFFIC_LIGHT\TRAFFIC_LIGHT\main.c
              __string_23   0x00443a    program     static D:\PICKIT\TRAFFIC_LIGHT\TRAFFIC_LIGHT\main.c
              __string_24   0x00442b    program     static D:\PICKIT\TRAFFIC_LIGHT\TRAFFIC_LIGHT\main.c
              __string_25   0x004428    program     static D:\PICKIT\TRAFFIC_LIGHT\TRAFFIC_LIGHT\main.c
              __string_26   0x004418    program     static D:\PICKIT\TRAFFIC_LIGHT\TRAFFIC_LIGHT\main.c
              __string_27   0x004409    program     static D:\PICKIT\TRAFFIC_LIGHT\TRAFFIC_LIGHT\main.c
              __string_28   0x0043ff    program     static D:\PICKIT\TRAFFIC_LIGHT\TRAFFIC_LIGHT\main.c
              __string_29   0x0043f2    program     static D:\PICKIT\TRAFFIC_LIGHT\TRAFFIC_LIGHT\main.c
               __string_3   0x004529    program     static D:\PICKIT\TRAFFIC_LIGHT\TRAFFIC_LIGHT\main.c
              __string_30   0x0043e4    program     static D:\PICKIT\TRAFFIC_LIGHT\TRAFFIC_LIGHT\main.c
              __string_31   0x0043c5    program     static D:\PICKIT\TRAFFIC_LIGHT\TRAFFIC_LIGHT\main.c
              __string_32   0x0043b1    program     static D:\PICKIT\TRAFFIC_LIGHT\TRAFFIC_LIGHT\main.c
              __string_33   0x0043a4    program     static D:\PICKIT\TRAFFIC_LIGHT\TRAFFIC_LIGHT\main.c
              __string_34   0x0043a1    program     static D:\PICKIT\TRAFFIC_LIGHT\TRAFFIC_LIGHT\main.c
              __string_35   0x00438b    program     static D:\PICKIT\TRAFFIC_LIGHT\TRAFFIC_LIGHT\main.c
              __string_36   0x004374    program     static D:\PICKIT\TRAFFIC_LIGHT\TRAFFIC_LIGHT\main.c
              __string_37   0x00435d    program     static D:\PICKIT\TRAFFIC_LIGHT\TRAFFIC_LIGHT\main.c
              __string_38   0x004341    program     static D:\PICKIT\TRAFFIC_LIGHT\TRAFFIC_LIGHT\main.c
              __string_39   0x00431e    program     static D:\PICKIT\TRAFFIC_LIGHT\TRAFFIC_LIGHT\main.c
               __string_4   0x00451c    program     static D:\PICKIT\TRAFFIC_LIGHT\TRAFFIC_LIGHT\main.c
               __string_5   0x00450c    program     static D:\PICKIT\TRAFFIC_LIGHT\TRAFFIC_LIGHT\main.c
               __string_6   0x004502    program     static D:\PICKIT\TRAFFIC_LIGHT\TRAFFIC_LIGHT\main.c
               __string_7   0x0044f1    program     static D:\PICKIT\TRAFFIC_LIGHT\TRAFFIC_LIGHT\main.c
               __string_8   0x0044e5    program     static D:\PICKIT\TRAFFIC_LIGHT\TRAFFIC_LIGHT\main.c
               __string_9   0x0044d8    program     static D:\PICKIT\TRAFFIC_LIGHT\TRAFFIC_LIGHT\main.c
             __tmplbl_100   0x0018ba    program     static                          
             __tmplbl_107   0x001b08    program     static                          
              __tmplbl_80   0x001a56    program     static                          
              __tmplbl_81   0x0019ba    program     static                          
              __tmplbl_82   0x00191a    program     static                          
              __tmplbl_83   0x0018c2    program     static                          
              __tmplbl_84   0x0017d4    program     static                          
              __tmplbl_85   0x001696    program     static                          
              __tmplbl_86   0x00150c    program     static                          
              __tmplbl_87   0x00142c    program     static                          
              __tmplbl_88   0x001342    program     static                          
              __tmplbl_96   0x001b08    program     static                          
              __tmplbl_97   0x001916    program     static                          
              __tmplbl_98   0x001b08    program     static                          
              __tmplbl_99   0x001b08    program     static                          
            __zero_memory   0x004b68    program     extern E:\3.46\pic18-lt\cxx-framework\src\traditional\proc\p18f4620.asm
                _do_cinit   0x0048e4    program     extern E:\3.46\pic18-lt\cxx-framework\src\traditional\startup\c018i.c
                   _entry   0x000000    program     extern E:\3.46\pic18-lt\cxx-framework\src\traditional\startup\c018i.c
                   _false   0x004ac4    program     static                          
                   _false   0x004afe    program     static                          
                 _startup   0x004b88    program     extern E:\3.46\pic18-lt\cxx-framework\src\traditional\startup\c018i.c
              blinkGreens   0x0040fa    program     extern D:\PICKIT\TRAFFIC_LIGHT\TRAFFIC_LIGHT\traffic_led\traffic_led.c
                blinkLeds   0x0040ba    program     extern D:\PICKIT\TRAFFIC_LIGHT\TRAFFIC_LIGHT\traffic_led\traffic_led.c
                blinkReds   0x0040ce    program     extern D:\PICKIT\TRAFFIC_LIGHT\TRAFFIC_LIGHT\traffic_led\traffic_led.c
             blinkYellows   0x0040e4    program     extern D:\PICKIT\TRAFFIC_LIGHT\TRAFFIC_LIGHT\traffic_led\traffic_led.c
          button_delay_ms   0x004012    program     extern D:\PICKIT\TRAFFIC_LIGHT\TRAFFIC_LIGHT\button_matrix\button.c
                compare_l   0x004b7e    program     static E:\3.46\pic18-lt\cxx-framework\src\traditional\proc\p18f4620.asm
             control_led1   0x0034ea    program     extern D:\PICKIT\TRAFFIC_LIGHT\TRAFFIC_LIGHT\led7seg\led7seg.c
             control_led2   0x00353c    program     extern D:\PICKIT\TRAFFIC_LIGHT\TRAFFIC_LIGHT\led7seg\led7seg.c
      control_traffic_led   0x004262    program     extern D:\PICKIT\TRAFFIC_LIGHT\TRAFFIC_LIGHT\traffic_led\traffic_led.c
                copy_loop   0x004956    program     static                          
            copy_one_byte   0x00495c    program     static                          
                 delay_ms   0x0000c8    program     extern D:\PICKIT\TRAFFIC_LIGHT\TRAFFIC_LIGHT\main.c
            delay_ms_7seg   0x00358e    program     extern D:\PICKIT\TRAFFIC_LIGHT\TRAFFIC_LIGHT\led7seg\led7seg.c
         delay_ms_traffic   0x004296    program     extern D:\PICKIT\TRAFFIC_LIGHT\TRAFFIC_LIGHT\traffic_led\traffic_led.c
             display_led1   0x003346    program     extern D:\PICKIT\TRAFFIC_LIGHT\TRAFFIC_LIGHT\led7seg\led7seg.c
             display_led2   0x003418    program     extern D:\PICKIT\TRAFFIC_LIGHT\TRAFFIC_LIGHT\led7seg\led7seg.c
                     done   0x004980    program     static                          
             done_copying   0x00496a    program     static                          
           ds1307_control   0x003b2c    program     extern D:\PICKIT\TRAFFIC_LIGHT\TRAFFIC_LIGHT\i2c\i2c.c
           eeprom_control   0x003b4a    program     extern D:\PICKIT\TRAFFIC_LIGHT\TRAFFIC_LIGHT\i2c\i2c.c
                  endloop   0x004bba    program     static                          
                  endloop   0x004b62    program     static                          
               fsm_manual   0x0003ca    program     extern D:\PICKIT\TRAFFIC_LIGHT\TRAFFIC_LIGHT\main.c
               fsm_tuning   0x0007c2    program     extern D:\PICKIT\TRAFFIC_LIGHT\TRAFFIC_LIGHT\main.c
            get_adc_value   0x004994    program     extern D:\PICKIT\TRAFFIC_LIGHT\TRAFFIC_LIGHT\adc\adc.c
                 high_isr   0x004670    program     extern D:\PICKIT\TRAFFIC_LIGHT\TRAFFIC_LIGHT\interrupt\interrupt.c
                  i2c_ack   0x003ba4    program     extern D:\PICKIT\TRAFFIC_LIGHT\TRAFFIC_LIGHT\i2c\i2c.c
                  i2c_nak   0x003bb0    program     extern D:\PICKIT\TRAFFIC_LIGHT\TRAFFIC_LIGHT\i2c\i2c.c
                 i2c_read   0x003b98    program     extern D:\PICKIT\TRAFFIC_LIGHT\TRAFFIC_LIGHT\i2c\i2c.c
                i2c_start   0x003b68    program     extern D:\PICKIT\TRAFFIC_LIGHT\TRAFFIC_LIGHT\i2c\i2c.c
                 i2c_stop   0x003b72    program     extern D:\PICKIT\TRAFFIC_LIGHT\TRAFFIC_LIGHT\i2c\i2c.c
                i2c_write   0x003b7c    program     extern D:\PICKIT\TRAFFIC_LIGHT\TRAFFIC_LIGHT\i2c\i2c.c
                 init_adc   0x004982    program     extern D:\PICKIT\TRAFFIC_LIGHT\TRAFFIC_LIGHT\adc\adc.c
            init_ext_int0   0x00456c    program     extern D:\PICKIT\TRAFFIC_LIGHT\TRAFFIC_LIGHT\interrupt\interrupt.c
                 init_i2c   0x003b14    program     extern D:\PICKIT\TRAFFIC_LIGHT\TRAFFIC_LIGHT\i2c\i2c.c
           init_interrupt   0x004564    program     extern D:\PICKIT\TRAFFIC_LIGHT\TRAFFIC_LIGHT\interrupt\interrupt.c
          init_key_matrix   0x003dc0    program     extern D:\PICKIT\TRAFFIC_LIGHT\TRAFFIC_LIGHT\button_matrix\button.c
init_key_matrix_with_uart   0x003dc8    program     extern D:\PICKIT\TRAFFIC_LIGHT\TRAFFIC_LIGHT\button_matrix\button.c
              init_output   0x000150    program     extern D:\PICKIT\TRAFFIC_LIGHT\TRAFFIC_LIGHT\main.c
                 init_pwm   0x004b04    program     extern D:\PICKIT\TRAFFIC_LIGHT\TRAFFIC_LIGHT\pwm\pwm.c
              init_system   0x00015a    program     extern D:\PICKIT\TRAFFIC_LIGHT\TRAFFIC_LIGHT\main.c
              init_timer0   0x002c34    program     extern D:\PICKIT\TRAFFIC_LIGHT\TRAFFIC_LIGHT\timer\timer.c
              init_timer1   0x002d78    program     extern D:\PICKIT\TRAFFIC_LIGHT\TRAFFIC_LIGHT\timer\timer.c
              init_timer2   0x002ec2    program     extern D:\PICKIT\TRAFFIC_LIGHT\TRAFFIC_LIGHT\timer\timer.c
              init_timer3   0x002efa    program     extern D:\PICKIT\TRAFFIC_LIGHT\TRAFFIC_LIGHT\timer\timer.c
                init_uart   0x003616    program     extern D:\PICKIT\TRAFFIC_LIGHT\TRAFFIC_LIGHT\uart\uart.c
         isButtonDecrease   0x003fce    program     extern D:\PICKIT\TRAFFIC_LIGHT\TRAFFIC_LIGHT\button_matrix\button.c
          isButtonESCHold   0x003f6a    program     extern D:\PICKIT\TRAFFIC_LIGHT\TRAFFIC_LIGHT\button_matrix\button.c
            isButtonEnter   0x003f30    program     extern D:\PICKIT\TRAFFIC_LIGHT\TRAFFIC_LIGHT\button_matrix\button.c
         isButtonIncrease   0x003f8a    program     extern D:\PICKIT\TRAFFIC_LIGHT\TRAFFIC_LIGHT\button_matrix\button.c
            isConformHold   0x003f7a    program     extern D:\PICKIT\TRAFFIC_LIGHT\TRAFFIC_LIGHT\button_matrix\button.c
                lcd_clear   0x0022e8    program     extern D:\PICKIT\TRAFFIC_LIGHT\TRAFFIC_LIGHT\lcd\lcd.c
                lcd_delay   0x001df4    program     extern D:\PICKIT\TRAFFIC_LIGHT\TRAFFIC_LIGHT\lcd\lcd.c
                 lcd_init   0x001f94    program     extern D:\PICKIT\TRAFFIC_LIGHT\TRAFFIC_LIGHT\lcd\lcd.c
             lcd_power_of   0x0022fc    program     extern D:\PICKIT\TRAFFIC_LIGHT\TRAFFIC_LIGHT\lcd\lcd.c
           lcd_print_char   0x002254    program     extern D:\PICKIT\TRAFFIC_LIGHT\TRAFFIC_LIGHT\lcd\lcd.c
          lcd_print_charS   0x002690    program     extern D:\PICKIT\TRAFFIC_LIGHT\TRAFFIC_LIGHT\lcd\lcd.c
            lcd_print_num   0x0023de    program     extern D:\PICKIT\TRAFFIC_LIGHT\TRAFFIC_LIGHT\lcd\lcd.c
            lcd_print_str   0x00226e    program     extern D:\PICKIT\TRAFFIC_LIGHT\TRAFFIC_LIGHT\lcd\lcd.c
              lcd_putchar   0x00223a    program     extern D:\PICKIT\TRAFFIC_LIGHT\TRAFFIC_LIGHT\lcd\lcd.c
          lcd_read_status   0x0020a4    program     extern D:\PICKIT\TRAFFIC_LIGHT\TRAFFIC_LIGHT\lcd\lcd.c
          lcd_sendCommand   0x001f14    program     extern D:\PICKIT\TRAFFIC_LIGHT\TRAFFIC_LIGHT\lcd\lcd.c
           lcd_set_cursor   0x0022ae    program     extern D:\PICKIT\TRAFFIC_LIGHT\TRAFFIC_LIGHT\lcd\lcd.c
            lcd_wait_busy   0x00215a    program     extern D:\PICKIT\TRAFFIC_LIGHT\TRAFFIC_LIGHT\lcd\lcd.c
          lcd_write_4bits   0x00217a    program     extern D:\PICKIT\TRAFFIC_LIGHT\TRAFFIC_LIGHT\lcd\lcd.c
            lcd_write_cmd   0x0021c0    program     extern D:\PICKIT\TRAFFIC_LIGHT\TRAFFIC_LIGHT\lcd\lcd.c
           lcd_write_data   0x0021fc    program     extern D:\PICKIT\TRAFFIC_LIGHT\TRAFFIC_LIGHT\lcd\lcd.c
                     loop   0x004b98    program     static                          
                     loop   0x004a90    program     static                          
                     loop   0x004ad6    program     static                          
                     loop   0x004bac    program     static                          
                     loop   0x004b46    program     static                          
                   loop_h   0x004b76    program     static E:\3.46\pic18-lt\cxx-framework\src\traditional\proc\p18f4620.asm
                   loop_l   0x004b80    program     static E:\3.46\pic18-lt\cxx-framework\src\traditional\proc\p18f4620.asm
                  low_isr   0x004574    program     extern D:\PICKIT\TRAFFIC_LIGHT\TRAFFIC_LIGHT\interrupt\interrupt.c
                     main   0x00008c    program     extern D:\PICKIT\TRAFFIC_LIGHT\TRAFFIC_LIGHT\main.c
                  menuRun   0x000ae0    program     extern D:\PICKIT\TRAFFIC_LIGHT\TRAFFIC_LIGHT\main.c
               offAllLeds   0x0040a8    program     extern D:\PICKIT\TRAFFIC_LIGHT\TRAFFIC_LIGHT\traffic_led\traffic_led.c
              read_ds1307   0x003cb4    program     extern D:\PICKIT\TRAFFIC_LIGHT\TRAFFIC_LIGHT\i2c\i2c.c
              read_eeprom   0x003d2a    program     extern D:\PICKIT\TRAFFIC_LIGHT\TRAFFIC_LIGHT\i2c\i2c.c
scan_key_matrix_with_uart   0x003dd2    program     extern D:\PICKIT\TRAFFIC_LIGHT\TRAFFIC_LIGHT\button_matrix\button.c
               setAllLeds   0x00409a    program     extern D:\PICKIT\TRAFFIC_LIGHT\TRAFFIC_LIGHT\traffic_led\traffic_led.c
                setGreen1   0x00413c    program     extern D:\PICKIT\TRAFFIC_LIGHT\TRAFFIC_LIGHT\traffic_led\traffic_led.c
                setGreen2   0x00417e    program     extern D:\PICKIT\TRAFFIC_LIGHT\TRAFFIC_LIGHT\traffic_led\traffic_led.c
                  setRed1   0x004110    program     extern D:\PICKIT\TRAFFIC_LIGHT\TRAFFIC_LIGHT\traffic_led\traffic_led.c
                  setRed2   0x004152    program     extern D:\PICKIT\TRAFFIC_LIGHT\TRAFFIC_LIGHT\traffic_led\traffic_led.c
               setYellow1   0x004126    program     extern D:\PICKIT\TRAFFIC_LIGHT\TRAFFIC_LIGHT\traffic_led\traffic_led.c
               setYellow2   0x004168    program     extern D:\PICKIT\TRAFFIC_LIGHT\TRAFFIC_LIGHT\traffic_led\traffic_led.c
             set_DC_speed   0x004b26    program     extern D:\PICKIT\TRAFFIC_LIGHT\TRAFFIC_LIGHT\pwm\pwm.c
             start_timer0   0x002cec    program     extern D:\PICKIT\TRAFFIC_LIGHT\TRAFFIC_LIGHT\timer\timer.c
             start_timer1   0x002e32    program     extern D:\PICKIT\TRAFFIC_LIGHT\TRAFFIC_LIGHT\timer\timer.c
             start_timer2   0x002eee    program     extern D:\PICKIT\TRAFFIC_LIGHT\TRAFFIC_LIGHT\timer\timer.c
             start_timer3   0x002fb0    program     extern D:\PICKIT\TRAFFIC_LIGHT\TRAFFIC_LIGHT\timer\timer.c
              stop_timer0   0x002ce8    program     extern D:\PICKIT\TRAFFIC_LIGHT\TRAFFIC_LIGHT\timer\timer.c
              stop_timer1   0x002ebe    program     extern D:\PICKIT\TRAFFIC_LIGHT\TRAFFIC_LIGHT\timer\timer.c
              stop_timer2   0x002ef6    program     extern D:\PICKIT\TRAFFIC_LIGHT\TRAFFIC_LIGHT\timer\timer.c
              stop_timer3   0x00303c    program     extern D:\PICKIT\TRAFFIC_LIGHT\TRAFFIC_LIGHT\timer\timer.c
                     test   0x0048fe    program     static                          
               timer0_isr   0x003040    program     extern D:\PICKIT\TRAFFIC_LIGHT\TRAFFIC_LIGHT\timer\timer.c
               timer1_isr   0x00305c    program     extern D:\PICKIT\TRAFFIC_LIGHT\TRAFFIC_LIGHT\timer\timer.c
               timer2_isr   0x003078    program     extern D:\PICKIT\TRAFFIC_LIGHT\TRAFFIC_LIGHT\timer\timer.c
               timer3_isr   0x003094    program     extern D:\PICKIT\TRAFFIC_LIGHT\TRAFFIC_LIGHT\timer\timer.c
            uart_delay_ms   0x003634    program     extern D:\PICKIT\TRAFFIC_LIGHT\TRAFFIC_LIGHT\uart\uart.c
                 uart_isr   0x003a7c    program     extern D:\PICKIT\TRAFFIC_LIGHT\TRAFFIC_LIGHT\uart\uart.c
uart_isr_simulate_machine   0x004758    program     extern D:\PICKIT\TRAFFIC_LIGHT\TRAFFIC_LIGHT\simulate_machine\simulate_machine.c
            uart_power_of   0x003764    program     extern D:\PICKIT\TRAFFIC_LIGHT\TRAFFIC_LIGHT\uart\uart.c
             uart_putchar   0x0036bc    program     extern D:\PICKIT\TRAFFIC_LIGHT\TRAFFIC_LIGHT\uart\uart.c
            uart_send_str   0x0036d8    program     extern D:\PICKIT\TRAFFIC_LIGHT\TRAFFIC_LIGHT\uart\uart.c
                 v_timer0   0x001e84    program     extern D:\PICKIT\TRAFFIC_LIGHT\TRAFFIC_LIGHT\lcd\lcd.c
              write_8bit1   0x00318e    program     extern D:\PICKIT\TRAFFIC_LIGHT\TRAFFIC_LIGHT\led7seg\led7seg.c
              write_8bit2   0x00326a    program     extern D:\PICKIT\TRAFFIC_LIGHT\TRAFFIC_LIGHT\led7seg\led7seg.c
       write_8bit_traffic   0x004194    program     extern D:\PICKIT\TRAFFIC_LIGHT\TRAFFIC_LIGHT\traffic_led\traffic_led.c
             write_ds1307   0x003bbc    program     extern D:\PICKIT\TRAFFIC_LIGHT\TRAFFIC_LIGHT\i2c\i2c.c
             write_eeprom   0x003c26    program     extern D:\PICKIT\TRAFFIC_LIGHT\TRAFFIC_LIGHT\i2c\i2c.c
               zero_block   0x004b76    program     static E:\3.46\pic18-lt\cxx-framework\src\traditional\proc\p18f4620.asm
                   ADCON0   0x000fc2       data     extern E:\3.46\pic18-lt\cxx-framework\src\traditional\proc\p18f4620.asm
               ADCON0bits   0x000fc2       data     extern E:\3.46\pic18-lt\cxx-framework\src\traditional\proc\p18f4620.asm
                   ADCON1   0x000fc1       data     extern E:\3.46\pic18-lt\cxx-framework\src\traditional\proc\p18f4620.asm
               ADCON1bits   0x000fc1       data     extern E:\3.46\pic18-lt\cxx-framework\src\traditional\proc\p18f4620.asm
                   ADCON2   0x000fc0       data     extern E:\3.46\pic18-lt\cxx-framework\src\traditional\proc\p18f4620.asm
               ADCON2bits   0x000fc0       data     extern E:\3.46\pic18-lt\cxx-framework\src\traditional\proc\p18f4620.asm
                    ADRES   0x000fc3       data     extern E:\3.46\pic18-lt\cxx-framework\src\traditional\proc\p18f4620.asm
                   ADRESH   0x000fc4       data     extern E:\3.46\pic18-lt\cxx-framework\src\traditional\proc\p18f4620.asm
                   ADRESL   0x000fc3       data     extern E:\3.46\pic18-lt\cxx-framework\src\traditional\proc\p18f4620.asm
                  BAUDCON   0x000fb8       data     extern E:\3.46\pic18-lt\cxx-framework\src\traditional\proc\p18f4620.asm
              BAUDCONbits   0x000fb8       data     extern E:\3.46\pic18-lt\cxx-framework\src\traditional\proc\p18f4620.asm
                  BAUDCTL   0x000fb8       data     extern E:\3.46\pic18-lt\cxx-framework\src\traditional\proc\p18f4620.asm
              BAUDCTLbits   0x000fb8       data     extern E:\3.46\pic18-lt\cxx-framework\src\traditional\proc\p18f4620.asm
                      BSR   0x000fe0       data     extern E:\3.46\pic18-lt\cxx-framework\src\traditional\proc\p18f4620.asm
                  CCP1CON   0x000fbd       data     extern E:\3.46\pic18-lt\cxx-framework\src\traditional\proc\p18f4620.asm
              CCP1CONbits   0x000fbd       data     extern E:\3.46\pic18-lt\cxx-framework\src\traditional\proc\p18f4620.asm
                  CCP2CON   0x000fba       data     extern E:\3.46\pic18-lt\cxx-framework\src\traditional\proc\p18f4620.asm
              CCP2CONbits   0x000fba       data     extern E:\3.46\pic18-lt\cxx-framework\src\traditional\proc\p18f4620.asm
                    CCPR1   0x000fbe       data     extern E:\3.46\pic18-lt\cxx-framework\src\traditional\proc\p18f4620.asm
                   CCPR1H   0x000fbf       data     extern E:\3.46\pic18-lt\cxx-framework\src\traditional\proc\p18f4620.asm
                   CCPR1L   0x000fbe       data     extern E:\3.46\pic18-lt\cxx-framework\src\traditional\proc\p18f4620.asm
                    CCPR2   0x000fbb       data     extern E:\3.46\pic18-lt\cxx-framework\src\traditional\proc\p18f4620.asm
                   CCPR2H   0x000fbc       data     extern E:\3.46\pic18-lt\cxx-framework\src\traditional\proc\p18f4620.asm
                   CCPR2L   0x000fbb       data     extern E:\3.46\pic18-lt\cxx-framework\src\traditional\proc\p18f4620.asm
                    CMCON   0x000fb4       data     extern E:\3.46\pic18-lt\cxx-framework\src\traditional\proc\p18f4620.asm
                CMCONbits   0x000fb4       data     extern E:\3.46\pic18-lt\cxx-framework\src\traditional\proc\p18f4620.asm
                   CVRCON   0x000fb5       data     extern E:\3.46\pic18-lt\cxx-framework\src\traditional\proc\p18f4620.asm
               CVRCONbits   0x000fb5       data     extern E:\3.46\pic18-lt\cxx-framework\src\traditional\proc\p18f4620.asm
                     DDRA   0x000f92       data     extern E:\3.46\pic18-lt\cxx-framework\src\traditional\proc\p18f4620.asm
                 DDRAbits   0x000f92       data     extern E:\3.46\pic18-lt\cxx-framework\src\traditional\proc\p18f4620.asm
                     DDRB   0x000f93       data     extern E:\3.46\pic18-lt\cxx-framework\src\traditional\proc\p18f4620.asm
                 DDRBbits   0x000f93       data     extern E:\3.46\pic18-lt\cxx-framework\src\traditional\proc\p18f4620.asm
                     DDRC   0x000f94       data     extern E:\3.46\pic18-lt\cxx-framework\src\traditional\proc\p18f4620.asm
                 DDRCbits   0x000f94       data     extern E:\3.46\pic18-lt\cxx-framework\src\traditional\proc\p18f4620.asm
                     DDRD   0x000f95       data     extern E:\3.46\pic18-lt\cxx-framework\src\traditional\proc\p18f4620.asm
                 DDRDbits   0x000f95       data     extern E:\3.46\pic18-lt\cxx-framework\src\traditional\proc\p18f4620.asm
                     DDRE   0x000f96       data     extern E:\3.46\pic18-lt\cxx-framework\src\traditional\proc\p18f4620.asm
                 DDREbits   0x000f96       data     extern E:\3.46\pic18-lt\cxx-framework\src\traditional\proc\p18f4620.asm
                  ECCP1AS   0x000fb6       data     extern E:\3.46\pic18-lt\cxx-framework\src\traditional\proc\p18f4620.asm
              ECCP1ASbits   0x000fb6       data     extern E:\3.46\pic18-lt\cxx-framework\src\traditional\proc\p18f4620.asm
                    EEADR   0x000fa9       data     extern E:\3.46\pic18-lt\cxx-framework\src\traditional\proc\p18f4620.asm
                   EEADRH   0x000faa       data     extern E:\3.46\pic18-lt\cxx-framework\src\traditional\proc\p18f4620.asm
                   EECON1   0x000fa6       data     extern E:\3.46\pic18-lt\cxx-framework\src\traditional\proc\p18f4620.asm
               EECON1bits   0x000fa6       data     extern E:\3.46\pic18-lt\cxx-framework\src\traditional\proc\p18f4620.asm
                   EECON2   0x000fa7       data     extern E:\3.46\pic18-lt\cxx-framework\src\traditional\proc\p18f4620.asm
                   EEDATA   0x000fa8       data     extern E:\3.46\pic18-lt\cxx-framework\src\traditional\proc\p18f4620.asm
                     FSR0   0x000fe9       data     extern E:\3.46\pic18-lt\cxx-framework\src\traditional\proc\p18f4620.asm
                    FSR0H   0x000fea       data     extern E:\3.46\pic18-lt\cxx-framework\src\traditional\proc\p18f4620.asm
                    FSR0L   0x000fe9       data     extern E:\3.46\pic18-lt\cxx-framework\src\traditional\proc\p18f4620.asm
                     FSR1   0x000fe1       data     extern E:\3.46\pic18-lt\cxx-framework\src\traditional\proc\p18f4620.asm
                    FSR1H   0x000fe2       data     extern E:\3.46\pic18-lt\cxx-framework\src\traditional\proc\p18f4620.asm
                    FSR1L   0x000fe1       data     extern E:\3.46\pic18-lt\cxx-framework\src\traditional\proc\p18f4620.asm
                     FSR2   0x000fd9       data     extern E:\3.46\pic18-lt\cxx-framework\src\traditional\proc\p18f4620.asm
                    FSR2H   0x000fda       data     extern E:\3.46\pic18-lt\cxx-framework\src\traditional\proc\p18f4620.asm
                    FSR2L   0x000fd9       data     extern E:\3.46\pic18-lt\cxx-framework\src\traditional\proc\p18f4620.asm
                  HLVDCON   0x000fd2       data     extern E:\3.46\pic18-lt\cxx-framework\src\traditional\proc\p18f4620.asm
              HLVDCONbits   0x000fd2       data     extern E:\3.46\pic18-lt\cxx-framework\src\traditional\proc\p18f4620.asm
                    INDF0   0x000fef       data     extern E:\3.46\pic18-lt\cxx-framework\src\traditional\proc\p18f4620.asm
                    INDF1   0x000fe7       data     extern E:\3.46\pic18-lt\cxx-framework\src\traditional\proc\p18f4620.asm
                    INDF2   0x000fdf       data     extern E:\3.46\pic18-lt\cxx-framework\src\traditional\proc\p18f4620.asm
                   INTCON   0x000ff2       data     extern E:\3.46\pic18-lt\cxx-framework\src\traditional\proc\p18f4620.asm
                  INTCON2   0x000ff1       data     extern E:\3.46\pic18-lt\cxx-framework\src\traditional\proc\p18f4620.asm
              INTCON2bits   0x000ff1       data     extern E:\3.46\pic18-lt\cxx-framework\src\traditional\proc\p18f4620.asm
                  INTCON3   0x000ff0       data     extern E:\3.46\pic18-lt\cxx-framework\src\traditional\proc\p18f4620.asm
              INTCON3bits   0x000ff0       data     extern E:\3.46\pic18-lt\cxx-framework\src\traditional\proc\p18f4620.asm
               INTCONbits   0x000ff2       data     extern E:\3.46\pic18-lt\cxx-framework\src\traditional\proc\p18f4620.asm
                     IPR1   0x000f9f       data     extern E:\3.46\pic18-lt\cxx-framework\src\traditional\proc\p18f4620.asm
                 IPR1bits   0x000f9f       data     extern E:\3.46\pic18-lt\cxx-framework\src\traditional\proc\p18f4620.asm
                     IPR2   0x000fa2       data     extern E:\3.46\pic18-lt\cxx-framework\src\traditional\proc\p18f4620.asm
                 IPR2bits   0x000fa2       data     extern E:\3.46\pic18-lt\cxx-framework\src\traditional\proc\p18f4620.asm
                     LATA   0x000f89       data     extern E:\3.46\pic18-lt\cxx-framework\src\traditional\proc\p18f4620.asm
                 LATAbits   0x000f89       data     extern E:\3.46\pic18-lt\cxx-framework\src\traditional\proc\p18f4620.asm
                     LATB   0x000f8a       data     extern E:\3.46\pic18-lt\cxx-framework\src\traditional\proc\p18f4620.asm
                 LATBbits   0x000f8a       data     extern E:\3.46\pic18-lt\cxx-framework\src\traditional\proc\p18f4620.asm
                     LATC   0x000f8b       data     extern E:\3.46\pic18-lt\cxx-framework\src\traditional\proc\p18f4620.asm
                 LATCbits   0x000f8b       data     extern E:\3.46\pic18-lt\cxx-framework\src\traditional\proc\p18f4620.asm
                     LATD   0x000f8c       data     extern E:\3.46\pic18-lt\cxx-framework\src\traditional\proc\p18f4620.asm
                 LATDbits   0x000f8c       data     extern E:\3.46\pic18-lt\cxx-framework\src\traditional\proc\p18f4620.asm
                     LATE   0x000f8d       data     extern E:\3.46\pic18-lt\cxx-framework\src\traditional\proc\p18f4620.asm
                 LATEbits   0x000f8d       data     extern E:\3.46\pic18-lt\cxx-framework\src\traditional\proc\p18f4620.asm
                LED7_mask   0x000100       data     extern D:\PICKIT\TRAFFIC_LIGHT\TRAFFIC_LIGHT\main.c
                   LVDCON   0x000fd2       data     extern E:\3.46\pic18-lt\cxx-framework\src\traditional\proc\p18f4620.asm
               LVDCONbits   0x000fd2       data     extern E:\3.46\pic18-lt\cxx-framework\src\traditional\proc\p18f4620.asm
                LcdScreen   0x000f41       data     extern D:\PICKIT\TRAFFIC_LIGHT\TRAFFIC_LIGHT\lcd\lcd.c
                   OSCCON   0x000fd3       data     extern E:\3.46\pic18-lt\cxx-framework\src\traditional\proc\p18f4620.asm
               OSCCONbits   0x000fd3       data     extern E:\3.46\pic18-lt\cxx-framework\src\traditional\proc\p18f4620.asm
                  OSCTUNE   0x000f9b       data     extern E:\3.46\pic18-lt\cxx-framework\src\traditional\proc\p18f4620.asm
              OSCTUNEbits   0x000f9b       data     extern E:\3.46\pic18-lt\cxx-framework\src\traditional\proc\p18f4620.asm
                       PC   0x000ff9       data     extern E:\3.46\pic18-lt\cxx-framework\src\traditional\proc\p18f4620.asm
                      PCL   0x000ff9       data     extern E:\3.46\pic18-lt\cxx-framework\src\traditional\proc\p18f4620.asm
                   PCLATH   0x000ffa       data     extern E:\3.46\pic18-lt\cxx-framework\src\traditional\proc\p18f4620.asm
                   PCLATU   0x000ffb       data     extern E:\3.46\pic18-lt\cxx-framework\src\traditional\proc\p18f4620.asm
                     PIE1   0x000f9d       data     extern E:\3.46\pic18-lt\cxx-framework\src\traditional\proc\p18f4620.asm
                 PIE1bits   0x000f9d       data     extern E:\3.46\pic18-lt\cxx-framework\src\traditional\proc\p18f4620.asm
                     PIE2   0x000fa0       data     extern E:\3.46\pic18-lt\cxx-framework\src\traditional\proc\p18f4620.asm
                 PIE2bits   0x000fa0       data     extern E:\3.46\pic18-lt\cxx-framework\src\traditional\proc\p18f4620.asm
                     PIR1   0x000f9e       data     extern E:\3.46\pic18-lt\cxx-framework\src\traditional\proc\p18f4620.asm
                 PIR1bits   0x000f9e       data     extern E:\3.46\pic18-lt\cxx-framework\src\traditional\proc\p18f4620.asm
                     PIR2   0x000fa1       data     extern E:\3.46\pic18-lt\cxx-framework\src\traditional\proc\p18f4620.asm
                 PIR2bits   0x000fa1       data     extern E:\3.46\pic18-lt\cxx-framework\src\traditional\proc\p18f4620.asm
                   PLUSW0   0x000feb       data     extern E:\3.46\pic18-lt\cxx-framework\src\traditional\proc\p18f4620.asm
                   PLUSW1   0x000fe3       data     extern E:\3.46\pic18-lt\cxx-framework\src\traditional\proc\p18f4620.asm
                   PLUSW2   0x000fdb       data     extern E:\3.46\pic18-lt\cxx-framework\src\traditional\proc\p18f4620.asm
                    PORTA   0x000f80       data     extern E:\3.46\pic18-lt\cxx-framework\src\traditional\proc\p18f4620.asm
                PORTAbits   0x000f80       data     extern E:\3.46\pic18-lt\cxx-framework\src\traditional\proc\p18f4620.asm
                    PORTB   0x000f81       data     extern E:\3.46\pic18-lt\cxx-framework\src\traditional\proc\p18f4620.asm
                PORTBbits   0x000f81       data     extern E:\3.46\pic18-lt\cxx-framework\src\traditional\proc\p18f4620.asm
                    PORTC   0x000f82       data     extern E:\3.46\pic18-lt\cxx-framework\src\traditional\proc\p18f4620.asm
                PORTCbits   0x000f82       data     extern E:\3.46\pic18-lt\cxx-framework\src\traditional\proc\p18f4620.asm
                    PORTD   0x000f83       data     extern E:\3.46\pic18-lt\cxx-framework\src\traditional\proc\p18f4620.asm
                PORTDbits   0x000f83       data     extern E:\3.46\pic18-lt\cxx-framework\src\traditional\proc\p18f4620.asm
                    PORTE   0x000f84       data     extern E:\3.46\pic18-lt\cxx-framework\src\traditional\proc\p18f4620.asm
                PORTEbits   0x000f84       data     extern E:\3.46\pic18-lt\cxx-framework\src\traditional\proc\p18f4620.asm
                 POSTDEC0   0x000fed       data     extern E:\3.46\pic18-lt\cxx-framework\src\traditional\proc\p18f4620.asm
                 POSTDEC1   0x000fe5       data     extern E:\3.46\pic18-lt\cxx-framework\src\traditional\proc\p18f4620.asm
                 POSTDEC2   0x000fdd       data     extern E:\3.46\pic18-lt\cxx-framework\src\traditional\proc\p18f4620.asm
                 POSTINC0   0x000fee       data     extern E:\3.46\pic18-lt\cxx-framework\src\traditional\proc\p18f4620.asm
                 POSTINC1   0x000fe6       data     extern E:\3.46\pic18-lt\cxx-framework\src\traditional\proc\p18f4620.asm
                 POSTINC2   0x000fde       data     extern E:\3.46\pic18-lt\cxx-framework\src\traditional\proc\p18f4620.asm
                      PR2   0x000fcb       data     extern E:\3.46\pic18-lt\cxx-framework\src\traditional\proc\p18f4620.asm
                  PREINC0   0x000fec       data     extern E:\3.46\pic18-lt\cxx-framework\src\traditional\proc\p18f4620.asm
                  PREINC1   0x000fe4       data     extern E:\3.46\pic18-lt\cxx-framework\src\traditional\proc\p18f4620.asm
                  PREINC2   0x000fdc       data     extern E:\3.46\pic18-lt\cxx-framework\src\traditional\proc\p18f4620.asm
                     PROD   0x000ff3       data     extern E:\3.46\pic18-lt\cxx-framework\src\traditional\proc\p18f4620.asm
                    PRODH   0x000ff4       data     extern E:\3.46\pic18-lt\cxx-framework\src\traditional\proc\p18f4620.asm
                    PRODL   0x000ff3       data     extern E:\3.46\pic18-lt\cxx-framework\src\traditional\proc\p18f4620.asm
                  PWM1CON   0x000fb7       data     extern E:\3.46\pic18-lt\cxx-framework\src\traditional\proc\p18f4620.asm
              PWM1CONbits   0x000fb7       data     extern E:\3.46\pic18-lt\cxx-framework\src\traditional\proc\p18f4620.asm
                     RCON   0x000fd0       data     extern E:\3.46\pic18-lt\cxx-framework\src\traditional\proc\p18f4620.asm
                 RCONbits   0x000fd0       data     extern E:\3.46\pic18-lt\cxx-framework\src\traditional\proc\p18f4620.asm
                    RCREG   0x000fae       data     extern E:\3.46\pic18-lt\cxx-framework\src\traditional\proc\p18f4620.asm
                    RCSTA   0x000fab       data     extern E:\3.46\pic18-lt\cxx-framework\src\traditional\proc\p18f4620.asm
                RCSTAbits   0x000fab       data     extern E:\3.46\pic18-lt\cxx-framework\src\traditional\proc\p18f4620.asm
                     SIGN   0x000000       data     extern E:\3.46\pic18-lt\cxx-framework\src\traditional\math\cmath18.asm
                    SPBRG   0x000faf       data     extern E:\3.46\pic18-lt\cxx-framework\src\traditional\proc\p18f4620.asm
                   SPBRGH   0x000fb0       data     extern E:\3.46\pic18-lt\cxx-framework\src\traditional\proc\p18f4620.asm
                   SSPADD   0x000fc8       data     extern E:\3.46\pic18-lt\cxx-framework\src\traditional\proc\p18f4620.asm
                   SSPBUF   0x000fc9       data     extern E:\3.46\pic18-lt\cxx-framework\src\traditional\proc\p18f4620.asm
                  SSPCON1   0x000fc6       data     extern E:\3.46\pic18-lt\cxx-framework\src\traditional\proc\p18f4620.asm
              SSPCON1bits   0x000fc6       data     extern E:\3.46\pic18-lt\cxx-framework\src\traditional\proc\p18f4620.asm
                  SSPCON2   0x000fc5       data     extern E:\3.46\pic18-lt\cxx-framework\src\traditional\proc\p18f4620.asm
              SSPCON2bits   0x000fc5       data     extern E:\3.46\pic18-lt\cxx-framework\src\traditional\proc\p18f4620.asm
                  SSPSTAT   0x000fc7       data     extern E:\3.46\pic18-lt\cxx-framework\src\traditional\proc\p18f4620.asm
              SSPSTATbits   0x000fc7       data     extern E:\3.46\pic18-lt\cxx-framework\src\traditional\proc\p18f4620.asm
                   STATUS   0x000fd8       data     extern E:\3.46\pic18-lt\cxx-framework\src\traditional\proc\p18f4620.asm
               STATUSbits   0x000fd8       data     extern E:\3.46\pic18-lt\cxx-framework\src\traditional\proc\p18f4620.asm
                   STKPTR   0x000ffc       data     extern E:\3.46\pic18-lt\cxx-framework\src\traditional\proc\p18f4620.asm
               STKPTRbits   0x000ffc       data     extern E:\3.46\pic18-lt\cxx-framework\src\traditional\proc\p18f4620.asm
                    T0CON   0x000fd5       data     extern E:\3.46\pic18-lt\cxx-framework\src\traditional\proc\p18f4620.asm
                T0CONbits   0x000fd5       data     extern E:\3.46\pic18-lt\cxx-framework\src\traditional\proc\p18f4620.asm
                    T1CON   0x000fcd       data     extern E:\3.46\pic18-lt\cxx-framework\src\traditional\proc\p18f4620.asm
                T1CONbits   0x000fcd       data     extern E:\3.46\pic18-lt\cxx-framework\src\traditional\proc\p18f4620.asm
                    T2CON   0x000fca       data     extern E:\3.46\pic18-lt\cxx-framework\src\traditional\proc\p18f4620.asm
                T2CONbits   0x000fca       data     extern E:\3.46\pic18-lt\cxx-framework\src\traditional\proc\p18f4620.asm
                    T3CON   0x000fb1       data     extern E:\3.46\pic18-lt\cxx-framework\src\traditional\proc\p18f4620.asm
                T3CONbits   0x000fb1       data     extern E:\3.46\pic18-lt\cxx-framework\src\traditional\proc\p18f4620.asm
                   TABLAT   0x000ff5       data     extern E:\3.46\pic18-lt\cxx-framework\src\traditional\proc\p18f4620.asm
                   TBLPTR   0x000ff6       data     extern E:\3.46\pic18-lt\cxx-framework\src\traditional\proc\p18f4620.asm
                  TBLPTRH   0x000ff7       data     extern E:\3.46\pic18-lt\cxx-framework\src\traditional\proc\p18f4620.asm
                  TBLPTRL   0x000ff6       data     extern E:\3.46\pic18-lt\cxx-framework\src\traditional\proc\p18f4620.asm
                  TBLPTRU   0x000ff8       data     extern E:\3.46\pic18-lt\cxx-framework\src\traditional\proc\p18f4620.asm
                    TMR0H   0x000fd7       data     extern E:\3.46\pic18-lt\cxx-framework\src\traditional\proc\p18f4620.asm
                    TMR0L   0x000fd6       data     extern E:\3.46\pic18-lt\cxx-framework\src\traditional\proc\p18f4620.asm
                    TMR1H   0x000fcf       data     extern E:\3.46\pic18-lt\cxx-framework\src\traditional\proc\p18f4620.asm
                    TMR1L   0x000fce       data     extern E:\3.46\pic18-lt\cxx-framework\src\traditional\proc\p18f4620.asm
                     TMR2   0x000fcc       data     extern E:\3.46\pic18-lt\cxx-framework\src\traditional\proc\p18f4620.asm
                    TMR3H   0x000fb3       data     extern E:\3.46\pic18-lt\cxx-framework\src\traditional\proc\p18f4620.asm
                    TMR3L   0x000fb2       data     extern E:\3.46\pic18-lt\cxx-framework\src\traditional\proc\p18f4620.asm
                      TOS   0x000ffd       data     extern E:\3.46\pic18-lt\cxx-framework\src\traditional\proc\p18f4620.asm
                     TOSH   0x000ffe       data     extern E:\3.46\pic18-lt\cxx-framework\src\traditional\proc\p18f4620.asm
                     TOSL   0x000ffd       data     extern E:\3.46\pic18-lt\cxx-framework\src\traditional\proc\p18f4620.asm
                     TOSU   0x000fff       data     extern E:\3.46\pic18-lt\cxx-framework\src\traditional\proc\p18f4620.asm
                    TRISA   0x000f92       data     extern E:\3.46\pic18-lt\cxx-framework\src\traditional\proc\p18f4620.asm
                TRISAbits   0x000f92       data     extern E:\3.46\pic18-lt\cxx-framework\src\traditional\proc\p18f4620.asm
                    TRISB   0x000f93       data     extern E:\3.46\pic18-lt\cxx-framework\src\traditional\proc\p18f4620.asm
                TRISBbits   0x000f93       data     extern E:\3.46\pic18-lt\cxx-framework\src\traditional\proc\p18f4620.asm
                    TRISC   0x000f94       data     extern E:\3.46\pic18-lt\cxx-framework\src\traditional\proc\p18f4620.asm
                TRISCbits   0x000f94       data     extern E:\3.46\pic18-lt\cxx-framework\src\traditional\proc\p18f4620.asm
                    TRISD   0x000f95       data     extern E:\3.46\pic18-lt\cxx-framework\src\traditional\proc\p18f4620.asm
                TRISDbits   0x000f95       data     extern E:\3.46\pic18-lt\cxx-framework\src\traditional\proc\p18f4620.asm
                    TRISE   0x000f96       data     extern E:\3.46\pic18-lt\cxx-framework\src\traditional\proc\p18f4620.asm
                TRISEbits   0x000f96       data     extern E:\3.46\pic18-lt\cxx-framework\src\traditional\proc\p18f4620.asm
                    TXREG   0x000fad       data     extern E:\3.46\pic18-lt\cxx-framework\src\traditional\proc\p18f4620.asm
                    TXSTA   0x000fac       data     extern E:\3.46\pic18-lt\cxx-framework\src\traditional\proc\p18f4620.asm
                TXSTAbits   0x000fac       data     extern E:\3.46\pic18-lt\cxx-framework\src\traditional\proc\p18f4620.asm
                 UserFont   0x000f00       data     extern D:\PICKIT\TRAFFIC_LIGHT\TRAFFIC_LIGHT\lcd\lcd.c
                        W   0x000fe8       data     extern E:\3.46\pic18-lt\cxx-framework\src\traditional\proc\p18f4620.asm
                   WDTCON   0x000fd1       data     extern E:\3.46\pic18-lt\cxx-framework\src\traditional\proc\p18f4620.asm
               WDTCONbits   0x000fd1       data     extern E:\3.46\pic18-lt\cxx-framework\src\traditional\proc\p18f4620.asm
                     WREG   0x000fe8       data     extern E:\3.46\pic18-lt\cxx-framework\src\traditional\proc\p18f4620.asm
             WaitResponse   0x00017f       data     extern D:\PICKIT\TRAFFIC_LIGHT\TRAFFIC_LIGHT\simulate_machine\simulate_machine.c
                 __AARGB0   0x000009       data     extern E:\3.46\pic18-lt\cxx-framework\src\traditional\math\aarg.asm
                 __AARGB1   0x000008       data     extern E:\3.46\pic18-lt\cxx-framework\src\traditional\math\aarg.asm
                 __AARGB2   0x000007       data     extern E:\3.46\pic18-lt\cxx-framework\src\traditional\math\aarg.asm
                 __AARGB3   0x000006       data     extern E:\3.46\pic18-lt\cxx-framework\src\traditional\math\aarg.asm
                 __AARGB4   0x000005       data     extern E:\3.46\pic18-lt\cxx-framework\src\traditional\math\aarg.asm
                 __AARGB5   0x000004       data     extern E:\3.46\pic18-lt\cxx-framework\src\traditional\math\aarg.asm
                 __AARGB6   0x000003       data     extern E:\3.46\pic18-lt\cxx-framework\src\traditional\math\aarg.asm
                 __AARGB7   0x000002       data     extern E:\3.46\pic18-lt\cxx-framework\src\traditional\math\aarg.asm
                   __AEXP   0x00000a       data     extern E:\3.46\pic18-lt\cxx-framework\src\traditional\math\aarg.asm
                 __BARGB0   0x00000e       data     extern E:\3.46\pic18-lt\cxx-framework\src\traditional\math\barg.asm
                 __BARGB1   0x00000d       data     extern E:\3.46\pic18-lt\cxx-framework\src\traditional\math\barg.asm
                 __BARGB2   0x00000c       data     extern E:\3.46\pic18-lt\cxx-framework\src\traditional\math\barg.asm
                 __BARGB3   0x00000b       data     extern E:\3.46\pic18-lt\cxx-framework\src\traditional\math\barg.asm
                   __BEXP   0x00000f       data     extern E:\3.46\pic18-lt\cxx-framework\src\traditional\math\barg.asm
                __FPFLAGS   0x000001       data     extern E:\3.46\pic18-lt\cxx-framework\src\traditional\math\cmath18.asm
            __FPFLAGSbits   0x000001       data     extern E:\3.46\pic18-lt\cxx-framework\src\traditional\math\cmath18.asm
                  __REMB0   0x000005       data     extern E:\3.46\pic18-lt\cxx-framework\src\traditional\math\aarg.asm
                  __REMB1   0x000004       data     extern E:\3.46\pic18-lt\cxx-framework\src\traditional\math\aarg.asm
                  __REMB2   0x000003       data     extern E:\3.46\pic18-lt\cxx-framework\src\traditional\math\aarg.asm
                  __REMB3   0x000002       data     extern E:\3.46\pic18-lt\cxx-framework\src\traditional\math\aarg.asm
                  __tmp_0   0x000010       data     static D:\PICKIT\TRAFFIC_LIGHT\TRAFFIC_LIGHT\button_matrix\button.c
                  __tmp_0   0x000010       data     static D:\PICKIT\TRAFFIC_LIGHT\TRAFFIC_LIGHT\main.c
                  __tmp_0   0x000010       data     static D:\PICKIT\TRAFFIC_LIGHT\TRAFFIC_LIGHT\timer\timer.c
                  __tmp_0   0x000010       data     static D:\PICKIT\TRAFFIC_LIGHT\TRAFFIC_LIGHT\lcd\lcd.c
                  __tmp_0   0x000010       data     static D:\PICKIT\TRAFFIC_LIGHT\TRAFFIC_LIGHT\i2c\i2c.c
                  __tmp_0   0x000010       data     static D:\PICKIT\TRAFFIC_LIGHT\TRAFFIC_LIGHT\adc\adc.c
                  __tmp_0   0x000010       data     static D:\PICKIT\TRAFFIC_LIGHT\TRAFFIC_LIGHT\uart\uart.c
                  __tmp_0   0x000010       data     static D:\PICKIT\TRAFFIC_LIGHT\TRAFFIC_LIGHT\traffic_led\traffic_led.c
                  __tmp_0   0x000010       data     static D:\PICKIT\TRAFFIC_LIGHT\TRAFFIC_LIGHT\led7seg\led7seg.c
                  ack_bit   0x000198       data     extern D:\PICKIT\TRAFFIC_LIGHT\TRAFFIC_LIGHT\i2c\i2c.c
                 ack_flag   0x0000fd       data     extern D:\PICKIT\TRAFFIC_LIGHT\TRAFFIC_LIGHT\i2c\i2c.c
                adc_value   0x000f61       data     extern D:\PICKIT\TRAFFIC_LIGHT\TRAFFIC_LIGHT\adc\adc.c
      arrayMaskInputOfKey   0x000159       data     extern D:\PICKIT\TRAFFIC_LIGHT\TRAFFIC_LIGHT\button_matrix\button.c
     arrayMaskOutputOfKey   0x000155       data     extern D:\PICKIT\TRAFFIC_LIGHT\TRAFFIC_LIGHT\button_matrix\button.c
              buttonDelay   0x00015d       data     extern D:\PICKIT\TRAFFIC_LIGHT\TRAFFIC_LIGHT\button_matrix\button.c
                 byte_num   0x0000e6       data     extern D:\PICKIT\TRAFFIC_LIGHT\TRAFFIC_LIGHT\i2c\i2c.c
                     cnt0   0x000194       data     extern D:\PICKIT\TRAFFIC_LIGHT\TRAFFIC_LIGHT\interrupt\interrupt.c
                     cnt1   0x000196       data     extern D:\PICKIT\TRAFFIC_LIGHT\TRAFFIC_LIGHT\interrupt\interrupt.c
               cur_status   0x000199       data     extern D:\PICKIT\TRAFFIC_LIGHT\TRAFFIC_LIGHT\traffic_led\traffic_led.c
                curr_byte   0x00018d       data     static E:\3.46\pic18-lt\cxx-framework\src\traditional\startup\c018i.c
               curr_entry   0x00018f       data     static E:\3.46\pic18-lt\cxx-framework\src\traditional\startup\c018i.c
              current_col   0x000f7d       data     extern D:\PICKIT\TRAFFIC_LIGHT\TRAFFIC_LIGHT\lcd\lcd.c
              current_row   0x000f7b       data     extern D:\PICKIT\TRAFFIC_LIGHT\TRAFFIC_LIGHT\lcd\lcd.c
              dataReceive   0x000081       data     extern D:\PICKIT\TRAFFIC_LIGHT\TRAFFIC_LIGHT\simulate_machine\simulate_machine.c
                 dataSend   0x0000b3       data     extern D:\PICKIT\TRAFFIC_LIGHT\TRAFFIC_LIGHT\simulate_machine\simulate_machine.c
                 data_ptr   0x000191       data     static E:\3.46\pic18-lt\cxx-framework\src\traditional\startup\c018i.c
               duty_cycle   0x00019a       data     extern D:\PICKIT\TRAFFIC_LIGHT\TRAFFIC_LIGHT\pwm\pwm.c
flagOfDataReceiveComplete   0x000181       data     extern D:\PICKIT\TRAFFIC_LIGHT\TRAFFIC_LIGHT\simulate_machine\simulate_machine.c
                flag_read   0x0000e5       data     extern D:\PICKIT\TRAFFIC_LIGHT\TRAFFIC_LIGHT\i2c\i2c.c
              flag_timer0   0x000166       data     extern D:\PICKIT\TRAFFIC_LIGHT\TRAFFIC_LIGHT\timer\timer.c
              flag_timer1   0x000167       data     extern D:\PICKIT\TRAFFIC_LIGHT\TRAFFIC_LIGHT\timer\timer.c
              flag_timer2   0x000168       data     extern D:\PICKIT\TRAFFIC_LIGHT\TRAFFIC_LIGHT\timer\timer.c
              flag_timer3   0x000169       data     extern D:\PICKIT\TRAFFIC_LIGHT\TRAFFIC_LIGHT\timer\timer.c
        globalTimeOfGreen   0x00011d       data     extern D:\PICKIT\TRAFFIC_LIGHT\TRAFFIC_LIGHT\main.c
          globalTimeOfRed   0x00011e       data     extern D:\PICKIT\TRAFFIC_LIGHT\TRAFFIC_LIGHT\main.c
       globalTimeOfYellow   0x00011f       data     extern D:\PICKIT\TRAFFIC_LIGHT\TRAFFIC_LIGHT\main.c
                greenFlag   0x000130       data     extern D:\PICKIT\TRAFFIC_LIGHT\TRAFFIC_LIGHT\main.c
                        i   0x000080       data     extern D:\PICKIT\TRAFFIC_LIGHT\TRAFFIC_LIGHT\simulate_machine\simulate_machine.c
                 i2c_data   0x0000ff       data     extern D:\PICKIT\TRAFFIC_LIGHT\TRAFFIC_LIGHT\i2c\i2c.c
       indexOfDataReceive   0x000183       data     extern D:\PICKIT\TRAFFIC_LIGHT\TRAFFIC_LIGHT\simulate_machine\simulate_machine.c
           indexOfMachine   0x000182       data     extern D:\PICKIT\TRAFFIC_LIGHT\TRAFFIC_LIGHT\simulate_machine\simulate_machine.c
          indexOfdataSend   0x000184       data     extern D:\PICKIT\TRAFFIC_LIGHT\TRAFFIC_LIGHT\simulate_machine\simulate_machine.c
                index_add   0x0000e7       data     extern D:\PICKIT\TRAFFIC_LIGHT\TRAFFIC_LIGHT\i2c\i2c.c
                 key_code   0x000135       data     extern D:\PICKIT\TRAFFIC_LIGHT\TRAFFIC_LIGHT\button_matrix\button.c
      numberOfDataReceive   0x000185       data     extern D:\PICKIT\TRAFFIC_LIGHT\TRAFFIC_LIGHT\simulate_machine\simulate_machine.c
         numberOfDataSend   0x000186       data     extern D:\PICKIT\TRAFFIC_LIGHT\TRAFFIC_LIGHT\simulate_machine\simulate_machine.c
                 prePress   0x00012b       data     extern D:\PICKIT\TRAFFIC_LIGHT\TRAFFIC_LIGHT\main.c
              preTunState   0x00012a       data     extern D:\PICKIT\TRAFFIC_LIGHT\TRAFFIC_LIGHT\main.c
                     prom   0x00018a       data     static E:\3.46\pic18-lt\cxx-framework\src\traditional\startup\c018i.c
                read_data   0x0000f3       data     extern D:\PICKIT\TRAFFIC_LIGHT\TRAFFIC_LIGHT\i2c\i2c.c
             receive_data   0x0000fe       data     extern D:\PICKIT\TRAFFIC_LIGHT\TRAFFIC_LIGHT\i2c\i2c.c
             receive_flag   0x0000fc       data     extern D:\PICKIT\TRAFFIC_LIGHT\TRAFFIC_LIGHT\i2c\i2c.c
                  redFlag   0x00012f       data     extern D:\PICKIT\TRAFFIC_LIGHT\TRAFFIC_LIGHT\main.c
               secCounter   0x000125       data     extern D:\PICKIT\TRAFFIC_LIGHT\TRAFFIC_LIGHT\main.c
           secMenuCounter   0x000127       data     extern D:\PICKIT\TRAFFIC_LIGHT\TRAFFIC_LIGHT\main.c
        secTrafficCounter   0x000126       data     extern D:\PICKIT\TRAFFIC_LIGHT\TRAFFIC_LIGHT\main.c
                    speed   0x000f7f       data     extern D:\PICKIT\TRAFFIC_LIGHT\TRAFFIC_LIGHT\pwm\pwm.c
                statusLCD   0x000f40       data     extern D:\PICKIT\TRAFFIC_LIGHT\TRAFFIC_LIGHT\lcd\lcd.c
           statusOfSystem   0x000116       data     extern D:\PICKIT\TRAFFIC_LIGHT\TRAFFIC_LIGHT\main.c
          statusOfTraffic   0x000117       data     extern D:\PICKIT\TRAFFIC_LIGHT\TRAFFIC_LIGHT\main.c
             statusOfUart   0x000187       data     extern D:\PICKIT\TRAFFIC_LIGHT\TRAFFIC_LIGHT\simulate_machine\simulate_machine.c
            statusReceive   0x000180       data     extern D:\PICKIT\TRAFFIC_LIGHT\TRAFFIC_LIGHT\simulate_machine\simulate_machine.c
             statusSim900   0x00017e       data     extern D:\PICKIT\TRAFFIC_LIGHT\TRAFFIC_LIGHT\simulate_machine\simulate_machine.c
       tempTrafficCounter   0x000129       data     extern D:\PICKIT\TRAFFIC_LIGHT\TRAFFIC_LIGHT\main.c
                time0_MUL   0x000176       data     extern D:\PICKIT\TRAFFIC_LIGHT\TRAFFIC_LIGHT\timer\timer.c
                time1_MUL   0x000178       data     extern D:\PICKIT\TRAFFIC_LIGHT\TRAFFIC_LIGHT\timer\timer.c
                time2_MUL   0x00017a       data     extern D:\PICKIT\TRAFFIC_LIGHT\TRAFFIC_LIGHT\timer\timer.c
                time3_MUL   0x00017c       data     extern D:\PICKIT\TRAFFIC_LIGHT\TRAFFIC_LIGHT\timer\timer.c
       timeChangedataSend   0x000188       data     extern D:\PICKIT\TRAFFIC_LIGHT\TRAFFIC_LIGHT\simulate_machine\simulate_machine.c
              timeCounter   0x000123       data     extern D:\PICKIT\TRAFFIC_LIGHT\TRAFFIC_LIGHT\main.c
              timeOf7Seg1   0x00011b       data     extern D:\PICKIT\TRAFFIC_LIGHT\TRAFFIC_LIGHT\main.c
              timeOf7Seg2   0x00011c       data     extern D:\PICKIT\TRAFFIC_LIGHT\TRAFFIC_LIGHT\main.c
              timeOfGreen   0x000119       data     extern D:\PICKIT\TRAFFIC_LIGHT\TRAFFIC_LIGHT\main.c
                timeOfRed   0x000118       data     extern D:\PICKIT\TRAFFIC_LIGHT\TRAFFIC_LIGHT\main.c
             timeOfYellow   0x00011a       data     extern D:\PICKIT\TRAFFIC_LIGHT\TRAFFIC_LIGHT\main.c
               timer0_cnt   0x00016e       data     extern D:\PICKIT\TRAFFIC_LIGHT\TRAFFIC_LIGHT\timer\timer.c
             timer0_value   0x00015e       data     extern D:\PICKIT\TRAFFIC_LIGHT\TRAFFIC_LIGHT\timer\timer.c
               timer1_cnt   0x000170       data     extern D:\PICKIT\TRAFFIC_LIGHT\TRAFFIC_LIGHT\timer\timer.c
             timer1_value   0x000160       data     extern D:\PICKIT\TRAFFIC_LIGHT\TRAFFIC_LIGHT\timer\timer.c
               timer2_cnt   0x000172       data     extern D:\PICKIT\TRAFFIC_LIGHT\TRAFFIC_LIGHT\timer\timer.c
             timer2_value   0x000162       data     extern D:\PICKIT\TRAFFIC_LIGHT\TRAFFIC_LIGHT\timer\timer.c
               timer3_cnt   0x000174       data     extern D:\PICKIT\TRAFFIC_LIGHT\TRAFFIC_LIGHT\timer\timer.c
             timer3_value   0x000164       data     extern D:\PICKIT\TRAFFIC_LIGHT\TRAFFIC_LIGHT\timer\timer.c
           trafficCounter   0x000124       data     extern D:\PICKIT\TRAFFIC_LIGHT\TRAFFIC_LIGHT\main.c
              tunPrePress   0x00012e       data     extern D:\PICKIT\TRAFFIC_LIGHT\TRAFFIC_LIGHT\main.c
    uartGlobalTimeOfGreen   0x000120       data     extern D:\PICKIT\TRAFFIC_LIGHT\TRAFFIC_LIGHT\main.c
      uartGlobalTimeOfRed   0x000121       data     extern D:\PICKIT\TRAFFIC_LIGHT\TRAFFIC_LIGHT\main.c
   uartGlobalTimeOfYellow   0x000122       data     extern D:\PICKIT\TRAFFIC_LIGHT\TRAFFIC_LIGHT\main.c
            uartGreenFlag   0x000133       data     extern D:\PICKIT\TRAFFIC_LIGHT\TRAFFIC_LIGHT\main.c
             uartPrePress   0x00012c       data     extern D:\PICKIT\TRAFFIC_LIGHT\TRAFFIC_LIGHT\main.c
            uartPrePress1   0x00012d       data     extern D:\PICKIT\TRAFFIC_LIGHT\TRAFFIC_LIGHT\main.c
              uartRedFlag   0x000132       data     extern D:\PICKIT\TRAFFIC_LIGHT\TRAFFIC_LIGHT\main.c
           uartYellowFlag   0x000134       data     extern D:\PICKIT\TRAFFIC_LIGHT\TRAFFIC_LIGHT\main.c
                   v_cnt0   0x00016a       data     extern D:\PICKIT\TRAFFIC_LIGHT\TRAFFIC_LIGHT\timer\timer.c
                   v_cnt1   0x00016c       data     extern D:\PICKIT\TRAFFIC_LIGHT\TRAFFIC_LIGHT\timer\timer.c
              waitCounter   0x000128       data     extern D:\PICKIT\TRAFFIC_LIGHT\TRAFFIC_LIGHT\main.c
               write_data   0x0000e8       data     extern D:\PICKIT\TRAFFIC_LIGHT\TRAFFIC_LIGHT\i2c\i2c.c
               yellowFlag   0x000131       data     extern D:\PICKIT\TRAFFIC_LIGHT\TRAFFIC_LIGHT\main.c



                              Symbols - Sorted by Address
                     Name    Address   Location    Storage File                     
                ---------  ---------  ---------  --------- ---------                
                   _entry   0x000000    program     extern E:\3.46\pic18-lt\cxx-framework\src\traditional\startup\c018i.c
       ___return_lbl00000   0x000004    program     static                          
                   __init   0x000006    program     extern E:\3.46\pic18-lt\cxx-framework\src\traditional\stdclib\__init.c
      InterruptVectorHigh   0x000008    program     extern D:\PICKIT\TRAFFIC_LIGHT\TRAFFIC_LIGHT\interrupt\interrupt.c
       ___return_lbl00003   0x00000c    program     static                          
       InterruptVectorLow   0x000018    program     extern D:\PICKIT\TRAFFIC_LIGHT\TRAFFIC_LIGHT\interrupt\interrupt.c
       ___return_lbl00002   0x00001c    program     static                          
                     main   0x00008c    program     extern D:\PICKIT\TRAFFIC_LIGHT\TRAFFIC_LIGHT\main.c
                 delay_ms   0x0000c8    program     extern D:\PICKIT\TRAFFIC_LIGHT\TRAFFIC_LIGHT\main.c
              init_output   0x000150    program     extern D:\PICKIT\TRAFFIC_LIGHT\TRAFFIC_LIGHT\main.c
              init_system   0x00015a    program     extern D:\PICKIT\TRAFFIC_LIGHT\TRAFFIC_LIGHT\main.c
          AppTrafficLight   0x0001e2    program     extern D:\PICKIT\TRAFFIC_LIGHT\TRAFFIC_LIGHT\main.c
               fsm_manual   0x0003ca    program     extern D:\PICKIT\TRAFFIC_LIGHT\TRAFFIC_LIGHT\main.c
               fsm_tuning   0x0007c2    program     extern D:\PICKIT\TRAFFIC_LIGHT\TRAFFIC_LIGHT\main.c
                  menuRun   0x000ae0    program     extern D:\PICKIT\TRAFFIC_LIGHT\TRAFFIC_LIGHT\main.c
              __tmplbl_88   0x001342    program     static                          
              __tmplbl_87   0x00142c    program     static                          
              __tmplbl_86   0x00150c    program     static                          
              __tmplbl_85   0x001696    program     static                          
              __tmplbl_84   0x0017d4    program     static                          
             __tmplbl_100   0x0018ba    program     static                          
              __tmplbl_83   0x0018c2    program     static                          
              __tmplbl_97   0x001916    program     static                          
              __tmplbl_82   0x00191a    program     static                          
              __tmplbl_81   0x0019ba    program     static                          
              __tmplbl_80   0x001a56    program     static                          
              __tmplbl_96   0x001b08    program     static                          
              __tmplbl_98   0x001b08    program     static                          
              __tmplbl_99   0x001b08    program     static                          
             __tmplbl_107   0x001b08    program     static                          
   UartDataReceiveProcess   0x001b0a    program     extern D:\PICKIT\TRAFFIC_LIGHT\TRAFFIC_LIGHT\main.c
                lcd_delay   0x001df4    program     extern D:\PICKIT\TRAFFIC_LIGHT\TRAFFIC_LIGHT\lcd\lcd.c
                 v_timer0   0x001e84    program     extern D:\PICKIT\TRAFFIC_LIGHT\TRAFFIC_LIGHT\lcd\lcd.c
          lcd_sendCommand   0x001f14    program     extern D:\PICKIT\TRAFFIC_LIGHT\TRAFFIC_LIGHT\lcd\lcd.c
                 lcd_init   0x001f94    program     extern D:\PICKIT\TRAFFIC_LIGHT\TRAFFIC_LIGHT\lcd\lcd.c
          lcd_read_status   0x0020a4    program     extern D:\PICKIT\TRAFFIC_LIGHT\TRAFFIC_LIGHT\lcd\lcd.c
            lcd_wait_busy   0x00215a    program     extern D:\PICKIT\TRAFFIC_LIGHT\TRAFFIC_LIGHT\lcd\lcd.c
          lcd_write_4bits   0x00217a    program     extern D:\PICKIT\TRAFFIC_LIGHT\TRAFFIC_LIGHT\lcd\lcd.c
            lcd_write_cmd   0x0021c0    program     extern D:\PICKIT\TRAFFIC_LIGHT\TRAFFIC_LIGHT\lcd\lcd.c
           lcd_write_data   0x0021fc    program     extern D:\PICKIT\TRAFFIC_LIGHT\TRAFFIC_LIGHT\lcd\lcd.c
              lcd_putchar   0x00223a    program     extern D:\PICKIT\TRAFFIC_LIGHT\TRAFFIC_LIGHT\lcd\lcd.c
           lcd_print_char   0x002254    program     extern D:\PICKIT\TRAFFIC_LIGHT\TRAFFIC_LIGHT\lcd\lcd.c
            lcd_print_str   0x00226e    program     extern D:\PICKIT\TRAFFIC_LIGHT\TRAFFIC_LIGHT\lcd\lcd.c
           lcd_set_cursor   0x0022ae    program     extern D:\PICKIT\TRAFFIC_LIGHT\TRAFFIC_LIGHT\lcd\lcd.c
                lcd_clear   0x0022e8    program     extern D:\PICKIT\TRAFFIC_LIGHT\TRAFFIC_LIGHT\lcd\lcd.c
             lcd_power_of   0x0022fc    program     extern D:\PICKIT\TRAFFIC_LIGHT\TRAFFIC_LIGHT\lcd\lcd.c
            lcd_print_num   0x0023de    program     extern D:\PICKIT\TRAFFIC_LIGHT\TRAFFIC_LIGHT\lcd\lcd.c
              LcdPrintNum   0x002614    program     extern D:\PICKIT\TRAFFIC_LIGHT\TRAFFIC_LIGHT\lcd\lcd.c
           LcdPrintString   0x00265c    program     extern D:\PICKIT\TRAFFIC_LIGHT\TRAFFIC_LIGHT\lcd\lcd.c
          lcd_print_charS   0x002690    program     extern D:\PICKIT\TRAFFIC_LIGHT\TRAFFIC_LIGHT\lcd\lcd.c
                LcdClearS   0x0026d6    program     extern D:\PICKIT\TRAFFIC_LIGHT\TRAFFIC_LIGHT\lcd\lcd.c
         DisplayLcdScreen   0x002734    program     extern D:\PICKIT\TRAFFIC_LIGHT\TRAFFIC_LIGHT\lcd\lcd.c
        DisplayLcdScreen2   0x00282c    program     extern D:\PICKIT\TRAFFIC_LIGHT\TRAFFIC_LIGHT\lcd\lcd.c
      DisplayLcdScreenOld   0x0028b2    program     extern D:\PICKIT\TRAFFIC_LIGHT\TRAFFIC_LIGHT\lcd\lcd.c
            LcdPrintCharS   0x00291c    program     extern D:\PICKIT\TRAFFIC_LIGHT\TRAFFIC_LIGHT\lcd\lcd.c
             LcdPrintNumS   0x002990    program     extern D:\PICKIT\TRAFFIC_LIGHT\TRAFFIC_LIGHT\lcd\lcd.c
          LcdPrintStringS   0x002bde    program     extern D:\PICKIT\TRAFFIC_LIGHT\TRAFFIC_LIGHT\lcd\lcd.c
              init_timer0   0x002c34    program     extern D:\PICKIT\TRAFFIC_LIGHT\TRAFFIC_LIGHT\timer\timer.c
              stop_timer0   0x002ce8    program     extern D:\PICKIT\TRAFFIC_LIGHT\TRAFFIC_LIGHT\timer\timer.c
             start_timer0   0x002cec    program     extern D:\PICKIT\TRAFFIC_LIGHT\TRAFFIC_LIGHT\timer\timer.c
              init_timer1   0x002d78    program     extern D:\PICKIT\TRAFFIC_LIGHT\TRAFFIC_LIGHT\timer\timer.c
             start_timer1   0x002e32    program     extern D:\PICKIT\TRAFFIC_LIGHT\TRAFFIC_LIGHT\timer\timer.c
              stop_timer1   0x002ebe    program     extern D:\PICKIT\TRAFFIC_LIGHT\TRAFFIC_LIGHT\timer\timer.c
              init_timer2   0x002ec2    program     extern D:\PICKIT\TRAFFIC_LIGHT\TRAFFIC_LIGHT\timer\timer.c
             start_timer2   0x002eee    program     extern D:\PICKIT\TRAFFIC_LIGHT\TRAFFIC_LIGHT\timer\timer.c
              stop_timer2   0x002ef6    program     extern D:\PICKIT\TRAFFIC_LIGHT\TRAFFIC_LIGHT\timer\timer.c
              init_timer3   0x002efa    program     extern D:\PICKIT\TRAFFIC_LIGHT\TRAFFIC_LIGHT\timer\timer.c
             start_timer3   0x002fb0    program     extern D:\PICKIT\TRAFFIC_LIGHT\TRAFFIC_LIGHT\timer\timer.c
              stop_timer3   0x00303c    program     extern D:\PICKIT\TRAFFIC_LIGHT\TRAFFIC_LIGHT\timer\timer.c
               timer0_isr   0x003040    program     extern D:\PICKIT\TRAFFIC_LIGHT\TRAFFIC_LIGHT\timer\timer.c
               timer1_isr   0x00305c    program     extern D:\PICKIT\TRAFFIC_LIGHT\TRAFFIC_LIGHT\timer\timer.c
               timer2_isr   0x003078    program     extern D:\PICKIT\TRAFFIC_LIGHT\TRAFFIC_LIGHT\timer\timer.c
               timer3_isr   0x003094    program     extern D:\PICKIT\TRAFFIC_LIGHT\TRAFFIC_LIGHT\timer\timer.c
             SetTimer0_ms   0x0030b0    program     extern D:\PICKIT\TRAFFIC_LIGHT\TRAFFIC_LIGHT\timer\timer.c
             SetTimer1_ms   0x0030d4    program     extern D:\PICKIT\TRAFFIC_LIGHT\TRAFFIC_LIGHT\timer\timer.c
             SetTimer2_ms   0x003112    program     extern D:\PICKIT\TRAFFIC_LIGHT\TRAFFIC_LIGHT\timer\timer.c
             SetTimer3_ms   0x003150    program     extern D:\PICKIT\TRAFFIC_LIGHT\TRAFFIC_LIGHT\timer\timer.c
[...]
                     DDRB   0x000f93       data     extern E:\3.46\pic18-lt\cxx-framework\src\traditional\proc\p18f4620.asm
                 DDRBbits   0x000f93       data     extern E:\3.46\pic18-lt\cxx-framework\src\traditional\proc\p18f4620.asm
                TRISBbits   0x000f93       data     extern E:\3.46\pic18-lt\cxx-framework\src\traditional\proc\p18f4620.asm
                 DDRCbits   0x000f94       data     extern E:\3.46\pic18-lt\cxx-framework\src\traditional\proc\p18f4620.asm
                     DDRC   0x000f94       data     extern E:\3.46\pic18-lt\cxx-framework\src\traditional\proc\p18f4620.asm
                    TRISC   0x000f94       data     extern E:\3.46\pic18-lt\cxx-framework\src\traditional\proc\p18f4620.asm
                TRISCbits   0x000f94       data     extern E:\3.46\pic18-lt\cxx-framework\src\traditional\proc\p18f4620.asm
                     DDRD   0x000f95       data     extern E:\3.46\pic18-lt\cxx-framework\src\traditional\proc\p18f4620.asm
                 DDRDbits   0x000f95       data     extern E:\3.46\pic18-lt\cxx-framework\src\traditional\proc\p18f4620.asm
                    TRISD   0x000f95       data     extern E:\3.46\pic18-lt\cxx-framework\src\traditional\proc\p18f4620.asm
                TRISDbits   0x000f95       data     extern E:\3.46\pic18-lt\cxx-framework\src\traditional\proc\p18f4620.asm
                    TRISE   0x000f96       data     extern E:\3.46\pic18-lt\cxx-framework\src\traditional\proc\p18f4620.asm
                TRISEbits   0x000f96       data     extern E:\3.46\pic18-lt\cxx-framework\src\traditional\proc\p18f4620.asm
                 DDREbits   0x000f96       data     extern E:\3.46\pic18-lt\cxx-framework\src\traditional\proc\p18f4620.asm
                     DDRE   0x000f96       data     extern E:\3.46\pic18-lt\cxx-framework\src\traditional\proc\p18f4620.asm
              OSCTUNEbits   0x000f9b       data     extern E:\3.46\pic18-lt\cxx-framework\src\traditional\proc\p18f4620.asm
                  OSCTUNE   0x000f9b       data     extern E:\3.46\pic18-lt\cxx-framework\src\traditional\proc\p18f4620.asm
                 PIE1bits   0x000f9d       data     extern E:\3.46\pic18-lt\cxx-framework\src\traditional\proc\p18f4620.asm
                     PIE1   0x000f9d       data     extern E:\3.46\pic18-lt\cxx-framework\src\traditional\proc\p18f4620.asm
                 PIR1bits   0x000f9e       data     extern E:\3.46\pic18-lt\cxx-framework\src\traditional\proc\p18f4620.asm
                     PIR1   0x000f9e       data     extern E:\3.46\pic18-lt\cxx-framework\src\traditional\proc\p18f4620.asm
                     IPR1   0x000f9f       data     extern E:\3.46\pic18-lt\cxx-framework\src\traditional\proc\p18f4620.asm
                 IPR1bits   0x000f9f       data     extern E:\3.46\pic18-lt\cxx-framework\src\traditional\proc\p18f4620.asm
                     PIE2   0x000fa0       data     extern E:\3.46\pic18-lt\cxx-framework\src\traditional\proc\p18f4620.asm
                 PIE2bits   0x000fa0       data     extern E:\3.46\pic18-lt\cxx-framework\src\traditional\proc\p18f4620.asm
                 PIR2bits   0x000fa1       data     extern E:\3.46\pic18-lt\cxx-framework\src\traditional\proc\p18f4620.asm
                     PIR2   0x000fa1       data     extern E:\3.46\pic18-lt\cxx-framework\src\traditional\proc\p18f4620.asm
                     IPR2   0x000fa2       data     extern E:\3.46\pic18-lt\cxx-framework\src\traditional\proc\p18f4620.asm
                 IPR2bits   0x000fa2       data     extern E:\3.46\pic18-lt\cxx-framework\src\traditional\proc\p18f4620.asm
                   EECON1   0x000fa6       data     extern E:\3.46\pic18-lt\cxx-framework\src\traditional\proc\p18f4620.asm
               EECON1bits   0x000fa6       data     extern E:\3.46\pic18-lt\cxx-framework\src\traditional\proc\p18f4620.asm
                   EECON2   0x000fa7       data     extern E:\3.46\pic18-lt\cxx-framework\src\traditional\proc\p18f4620.asm
                   EEDATA   0x000fa8       data     extern E:\3.46\pic18-lt\cxx-framework\src\traditional\proc\p18f4620.asm
                    EEADR   0x000fa9       data     extern E:\3.46\pic18-lt\cxx-framework\src\traditional\proc\p18f4620.asm
                   EEADRH   0x000faa       data     extern E:\3.46\pic18-lt\cxx-framework\src\traditional\proc\p18f4620.asm
                    RCSTA   0x000fab       data     extern E:\3.46\pic18-lt\cxx-framework\src\traditional\proc\p18f4620.asm
                RCSTAbits   0x000fab       data     extern E:\3.46\pic18-lt\cxx-framework\src\traditional\proc\p18f4620.asm
                    TXSTA   0x000fac       data     extern E:\3.46\pic18-lt\cxx-framework\src\traditional\proc\p18f4620.asm
                TXSTAbits   0x000fac       data     extern E:\3.46\pic18-lt\cxx-framework\src\traditional\proc\p18f4620.asm
                    TXREG   0x000fad       data     extern E:\3.46\pic18-lt\cxx-framework\src\traditional\proc\p18f4620.asm
                    RCREG   0x000fae       data     extern E:\3.46\pic18-lt\cxx-framework\src\traditional\proc\p18f4620.asm
                    SPBRG   0x000faf       data     extern E:\3.46\pic18-lt\cxx-framework\src\traditional\proc\p18f4620.asm
                   SPBRGH   0x000fb0       data     extern E:\3.46\pic18-lt\cxx-framework\src\traditional\proc\p18f4620.asm
                    T3CON   0x000fb1       data     extern E:\3.46\pic18-lt\cxx-framework\src\traditional\proc\p18f4620.asm
                T3CONbits   0x000fb1       data     extern E:\3.46\pic18-lt\cxx-framework\src\traditional\proc\p18f4620.asm
                    TMR3L   0x000fb2       data     extern E:\3.46\pic18-lt\cxx-framework\src\traditional\proc\p18f4620.asm
                    TMR3H   0x000fb3       data     extern E:\3.46\pic18-lt\cxx-framework\src\traditional\proc\p18f4620.asm
                CMCONbits   0x000fb4       data     extern E:\3.46\pic18-lt\cxx-framework\src\traditional\proc\p18f4620.asm
                    CMCON   0x000fb4       data     extern E:\3.46\pic18-lt\cxx-framework\src\traditional\proc\p18f4620.asm
               CVRCONbits   0x000fb5       data     extern E:\3.46\pic18-lt\cxx-framework\src\traditional\proc\p18f4620.asm
                   CVRCON   0x000fb5       data     extern E:\3.46\pic18-lt\cxx-framework\src\traditional\proc\p18f4620.asm
              ECCP1ASbits   0x000fb6       data     extern E:\3.46\pic18-lt\cxx-framework\src\traditional\proc\p18f4620.asm
                  ECCP1AS   0x000fb6       data     extern E:\3.46\pic18-lt\cxx-framework\src\traditional\proc\p18f4620.asm
              PWM1CONbits   0x000fb7       data     extern E:\3.46\pic18-lt\cxx-framework\src\traditional\proc\p18f4620.asm
                  PWM1CON   0x000fb7       data     extern E:\3.46\pic18-lt\cxx-framework\src\traditional\proc\p18f4620.asm
              BAUDCTLbits   0x000fb8       data     extern E:\3.46\pic18-lt\cxx-framework\src\traditional\proc\p18f4620.asm
                  BAUDCTL   0x000fb8       data     extern E:\3.46\pic18-lt\cxx-framework\src\traditional\proc\p18f4620.asm
              BAUDCONbits   0x000fb8       data     extern E:\3.46\pic18-lt\cxx-framework\src\traditional\proc\p18f4620.asm
                  BAUDCON   0x000fb8       data     extern E:\3.46\pic18-lt\cxx-framework\src\traditional\proc\p18f4620.asm
              CCP2CONbits   0x000fba       data     extern E:\3.46\pic18-lt\cxx-framework\src\traditional\proc\p18f4620.asm
                  CCP2CON   0x000fba       data     extern E:\3.46\pic18-lt\cxx-framework\src\traditional\proc\p18f4620.asm
                    CCPR2   0x000fbb       data     extern E:\3.46\pic18-lt\cxx-framework\src\traditional\proc\p18f4620.asm
                   CCPR2L   0x000fbb       data     extern E:\3.46\pic18-lt\cxx-framework\src\traditional\proc\p18f4620.asm
                   CCPR2H   0x000fbc       data     extern E:\3.46\pic18-lt\cxx-framework\src\traditional\proc\p18f4620.asm
              CCP1CONbits   0x000fbd       data     extern E:\3.46\pic18-lt\cxx-framework\src\traditional\proc\p18f4620.asm
                  CCP1CON   0x000fbd       data     extern E:\3.46\pic18-lt\cxx-framework\src\traditional\proc\p18f4620.asm
                    CCPR1   0x000fbe       data     extern E:\3.46\pic18-lt\cxx-framework\src\traditional\proc\p18f4620.asm
                   CCPR1L   0x000fbe       data     extern E:\3.46\pic18-lt\cxx-framework\src\traditional\proc\p18f4620.asm
                   CCPR1H   0x000fbf       data     extern E:\3.46\pic18-lt\cxx-framework\src\traditional\proc\p18f4620.asm
               ADCON2bits   0x000fc0       data     extern E:\3.46\pic18-lt\cxx-framework\src\traditional\proc\p18f4620.asm
                   ADCON2   0x000fc0       data     extern E:\3.46\pic18-lt\cxx-framework\src\traditional\proc\p18f4620.asm
               ADCON1bits   0x000fc1       data     extern E:\3.46\pic18-lt\cxx-framework\src\traditional\proc\p18f4620.asm
                   ADCON1   0x000fc1       data     extern E:\3.46\pic18-lt\cxx-framework\src\traditional\proc\p18f4620.asm
               ADCON0bits   0x000fc2       data     extern E:\3.46\pic18-lt\cxx-framework\src\traditional\proc\p18f4620.asm
                   ADCON0   0x000fc2       data     extern E:\3.46\pic18-lt\cxx-framework\src\traditional\proc\p18f4620.asm
                    ADRES   0x000fc3       data     extern E:\3.46\pic18-lt\cxx-framework\src\traditional\proc\p18f4620.asm
                   ADRESL   0x000fc3       data     extern E:\3.46\pic18-lt\cxx-framework\src\traditional\proc\p18f4620.asm
                   ADRESH   0x000fc4       data     extern E:\3.46\pic18-lt\cxx-framework\src\traditional\proc\p18f4620.asm
              SSPCON2bits   0x000fc5       data     extern E:\3.46\pic18-lt\cxx-framework\src\traditional\proc\p18f4620.asm
                  SSPCON2   0x000fc5       data     extern E:\3.46\pic18-lt\cxx-framework\src\traditional\proc\p18f4620.asm
              SSPCON1bits   0x000fc6       data     extern E:\3.46\pic18-lt\cxx-framework\src\traditional\proc\p18f4620.asm
                  SSPCON1   0x000fc6       data     extern E:\3.46\pic18-lt\cxx-framework\src\traditional\proc\p18f4620.asm
              SSPSTATbits   0x000fc7       data     extern E:\3.46\pic18-lt\cxx-framework\src\traditional\proc\p18f4620.asm
                  SSPSTAT   0x000fc7       data     extern E:\3.46\pic18-lt\cxx-framework\src\traditional\proc\p18f4620.asm
                   SSPADD   0x000fc8       data     extern E:\3.46\pic18-lt\cxx-framework\src\traditional\proc\p18f4620.asm
                   SSPBUF   0x000fc9       data     extern E:\3.46\pic18-lt\cxx-framework\src\traditional\proc\p18f4620.asm
                    T2CON   0x000fca       data     extern E:\3.46\pic18-lt\cxx-framework\src\traditional\proc\p18f4620.asm
                T2CONbits   0x000fca       data     extern E:\3.46\pic18-lt\cxx-framework\src\traditional\proc\p18f4620.asm
                      PR2   0x000fcb       data     extern E:\3.46\pic18-lt\cxx-framework\src\traditional\proc\p18f4620.asm
                     TMR2   0x000fcc       data     extern E:\3.46\pic18-lt\cxx-framework\src\traditional\proc\p18f4620.asm
                T1CONbits   0x000fcd       data     extern E:\3.46\pic18-lt\cxx-framework\src\traditional\proc\p18f4620.asm
                    T1CON   0x000fcd       data     extern E:\3.46\pic18-lt\cxx-framework\src\traditional\proc\p18f4620.asm
                    TMR1L   0x000fce       data     extern E:\3.46\pic18-lt\cxx-framework\src\traditional\proc\p18f4620.asm
                    TMR1H   0x000fcf       data     extern E:\3.46\pic18-lt\cxx-framework\src\traditional\proc\p18f4620.asm
                     RCON   0x000fd0       data     extern E:\3.46\pic18-lt\cxx-framework\src\traditional\proc\p18f4620.asm
                 RCONbits   0x000fd0       data     extern E:\3.46\pic18-lt\cxx-framework\src\traditional\proc\p18f4620.asm
               WDTCONbits   0x000fd1       data     extern E:\3.46\pic18-lt\cxx-framework\src\traditional\proc\p18f4620.asm
                   WDTCON   0x000fd1       data     extern E:\3.46\pic18-lt\cxx-framework\src\traditional\proc\p18f4620.asm
                  HLVDCON   0x000fd2       data     extern E:\3.46\pic18-lt\cxx-framework\src\traditional\proc\p18f4620.asm
              HLVDCONbits   0x000fd2       data     extern E:\3.46\pic18-lt\cxx-framework\src\traditional\proc\p18f4620.asm
                   LVDCON   0x000fd2       data     extern E:\3.46\pic18-lt\cxx-framework\src\traditional\proc\p18f4620.asm
               LVDCONbits   0x000fd2       data     extern E:\3.46\pic18-lt\cxx-framework\src\traditional\proc\p18f4620.asm
                   OSCCON   0x000fd3       data     extern E:\3.46\pic18-lt\cxx-framework\src\traditional\proc\p18f4620.asm
               OSCCONbits   0x000fd3       data     extern E:\3.46\pic18-lt\cxx-framework\src\traditional\proc\p18f4620.asm
                    T0CON   0x000fd5       data     extern E:\3.46\pic18-lt\cxx-framework\src\traditional\proc\p18f4620.asm
                T0CONbits   0x000fd5       data     extern E:\3.46\pic18-lt\cxx-framework\src\traditional\proc\p18f4620.asm
                    TMR0L   0x000fd6       data     extern E:\3.46\pic18-lt\cxx-framework\src\traditional\proc\p18f4620.asm
                    TMR0H   0x000fd7       data     extern E:\3.46\pic18-lt\cxx-framework\src\traditional\proc\p18f4620.asm
               STATUSbits   0x000fd8       data     extern E:\3.46\pic18-lt\cxx-framework\src\traditional\proc\p18f4620.asm
                   STATUS   0x000fd8       data     extern E:\3.46\pic18-lt\cxx-framework\src\traditional\proc\p18f4620.asm
                     FSR2   0x000fd9       data     extern E:\3.46\pic18-lt\cxx-framework\src\traditional\proc\p18f4620.asm
                    FSR2L   0x000fd9       data     extern E:\3.46\pic18-lt\cxx-framework\src\traditional\proc\p18f4620.asm
                    FSR2H   0x000fda       data     extern E:\3.46\pic18-lt\cxx-framework\src\traditional\proc\p18f4620.asm
                   PLUSW2   0x000fdb       data     extern E:\3.46\pic18-lt\cxx-framework\src\traditional\proc\p18f4620.asm
                  PREINC2   0x000fdc       data     extern E:\3.46\pic18-lt\cxx-framework\src\traditional\proc\p18f4620.asm
                 POSTDEC2   0x000fdd       data     extern E:\3.46\pic18-lt\cxx-framework\src\traditional\proc\p18f4620.asm
                 POSTINC2   0x000fde       data     extern E:\3.46\pic18-lt\cxx-framework\src\traditional\proc\p18f4620.asm
                    INDF2   0x000fdf       data     extern E:\3.46\pic18-lt\cxx-framework\src\traditional\proc\p18f4620.asm
                      BSR   0x000fe0       data     extern E:\3.46\pic18-lt\cxx-framework\src\traditional\proc\p18f4620.asm
                     FSR1   0x000fe1       data     extern E:\3.46\pic18-lt\cxx-framework\src\traditional\proc\p18f4620.asm
                    FSR1L   0x000fe1       data     extern E:\3.46\pic18-lt\cxx-framework\src\traditional\proc\p18f4620.asm
                    FSR1H   0x000fe2       data     extern E:\3.46\pic18-lt\cxx-framework\src\traditional\proc\p18f4620.asm
                   PLUSW1   0x000fe3       data     extern E:\3.46\pic18-lt\cxx-framework\src\traditional\proc\p18f4620.asm
                  PREINC1   0x000fe4       data     extern E:\3.46\pic18-lt\cxx-framework\src\traditional\proc\p18f4620.asm
                 POSTDEC1   0x000fe5       data     extern E:\3.46\pic18-lt\cxx-framework\src\traditional\proc\p18f4620.asm
                 POSTINC1   0x000fe6       data     extern E:\3.46\pic18-lt\cxx-framework\src\traditional\proc\p18f4620.asm
                    INDF1   0x000fe7       data     extern E:\3.46\pic18-lt\cxx-framework\src\traditional\proc\p18f4620.asm
                     WREG   0x000fe8       data     extern E:\3.46\pic18-lt\cxx-framework\src\traditional\proc\p18f4620.asm
                        W   0x000fe8       data     extern E:\3.46\pic18-lt\cxx-framework\src\traditional\proc\p18f4620.asm
                    FSR0L   0x000fe9       data     extern E:\3.46\pic18-lt\cxx-framework\src\traditional\proc\p18f4620.asm
                     FSR0   0x000fe9       data     extern E:\3.46\pic18-lt\cxx-framework\src\traditional\proc\p18f4620.asm
                    FSR0H   0x000fea       data     extern E:\3.46\pic18-lt\cxx-framework\src\traditional\proc\p18f4620.asm
                   PLUSW0   0x000feb       data     extern E:\3.46\pic18-lt\cxx-framework\src\traditional\proc\p18f4620.asm
                  PREINC0   0x000fec       data     extern E:\3.46\pic18-lt\cxx-framework\src\traditional\proc\p18f4620.asm
                 POSTDEC0   0x000fed       data     extern E:\3.46\pic18-lt\cxx-framework\src\traditional\proc\p18f4620.asm
                 POSTINC0   0x000fee       data     extern E:\3.46\pic18-lt\cxx-framework\src\traditional\proc\p18f4620.asm
                    INDF0   0x000fef       data     extern E:\3.46\pic18-lt\cxx-framework\src\traditional\proc\p18f4620.asm
                  INTCON3   0x000ff0       data     extern E:\3.46\pic18-lt\cxx-framework\src\traditional\proc\p18f4620.asm
              INTCON3bits   0x000ff0       data     extern E:\3.46\pic18-lt\cxx-framework\src\traditional\proc\p18f4620.asm
              INTCON2bits   0x000ff1       data     extern E:\3.46\pic18-lt\cxx-framework\src\traditional\proc\p18f4620.asm
                  INTCON2   0x000ff1       data     extern E:\3.46\pic18-lt\cxx-framework\src\traditional\proc\p18f4620.asm
                   INTCON   0x000ff2       data     extern E:\3.46\pic18-lt\cxx-framework\src\traditional\proc\p18f4620.asm
               INTCONbits   0x000ff2       data     extern E:\3.46\pic18-lt\cxx-framework\src\traditional\proc\p18f4620.asm
                     PROD   0x000ff3       data     extern E:\3.46\pic18-lt\cxx-framework\src\traditional\proc\p18f4620.asm
                    PRODL   0x000ff3       data     extern E:\3.46\pic18-lt\cxx-framework\src\traditional\proc\p18f4620.asm
                    PRODH   0x000ff4       data     extern E:\3.46\pic18-lt\cxx-framework\src\traditional\proc\p18f4620.asm
                   TABLAT   0x000ff5       data     extern E:\3.46\pic18-lt\cxx-framework\src\traditional\proc\p18f4620.asm
                  TBLPTRL   0x000ff6       data     extern E:\3.46\pic18-lt\cxx-framework\src\traditional\proc\p18f4620.asm
                   TBLPTR   0x000ff6       data     extern E:\3.46\pic18-lt\cxx-framework\src\traditional\proc\p18f4620.asm
                  TBLPTRH   0x000ff7       data     extern E:\3.46\pic18-lt\cxx-framework\src\traditional\proc\p18f4620.asm
                  TBLPTRU   0x000ff8       data     extern E:\3.46\pic18-lt\cxx-framework\src\traditional\proc\p18f4620.asm
                      PCL   0x000ff9       data     extern E:\3.46\pic18-lt\cxx-framework\src\traditional\proc\p18f4620.asm
                       PC   0x000ff9       data     extern E:\3.46\pic18-lt\cxx-framework\src\traditional\proc\p18f4620.asm
                   PCLATH   0x000ffa       data     extern E:\3.46\pic18-lt\cxx-framework\src\traditional\proc\p18f4620.asm
                   PCLATU   0x000ffb       data     extern E:\3.46\pic18-lt\cxx-framework\src\traditional\proc\p18f4620.asm
               STKPTRbits   0x000ffc       data     extern E:\3.46\pic18-lt\cxx-framework\src\traditional\proc\p18f4620.asm
                   STKPTR   0x000ffc       data     extern E:\3.46\pic18-lt\cxx-framework\src\traditional\proc\p18f4620.asm
                      TOS   0x000ffd       data     extern E:\3.46\pic18-lt\cxx-framework\src\traditional\proc\p18f4620.asm
                     TOSL   0x000ffd       data     extern E:\3.46\pic18-lt\cxx-framework\src\traditional\proc\p18f4620.asm
                     TOSH   0x000ffe       data     extern E:\3.46\pic18-lt\cxx-framework\src\traditional\proc\p18f4620.asm
                     TOSU   0x000fff       data     extern E:\3.46\pic18-lt\cxx-framework\src\traditional\proc\p18f4620.asm


